Archive member included to satisfy reference by file (symbol)

/usr/lib/gcc/arm-none-eabi/10.3.1/thumb/v6-m/nofp/libgcc.a(_dvmd_tls.o)
                              CMakeFiles/my_project.dir/home/akshat/Pico_Programming/pico-sdk/src/rp2_common/pico_divider/divider_hardware.S.o (__aeabi_idiv0)
/usr/lib/gcc/arm-none-eabi/10.3.1/../../../arm-none-eabi/lib/thumb/v6-m/nofp/libg.a(lib_a-atexit.o)
                              /usr/lib/gcc/arm-none-eabi/10.3.1/../../../arm-none-eabi/lib/thumb/v6-m/nofp/crt0.o (atexit)
/usr/lib/gcc/arm-none-eabi/10.3.1/../../../arm-none-eabi/lib/thumb/v6-m/nofp/libg.a(lib_a-calloc.o)
                              CMakeFiles/my_project.dir/home/akshat/Pico_Programming/pico-sdk/src/rp2_common/pico_malloc/malloc.c.o (calloc)
/usr/lib/gcc/arm-none-eabi/10.3.1/../../../arm-none-eabi/lib/thumb/v6-m/nofp/libg.a(lib_a-callocr.o)
                              /usr/lib/gcc/arm-none-eabi/10.3.1/../../../arm-none-eabi/lib/thumb/v6-m/nofp/libg.a(lib_a-calloc.o) (_calloc_r)
/usr/lib/gcc/arm-none-eabi/10.3.1/../../../arm-none-eabi/lib/thumb/v6-m/nofp/libg.a(lib_a-fini.o)
                              /usr/lib/gcc/arm-none-eabi/10.3.1/../../../arm-none-eabi/lib/thumb/v6-m/nofp/crt0.o (__libc_fini_array)
/usr/lib/gcc/arm-none-eabi/10.3.1/../../../arm-none-eabi/lib/thumb/v6-m/nofp/libg.a(lib_a-impure.o)
                              /usr/lib/gcc/arm-none-eabi/10.3.1/../../../arm-none-eabi/lib/thumb/v6-m/nofp/libg.a(lib_a-calloc.o) (_impure_ptr)
/usr/lib/gcc/arm-none-eabi/10.3.1/../../../arm-none-eabi/lib/thumb/v6-m/nofp/libg.a(lib_a-init.o)
                              /usr/lib/gcc/arm-none-eabi/10.3.1/../../../arm-none-eabi/lib/thumb/v6-m/nofp/crt0.o (__libc_init_array)
/usr/lib/gcc/arm-none-eabi/10.3.1/../../../arm-none-eabi/lib/thumb/v6-m/nofp/libg.a(lib_a-lcltime_r.o)
                              CMakeFiles/my_project.dir/home/akshat/Pico_Programming/pico-sdk/src/common/pico_util/datetime.c.o (localtime_r)
/usr/lib/gcc/arm-none-eabi/10.3.1/../../../arm-none-eabi/lib/thumb/v6-m/nofp/libg.a(lib_a-malloc.o)
                              CMakeFiles/my_project.dir/home/akshat/Pico_Programming/pico-sdk/src/rp2_common/pico_malloc/malloc.c.o (malloc)
/usr/lib/gcc/arm-none-eabi/10.3.1/../../../arm-none-eabi/lib/thumb/v6-m/nofp/libg.a(lib_a-mallocr.o)
                              /usr/lib/gcc/arm-none-eabi/10.3.1/../../../arm-none-eabi/lib/thumb/v6-m/nofp/libg.a(lib_a-callocr.o) (_malloc_r)
/usr/lib/gcc/arm-none-eabi/10.3.1/../../../arm-none-eabi/lib/thumb/v6-m/nofp/libg.a(lib_a-memcmp.o)
                              CMakeFiles/my_project.dir/home/akshat/Pico_Programming/pico-sdk/src/rp2_common/pico_atomic/atomic.c.o (memcmp)
/usr/lib/gcc/arm-none-eabi/10.3.1/../../../arm-none-eabi/lib/thumb/v6-m/nofp/libg.a(lib_a-mktime.o)
                              CMakeFiles/my_project.dir/home/akshat/Pico_Programming/pico-sdk/src/common/pico_util/datetime.c.o (mktime)
/usr/lib/gcc/arm-none-eabi/10.3.1/../../../arm-none-eabi/lib/thumb/v6-m/nofp/libg.a(lib_a-mlock.o)
                              /usr/lib/gcc/arm-none-eabi/10.3.1/../../../arm-none-eabi/lib/thumb/v6-m/nofp/libg.a(lib_a-mallocr.o) (__malloc_lock)
/usr/lib/gcc/arm-none-eabi/10.3.1/../../../arm-none-eabi/lib/thumb/v6-m/nofp/libg.a(lib_a-month_lengths.o)
                              /usr/lib/gcc/arm-none-eabi/10.3.1/../../../arm-none-eabi/lib/thumb/v6-m/nofp/libg.a(lib_a-lcltime_r.o) (__month_lengths)
/usr/lib/gcc/arm-none-eabi/10.3.1/../../../arm-none-eabi/lib/thumb/v6-m/nofp/libg.a(lib_a-realloc.o)
                              CMakeFiles/my_project.dir/home/akshat/Pico_Programming/pico-sdk/src/rp2_common/pico_malloc/malloc.c.o (realloc)
/usr/lib/gcc/arm-none-eabi/10.3.1/../../../arm-none-eabi/lib/thumb/v6-m/nofp/libg.a(lib_a-reallocr.o)
                              /usr/lib/gcc/arm-none-eabi/10.3.1/../../../arm-none-eabi/lib/thumb/v6-m/nofp/libg.a(lib_a-realloc.o) (_realloc_r)
/usr/lib/gcc/arm-none-eabi/10.3.1/../../../arm-none-eabi/lib/thumb/v6-m/nofp/libg.a(lib_a-sbrkr.o)
                              /usr/lib/gcc/arm-none-eabi/10.3.1/../../../arm-none-eabi/lib/thumb/v6-m/nofp/libg.a(lib_a-mallocr.o) (_sbrk_r)
/usr/lib/gcc/arm-none-eabi/10.3.1/../../../arm-none-eabi/lib/thumb/v6-m/nofp/libg.a(lib_a-strlen-stub.o)
                              CMakeFiles/my_project.dir/home/akshat/Pico_Programming/pico-sdk/src/rp2_common/pico_stdio/stdio.c.o (strlen)
/usr/lib/gcc/arm-none-eabi/10.3.1/../../../arm-none-eabi/lib/thumb/v6-m/nofp/libg.a(lib_a-tzcalc_limits.o)
                              /usr/lib/gcc/arm-none-eabi/10.3.1/../../../arm-none-eabi/lib/thumb/v6-m/nofp/libg.a(lib_a-lcltime_r.o) (__tzcalc_limits)
/usr/lib/gcc/arm-none-eabi/10.3.1/../../../arm-none-eabi/lib/thumb/v6-m/nofp/libg.a(lib_a-tzlock.o)
                              /usr/lib/gcc/arm-none-eabi/10.3.1/../../../arm-none-eabi/lib/thumb/v6-m/nofp/libg.a(lib_a-lcltime_r.o) (__tz_lock)
/usr/lib/gcc/arm-none-eabi/10.3.1/../../../arm-none-eabi/lib/thumb/v6-m/nofp/libg.a(lib_a-tzset.o)
[...]
Memory Configuration

Name             Origin             Length             Attributes
FLASH            0x0000000010000000 0x0000000000200000 xr
RAM              0x0000000020000000 0x0000000000040000 xrw
SCRATCH_X        0x0000000020040000 0x0000000000001000 xrw
SCRATCH_Y        0x0000000020041000 0x0000000000001000 xrw
*default*        0x0000000000000000 0xffffffffffffffff

Linker script and memory map

LOAD /usr/lib/gcc/arm-none-eabi/10.3.1/thumb/v6-m/nofp/crti.o
LOAD /usr/lib/gcc/arm-none-eabi/10.3.1/thumb/v6-m/nofp/crtbegin.o
LOAD /usr/lib/gcc/arm-none-eabi/10.3.1/../../../arm-none-eabi/lib/thumb/v6-m/nofp/crt0.o

.flash_begin    0x0000000010000000        0x0
                0x0000000010000000                __flash_binary_start = .

.boot2          0x0000000010000000      0x100
                0x0000000010000000                __boot2_start__ = .
 *(.boot2)
 .boot2         0x0000000010000000      0x100 pico-sdk/src/rp2040/boot_stage2/CMakeFiles/bs2_default_library.dir/bs2_default_padded_checksummed.S.o
                0x0000000010000100                __boot2_end__ = .
                0x0000000000000001                ASSERT (((__boot2_end__ - __boot2_start__) == 0x100), ERROR: Pico second stage bootloader must be 256 bytes in size)

.text           0x0000000010000100     0x4544
                0x0000000010000100                __logical_binary_start = .
 *(.vectors)
 .vectors       0x0000000010000100       0xd4 CMakeFiles/my_project.dir/home/akshat/Pico_Programming/pico-sdk/src/rp2_common/pico_crt0/crt0.S.o
                0x0000000010000100                __vectors
                0x0000000010000100                __VECTOR_TABLE
                0x00000000100001c0                isr_irq30
                0x00000000100001c0                __unhandled_user_irq
                0x00000000100001c0                isr_irq13
                0x00000000100001c0                isr_irq27
                0x00000000100001c0                isr_irq31
                0x00000000100001c0                isr_irq5
                0x00000000100001c0                isr_irq11
                0x00000000100001c0                isr_irq23
                0x00000000100001c0                isr_irq18
                0x00000000100001c0                isr_irq28
                0x00000000100001c0                isr_irq19
                0x00000000100001c0                isr_irq0
                0x00000000100001c0                isr_irq6
                0x00000000100001c0                isr_irq22
                0x00000000100001c0                isr_irq17
                0x00000000100001c0                isr_irq14
                0x00000000100001c0                __vectors_end
                0x00000000100001c0                __default_isrs_start
                0x00000000100001c0                isr_irq2
                0x00000000100001c0                isr_irq10
                0x00000000100001c0                isr_irq8
                0x00000000100001c0                isr_irq24
                0x00000000100001c0                isr_irq1
                0x00000000100001c0                isr_irq7
                0x00000000100001c0                isr_irq21
                0x00000000100001c0                isr_irq20
                0x00000000100001c0                isr_irq15
                0x00000000100001c0                isr_irq25
                0x00000000100001c0                isr_irq4
                0x00000000100001c0                isr_irq16
                0x00000000100001c0                isr_irq29
                0x00000000100001c0                isr_irq26
                0x00000000100001c0                isr_irq3
                0x00000000100001c0                isr_irq12
                0x00000000100001c0                isr_irq9
                0x00000000100001c6                unhandled_user_irq_num_in_r0
                0x00000000100001c8                isr_invalid
                0x00000000100001ca                isr_nmi
                0x00000000100001cc                isr_hardfault
                0x00000000100001ce                isr_svcall
                0x00000000100001d0                isr_pendsv
                0x00000000100001d2                isr_systick
                0x00000000100001d4                __default_isrs_end
 *(.binary_info_header)
 .binary_info_header
                0x00000000100001d4       0x14 CMakeFiles/my_project.dir/home/akshat/Pico_Programming/pico-sdk/src/rp2_common/pico_crt0/crt0.S.o
                0x00000000100001e8                __binary_info_header_end = .
 *(.embedded_block)
                0x00000000100001e8                __embedded_block_end = .
 *(.reset)
 .reset         0x00000000100001e8       0x9c CMakeFiles/my_project.dir/home/akshat/Pico_Programming/pico-sdk/src/rp2_common/pico_crt0/crt0.S.o
                0x00000000100001e8                _entry_point
 *(.init)
 .init          0x0000000010000284        0x4 /usr/lib/gcc/arm-none-eabi/10.3.1/thumb/v6-m/nofp/crti.o
                0x0000000010000284                _init
 *(EXCLUDE_FILE(*libm.a: *libc.a:*lib_a-mem*.o *libgcc.a:) .text*)
 .text          0x0000000010000288       0x98 /usr/lib/gcc/arm-none-eabi/10.3.1/thumb/v6-m/nofp/crtbegin.o
 .text.startup.main
                0x0000000010000320       0x1c CMakeFiles/my_project.dir/main.c.o
                0x0000000010000320                main
 .text.rp2040_chip_version
                0x000000001000033c        0xc CMakeFiles/my_project.dir/home/akshat/Pico_Programming/pico-sdk/src/rp2040/pico_platform/platform.c.o
                0x000000001000033c                rp2040_chip_version
 .text.panic    0x0000000010000348       0x30 CMakeFiles/my_project.dir/home/akshat/Pico_Programming/pico-sdk/src/rp2_common/pico_platform_panic/panic.c.o
                0x0000000010000348                panic
 .text.hw_claim_or_assert
                0x0000000010000378       0x44 CMakeFiles/my_project.dir/home/akshat/Pico_Programming/pico-sdk/src/common/hardware_claim/claim.c.o
                0x0000000010000378                hw_claim_or_assert
 .text.hw_claim_unused_from_range
                0x00000000100003bc       0x9c CMakeFiles/my_project.dir/home/akshat/Pico_Programming/pico-sdk/src/common/hardware_claim/claim.c.o
                0x00000000100003bc                hw_claim_unused_from_range
 .text.next_striped_spin_lock_num
                0x0000000010000458       0x18 CMakeFiles/my_project.dir/home/akshat/Pico_Programming/pico-sdk/src/rp2_common/hardware_sync/sync.c.o
                0x0000000010000458                next_striped_spin_lock_num
 .text.spin_lock_claim_unused
                0x0000000010000470       0x20 CMakeFiles/my_project.dir/home/akshat/Pico_Programming/pico-sdk/src/rp2_common/hardware_sync/sync.c.o
                0x0000000010000470                spin_lock_claim_unused
 .text.spin_locks_reset
                0x0000000010000490       0x1c CMakeFiles/my_project.dir/home/akshat/Pico_Programming/pico-sdk/src/rp2_common/hardware_sync_spin_lock/sync_spin_lock.c.o
                0x0000000010000490                spin_locks_reset
 .text.runtime_init_per_core_irq_priorities
                0x00000000100004ac       0x24 CMakeFiles/my_project.dir/home/akshat/Pico_Programming/pico-sdk/src/rp2_common/hardware_irq/irq.c.o
                0x00000000100004ac                runtime_init_per_core_irq_priorities
 .text.irq_set_enabled
                0x00000000100004d0       0x24 CMakeFiles/my_project.dir/home/akshat/Pico_Programming/pico-sdk/src/rp2_common/hardware_irq/irq.c.o
                0x00000000100004d0                irq_set_enabled
 .text.irq_is_enabled
                0x00000000100004f4       0x18 CMakeFiles/my_project.dir/home/akshat/Pico_Programming/pico-sdk/src/rp2_common/hardware_irq/irq.c.o
                0x00000000100004f4                irq_is_enabled
 .text.irq_set_pending
                0x000000001000050c       0x10 CMakeFiles/my_project.dir/home/akshat/Pico_Programming/pico-sdk/src/rp2_common/hardware_irq/irq.c.o
                0x000000001000050c                irq_set_pending
 .text.irq_has_shared_handler
                0x000000001000051c       0x24 CMakeFiles/my_project.dir/home/akshat/Pico_Programming/pico-sdk/src/rp2_common/hardware_irq/irq.c.o
                0x000000001000051c                irq_has_shared_handler
 .text.irq_set_exclusive_handler
                0x0000000010000540       0x54 CMakeFiles/my_project.dir/home/akshat/Pico_Programming/pico-sdk/src/rp2_common/hardware_irq/irq.c.o
                0x0000000010000540                irq_set_exclusive_handler
 .text.irq_add_shared_handler
                0x0000000010000594      0x1e8 CMakeFiles/my_project.dir/home/akshat/Pico_Programming/pico-sdk/src/rp2_common/hardware_irq/irq.c.o
                0x0000000010000594                irq_add_shared_handler
 .text.irq_add_tail_to_free_list
                0x000000001000077c       0xb4 CMakeFiles/my_project.dir/home/akshat/Pico_Programming/pico-sdk/src/rp2_common/hardware_irq/irq.c.o
                0x000000001000077c                irq_add_tail_to_free_list
 .text.user_irq_claim_unused
                0x0000000010000830       0x28 CMakeFiles/my_project.dir/home/akshat/Pico_Programming/pico-sdk/src/rp2_common/hardware_irq/irq.c.o
                0x0000000010000830                user_irq_claim_unused
 .text.lock_init
                0x0000000010000858       0x10 CMakeFiles/my_project.dir/home/akshat/Pico_Programming/pico-sdk/src/common/pico_sync/lock_core.c.o
                0x0000000010000858                lock_init
 .text.runtime_init_mutex
                0x0000000010000868       0x58 CMakeFiles/my_project.dir/home/akshat/Pico_Programming/pico-sdk/src/common/pico_sync/mutex.c.o
                0x0000000010000868                runtime_init_mutex
 .text.mutex_init
                0x00000000100008c0       0x1c CMakeFiles/my_project.dir/home/akshat/Pico_Programming/pico-sdk/src/common/pico_sync/mutex.c.o
                0x00000000100008c0                mutex_init
 .text.critical_section_init
                0x00000000100008dc       0x20 CMakeFiles/my_project.dir/home/akshat/Pico_Programming/pico-sdk/src/common/pico_sync/critical_section.c.o
                0x00000000100008dc                critical_section_init
 .text.critical_section_init_with_lock_num
                0x00000000100008fc       0x14 CMakeFiles/my_project.dir/home/akshat/Pico_Programming/pico-sdk/src/common/pico_sync/critical_section.c.o
                0x00000000100008fc                critical_section_init_with_lock_num
 .text.sleep_until_callback
                0x0000000010000910       0x30 CMakeFiles/my_project.dir/home/akshat/Pico_Programming/pico-sdk/src/common/pico_time/time.c.o
 .text.alarm_pool_irq_handler
                0x0000000010000940      0x308 CMakeFiles/my_project.dir/home/akshat/Pico_Programming/pico-sdk/src/common/pico_time/time.c.o
 .text.runtime_init_default_alarm_pool
                0x0000000010000c48       0xdc CMakeFiles/my_project.dir/home/akshat/Pico_Programming/pico-sdk/src/common/pico_time/time.c.o
                0x0000000010000c48                runtime_init_default_alarm_pool
 .text.alarm_pool_get_default
                0x0000000010000d24        0x8 CMakeFiles/my_project.dir/home/akshat/Pico_Programming/pico-sdk/src/common/pico_time/time.c.o
                0x0000000010000d24                alarm_pool_get_default
 .text.alarm_pool_add_alarm_at
                0x0000000010000d2c       0xc8 CMakeFiles/my_project.dir/home/akshat/Pico_Programming/pico-sdk/src/common/pico_time/time.c.o
                0x0000000010000d2c                alarm_pool_add_alarm_at
 .text.alarm_pool_add_alarm_at_force_in_context
                0x0000000010000df4       0xb0 CMakeFiles/my_project.dir/home/akshat/Pico_Programming/pico-sdk/src/common/pico_time/time.c.o
                0x0000000010000df4                alarm_pool_add_alarm_at_force_in_context
 .text.alarm_pool_cancel_alarm
                0x0000000010000ea4       0x7c CMakeFiles/my_project.dir/home/akshat/Pico_Programming/pico-sdk/src/common/pico_time/time.c.o
                0x0000000010000ea4                alarm_pool_cancel_alarm
 .text.alarm_pool_core_num
                0x0000000010000f20        0x4 CMakeFiles/my_project.dir/home/akshat/Pico_Programming/pico-sdk/src/common/pico_time/time.c.o
                0x0000000010000f20                alarm_pool_core_num
 .text.sleep_until
                0x0000000010000f24       0xd0 CMakeFiles/my_project.dir/home/akshat/Pico_Programming/pico-sdk/src/common/pico_time/time.c.o
                0x0000000010000f24                sleep_until
 .text.sleep_ms
                0x0000000010000ff4       0x34 CMakeFiles/my_project.dir/home/akshat/Pico_Programming/pico-sdk/src/common/pico_time/time.c.o
                0x0000000010000ff4                sleep_ms
 .text.best_effort_wfe_or_timeout
                0x0000000010001028       0xfc CMakeFiles/my_project.dir/home/akshat/Pico_Programming/pico-sdk/src/common/pico_time/time.c.o
                0x0000000010001028                best_effort_wfe_or_timeout
 .text.timer_hardware_alarm_claim
                0x0000000010001124       0x14 CMakeFiles/my_project.dir/home/akshat/Pico_Programming/pico-sdk/src/rp2_common/hardware_timer/timer.c.o
                0x0000000010001124                timer_hardware_alarm_claim
 .text.timer_time_us_64
                0x0000000010001138       0x10 CMakeFiles/my_project.dir/home/akshat/Pico_Programming/pico-sdk/src/rp2_common/hardware_timer/timer.c.o
                0x0000000010001138                timer_time_us_64
 .text.time_us_64
                0x0000000010001148       0x14 CMakeFiles/my_project.dir/home/akshat/Pico_Programming/pico-sdk/src/rp2_common/hardware_timer/timer.c.o
                0x0000000010001148                time_us_64
 .text.busy_wait_until
                0x000000001000115c       0x20 CMakeFiles/my_project.dir/home/akshat/Pico_Programming/pico-sdk/src/rp2_common/hardware_timer/timer.c.o
                0x000000001000115c                busy_wait_until
 .text.clock_configure_int_divider
                0x000000001000117c       0xf4 CMakeFiles/my_project.dir/home/akshat/Pico_Programming/pico-sdk/src/rp2_common/hardware_clocks/clocks.c.o
                0x000000001000117c                clock_configure_int_divider
 .text.clock_configure_undivided
                0x0000000010001270       0xe8 CMakeFiles/my_project.dir/home/akshat/Pico_Programming/pico-sdk/src/rp2_common/hardware_clocks/clocks.c.o
                0x0000000010001270                clock_configure_undivided
 .text.clock_get_hz
                0x0000000010001358        0xc CMakeFiles/my_project.dir/home/akshat/Pico_Programming/pico-sdk/src/rp2_common/hardware_clocks/clocks.c.o
                0x0000000010001358                clock_get_hz
 .text.pll_init
                0x0000000010001364       0xa0 CMakeFiles/my_project.dir/home/akshat/Pico_Programming/pico-sdk/src/rp2_common/hardware_pll/pll.c.o
                0x0000000010001364                pll_init
 .text.watchdog_reboot
                0x0000000010001404       0x98 CMakeFiles/my_project.dir/home/akshat/Pico_Programming/pico-sdk/src/rp2_common/hardware_watchdog/watchdog.c.o
                0x0000000010001404                watchdog_reboot
 .text.tick_start
                0x000000001000149c       0x10 CMakeFiles/my_project.dir/home/akshat/Pico_Programming/pico-sdk/src/rp2_common/hardware_ticks/ticks.c.o
                0x000000001000149c                tick_start
 .text.rom_func_lookup
                0x00000000100014ac       0x10 CMakeFiles/my_project.dir/home/akshat/Pico_Programming/pico-sdk/src/rp2_common/pico_bootrom/bootrom.c.o
                0x00000000100014ac                rom_func_lookup
 .text.rom_data_lookup
                0x00000000100014bc       0x10 CMakeFiles/my_project.dir/home/akshat/Pico_Programming/pico-sdk/src/rp2_common/pico_bootrom/bootrom.c.o
                0x00000000100014bc                rom_data_lookup
 .text.rom_funcs_lookup
                0x00000000100014cc       0x44 CMakeFiles/my_project.dir/home/akshat/Pico_Programming/pico-sdk/src/rp2_common/pico_bootrom/bootrom.c.o
                0x00000000100014cc                rom_funcs_lookup
 .text.rom_reset_usb_boot_extra
                0x0000000010001510       0x28 CMakeFiles/my_project.dir/home/akshat/Pico_Programming/pico-sdk/src/rp2_common/pico_bootrom/bootrom.c.o
                0x0000000010001510                rom_reset_usb_boot_extra
 .text.xosc_init
                0x0000000010001538       0x28 CMakeFiles/my_project.dir/home/akshat/Pico_Programming/pico-sdk/src/rp2_common/hardware_xosc/xosc.c.o
                0x0000000010001538                xosc_init
 .text.first_per_core_initializer
                0x0000000010001560        0x4 CMakeFiles/my_project.dir/home/akshat/Pico_Programming/pico-sdk/src/rp2_common/pico_runtime/runtime.c.o
 .text.hard_assertion_failure
                0x0000000010001564        0xc CMakeFiles/my_project.dir/home/akshat/Pico_Programming/pico-sdk/src/rp2_common/pico_runtime/runtime.c.o
                0x0000000010001564                hard_assertion_failure
 .text.runtime_run_initializers
                0x0000000010001570       0x28 CMakeFiles/my_project.dir/home/akshat/Pico_Programming/pico-sdk/src/rp2_common/pico_runtime/runtime.c.o
                0x0000000010001570                runtime_run_initializers
 .text.runtime_init_early_resets
                0x0000000010001598       0x2c CMakeFiles/my_project.dir/home/akshat/Pico_Programming/pico-sdk/src/rp2_common/pico_runtime_init/runtime_init.c.o
                0x0000000010001598                runtime_init_early_resets
 .text.runtime_init_usb_power_down
                0x00000000100015c4       0x1c CMakeFiles/my_project.dir/home/akshat/Pico_Programming/pico-sdk/src/rp2_common/pico_runtime_init/runtime_init.c.o
                0x00000000100015c4                runtime_init_usb_power_down
 .text.runtime_init_post_clock_resets
                0x00000000100015e0       0x20 CMakeFiles/my_project.dir/home/akshat/Pico_Programming/pico-sdk/src/rp2_common/pico_runtime_init/runtime_init.c.o
                0x00000000100015e0                runtime_init_post_clock_resets
 .text.runtime_init_rp2040_gpio_ie_disable
                0x0000000010001600       0x14 CMakeFiles/my_project.dir/home/akshat/Pico_Programming/pico-sdk/src/rp2_common/pico_runtime_init/runtime_init.c.o
                0x0000000010001600                runtime_init_rp2040_gpio_ie_disable
 .text.runtime_init_spin_locks_reset
                0x0000000010001614        0x8 CMakeFiles/my_project.dir/home/akshat/Pico_Programming/pico-sdk/src/rp2_common/pico_runtime_init/runtime_init.c.o
                0x0000000010001614                runtime_init_spin_locks_reset
 .text.runtime_init_install_ram_vector_table
                0x000000001000161c       0xcc CMakeFiles/my_project.dir/home/akshat/Pico_Programming/pico-sdk/src/rp2_common/pico_runtime_init/runtime_init.c.o
                0x000000001000161c                runtime_init_install_ram_vector_table
 .text.runtime_init_clocks
                0x00000000100016e8       0xd8 CMakeFiles/my_project.dir/home/akshat/Pico_Programming/pico-sdk/src/rp2_common/pico_runtime_init/runtime_init_clocks.c.o
                0x00000000100016e8                runtime_init_clocks
 .text          0x00000000100017c0       0x10 CMakeFiles/my_project.dir/home/akshat/Pico_Programming/pico-sdk/src/rp2_common/pico_bit_ops/bit_ops_aeabi.S.o
 .text.__wrap___aeabi_uidiv
                0x00000000100017d0       0x4c CMakeFiles/my_project.dir/home/akshat/Pico_Programming/pico-sdk/src/rp2_common/pico_divider/divider_hardware.S.o
                0x00000000100017d0                __wrap___aeabi_uidiv
                0x00000000100017d0                __wrap___aeabi_uidivmod
                0x00000000100017d0                div_u32u32
                0x00000000100017d0                divmod_u32u32
                0x00000000100017d8                divmod_u32u32_unsafe
                0x0000000010001800                divmod_u32u32_savestate
 .text.__aeabi_double_init
                0x000000001000181c       0xa0 CMakeFiles/my_project.dir/home/akshat/Pico_Programming/pico-sdk/src/rp2_common/pico_double/double_init_rom_rp2040.c.o
                0x000000001000181c                __aeabi_double_init
 .text.double_table_shim_on_use_helper
                0x00000000100018bc       0x2c CMakeFiles/my_project.dir/home/akshat/Pico_Programming/pico-sdk/src/rp2_common/pico_double/double_v1_rom_shim_rp2040.S.o
                0x00000000100018bc                double_table_shim_on_use_helper
 .text.__aeabi_lmul
                0x00000000100018e8       0x32 CMakeFiles/my_project.dir/home/akshat/Pico_Programming/pico-sdk/src/rp2_common/pico_int64_ops/pico_int64_ops_aeabi.S.o
                0x00000000100018e8                __wrap___aeabi_lmul
 *fill*         0x000000001000191a        0x2 
 .text.__aeabi_float_init
                0x000000001000191c       0x64 CMakeFiles/my_project.dir/home/akshat/Pico_Programming/pico-sdk/src/rp2_common/pico_float/float_init_rom_rp2040.c.o
                0x000000001000191c                __aeabi_float_init
 .text.float_table_shim_on_use_helper
                0x0000000010001980       0x2c CMakeFiles/my_project.dir/home/akshat/Pico_Programming/pico-sdk/src/rp2_common/pico_float/float_v1_rom_shim_rp2040.S.o
                0x0000000010001980                float_table_shim_on_use_helper
 .text          0x00000000100019ac       0x10 CMakeFiles/my_project.dir/home/akshat/Pico_Programming/pico-sdk/src/rp2_common/pico_mem_ops/mem_ops_aeabi.S.o
                0x00000000100019ac                __aeabi_mem_init
 .text.memset   0x00000000100019bc        0xc CMakeFiles/my_project.dir/home/akshat/Pico_Programming/pico-sdk/src/rp2_common/pico_mem_ops/mem_ops_aeabi.S.o
                0x00000000100019bc                __wrap_memset
 .text.memcpy   0x00000000100019c8        0xc CMakeFiles/my_project.dir/home/akshat/Pico_Programming/pico-sdk/src/rp2_common/pico_mem_ops/mem_ops_aeabi.S.o
                0x00000000100019c8                __wrap___aeabi_memcpy
                0x00000000100019c8                __wrap_memcpy
 .text._out_char
                0x00000000100019d4       0x10 CMakeFiles/my_project.dir/home/akshat/Pico_Programming/pico-sdk/src/rp2_common/pico_printf/printf.c.o
 .text.weak_raw_vprintf
                0x00000000100019e4       0x30 CMakeFiles/my_project.dir/home/akshat/Pico_Programming/pico-sdk/src/rp2_common/pico_printf/printf.c.o
                0x00000000100019e4                weak_raw_vprintf
 .text._exit    0x0000000010001a14        0x4 CMakeFiles/my_project.dir/home/akshat/Pico_Programming/pico-sdk/src/rp2_common/pico_clib_interface/newlib_interface.c.o
                0x0000000010001a14                _exit
 .text.exit     0x0000000010001a18        0x8 CMakeFiles/my_project.dir/home/akshat/Pico_Programming/pico-sdk/src/rp2_common/pico_clib_interface/newlib_interface.c.o
                0x0000000010001a18                exit
 .text.runtime_init
                0x0000000010001a20       0x2c CMakeFiles/my_project.dir/home/akshat/Pico_Programming/pico-sdk/src/rp2_common/pico_clib_interface/newlib_interface.c.o
                0x0000000010001a20                runtime_init
 .text.stdio_out_chars_no_crlf
                0x0000000010001a4c       0x10 CMakeFiles/my_project.dir/home/akshat/Pico_Programming/pico-sdk/src/rp2_common/pico_stdio/stdio.c.o
 .text.stdio_out_chars_crlf
                0x0000000010001a5c       0xb4 CMakeFiles/my_project.dir/home/akshat/Pico_Programming/pico-sdk/src/rp2_common/pico_stdio/stdio.c.o
 .text.stdio_put_string
                0x0000000010001b10      0x100 CMakeFiles/my_project.dir/home/akshat/Pico_Programming/pico-sdk/src/rp2_common/pico_stdio/stdio.c.o
                0x0000000010001b10                stdio_put_string
 .text.stdio_set_driver_enabled
                0x0000000010001c10       0x30 CMakeFiles/my_project.dir/home/akshat/Pico_Programming/pico-sdk/src/rp2_common/pico_stdio/stdio.c.o
                0x0000000010001c10                stdio_set_driver_enabled
 .text.stdio_init_all
                0x0000000010001c40        0x8 CMakeFiles/my_project.dir/home/akshat/Pico_Programming/pico-sdk/src/rp2_common/pico_stdio/stdio.c.o
                0x0000000010001c40                stdio_init_all
 .text.__wrap_putchar
                0x0000000010001c48       0x98 CMakeFiles/my_project.dir/home/akshat/Pico_Programming/pico-sdk/src/rp2_common/pico_stdio/stdio.c.o
                0x0000000010001c48                stdio_putchar
                0x0000000010001c48                __wrap_putchar
 .text.__wrap_puts
                0x0000000010001ce0       0x3c CMakeFiles/my_project.dir/home/akshat/Pico_Programming/pico-sdk/src/rp2_common/pico_stdio/stdio.c.o
                0x0000000010001ce0                __wrap_puts
                0x0000000010001ce0                stdio_puts
 .text.resetd_init
                0x0000000010001d1c        0x4 CMakeFiles/my_project.dir/home/akshat/Pico_Programming/pico-sdk/src/rp2_common/pico_stdio_usb/reset_interface.c.o
 .text.resetd_reset
                0x0000000010001d20        0xc CMakeFiles/my_project.dir/home/akshat/Pico_Programming/pico-sdk/src/rp2_common/pico_stdio_usb/reset_interface.c.o
 .text.resetd_open
                0x0000000010001d2c       0x28 CMakeFiles/my_project.dir/home/akshat/Pico_Programming/pico-sdk/src/rp2_common/pico_stdio_usb/reset_interface.c.o
 .text.resetd_xfer_cb
                0x0000000010001d54        0x4 CMakeFiles/my_project.dir/home/akshat/Pico_Programming/pico-sdk/src/rp2_common/pico_stdio_usb/reset_interface.c.o
 .text.resetd_control_xfer_cb
                0x0000000010001d58       0x60 CMakeFiles/my_project.dir/home/akshat/Pico_Programming/pico-sdk/src/rp2_common/pico_stdio_usb/reset_interface.c.o
 .text.tud_descriptor_bos_cb
                0x0000000010001db8        0x8 CMakeFiles/my_project.dir/home/akshat/Pico_Programming/pico-sdk/src/rp2_common/pico_stdio_usb/reset_interface.c.o
                0x0000000010001db8                tud_descriptor_bos_cb
 .text.tud_vendor_control_xfer_cb
                0x0000000010001dc0       0x34 CMakeFiles/my_project.dir/home/akshat/Pico_Programming/pico-sdk/src/rp2_common/pico_stdio_usb/reset_interface.c.o
                0x0000000010001dc0                tud_vendor_control_xfer_cb
 .text.usbd_app_driver_get_cb
                0x0000000010001df4        0xc CMakeFiles/my_project.dir/home/akshat/Pico_Programming/pico-sdk/src/rp2_common/pico_stdio_usb/reset_interface.c.o
                0x0000000010001df4                usbd_app_driver_get_cb
 .text.tud_cdc_line_coding_cb
                0x0000000010001e00       0x2c CMakeFiles/my_project.dir/home/akshat/Pico_Programming/pico-sdk/src/rp2_common/pico_stdio_usb/reset_interface.c.o
                0x0000000010001e00                tud_cdc_line_coding_cb
 .text.stdio_usb_set_chars_available_callback
                0x0000000010001e2c       0x14 CMakeFiles/my_project.dir/home/akshat/Pico_Programming/pico-sdk/src/rp2_common/pico_stdio_usb/stdio_usb.c.o
                0x0000000010001e2c                stdio_usb_set_chars_available_callback
 .text.usb_irq  0x0000000010001e40       0x10 CMakeFiles/my_project.dir/home/akshat/Pico_Programming/pico-sdk/src/rp2_common/pico_stdio_usb/stdio_usb.c.o
 .text.timer_task
                0x0000000010001e50       0x64 CMakeFiles/my_project.dir/home/akshat/Pico_Programming/pico-sdk/src/rp2_common/pico_stdio_usb/stdio_usb.c.o
 .text.stdio_usb_in_chars
                0x0000000010001eb4       0x90 CMakeFiles/my_project.dir/home/akshat/Pico_Programming/pico-sdk/src/rp2_common/pico_stdio_usb/stdio_usb.c.o
                0x0000000010001eb4                stdio_usb_in_chars
 .text.stdio_usb_out_flush
                0x0000000010001f44       0x50 CMakeFiles/my_project.dir/home/akshat/Pico_Programming/pico-sdk/src/rp2_common/pico_stdio_usb/stdio_usb.c.o
 .text.stdio_usb_out_chars
                0x0000000010001f94      0x100 CMakeFiles/my_project.dir/home/akshat/Pico_Programming/pico-sdk/src/rp2_common/pico_stdio_usb/stdio_usb.c.o
 .text.low_priority_worker_irq
                0x0000000010002094       0xc8 CMakeFiles/my_project.dir/home/akshat/Pico_Programming/pico-sdk/src/rp2_common/pico_stdio_usb/stdio_usb.c.o
 .text.stdio_usb_init
                0x000000001000215c       0xe8 CMakeFiles/my_project.dir/home/akshat/Pico_Programming/pico-sdk/src/rp2_common/pico_stdio_usb/stdio_usb.c.o
                0x000000001000215c                stdio_usb_init
 .text.tud_descriptor_device_cb
                0x0000000010002244        0x8 CMakeFiles/my_project.dir/home/akshat/Pico_Programming/pico-sdk/src/rp2_common/pico_stdio_usb/stdio_usb_descriptors.c.o
                0x0000000010002244                tud_descriptor_device_cb
 .text.tud_descriptor_configuration_cb
                0x000000001000224c        0x8 CMakeFiles/my_project.dir/home/akshat/Pico_Programming/pico-sdk/src/rp2_common/pico_stdio_usb/stdio_usb_descriptors.c.o
                0x000000001000224c                tud_descriptor_configuration_cb
 .text.tud_descriptor_string_cb
                0x0000000010002254       0x74 CMakeFiles/my_project.dir/home/akshat/Pico_Programming/pico-sdk/src/rp2_common/pico_stdio_usb/stdio_usb_descriptors.c.o
                0x0000000010002254                tud_descriptor_string_cb
 .text.startup._retrieve_unique_id_on_boot
                0x00000000100022c8       0x10 CMakeFiles/my_project.dir/home/akshat/Pico_Programming/pico-sdk/src/rp2_common/pico_unique_id/unique_id.c.o
 .text.pico_get_unique_board_id_string
                0x00000000100022d8      0x1a8 CMakeFiles/my_project.dir/home/akshat/Pico_Programming/pico-sdk/src/rp2_common/pico_unique_id/unique_id.c.o
                0x00000000100022d8                pico_get_unique_board_id_string
 .text.flash_get_unique_id
                0x0000000010002480       0x40 CMakeFiles/my_project.dir/home/akshat/Pico_Programming/pico-sdk/src/rp2_common/hardware_flash/flash.c.o
                0x0000000010002480                flash_get_unique_id
 .text.dcd_init
                0x00000000100024c0       0x90 CMakeFiles/my_project.dir/home/akshat/Pico_Programming/pico-sdk/lib/tinyusb/src/portable/raspberrypi/rp2040/dcd_rp2040.c.o
                0x00000000100024c0                dcd_init
 .text.dcd_int_enable
                0x0000000010002550        0xc CMakeFiles/my_project.dir/home/akshat/Pico_Programming/pico-sdk/lib/tinyusb/src/portable/raspberrypi/rp2040/dcd_rp2040.c.o
                0x0000000010002550                dcd_int_enable
 .text.dcd_set_address
                0x000000001000255c       0x14 CMakeFiles/my_project.dir/home/akshat/Pico_Programming/pico-sdk/lib/tinyusb/src/portable/raspberrypi/rp2040/dcd_rp2040.c.o
                0x000000001000255c                dcd_set_address
 .text.dcd_sof_enable
                0x0000000010002570       0x1c CMakeFiles/my_project.dir/home/akshat/Pico_Programming/pico-sdk/lib/tinyusb/src/portable/raspberrypi/rp2040/dcd_rp2040.c.o
                0x0000000010002570                dcd_sof_enable
 .text.dcd_edpt0_status_complete
                0x000000001000258c       0x1c CMakeFiles/my_project.dir/home/akshat/Pico_Programming/pico-sdk/lib/tinyusb/src/portable/raspberrypi/rp2040/dcd_rp2040.c.o
                0x000000001000258c                dcd_edpt0_status_complete
 .text.dcd_edpt_open
                0x00000000100025a8      0x114 CMakeFiles/my_project.dir/home/akshat/Pico_Programming/pico-sdk/lib/tinyusb/src/portable/raspberrypi/rp2040/dcd_rp2040.c.o
                0x00000000100025a8                dcd_edpt_open
 .text.dcd_edpt_close_all
                0x00000000100026bc        0x8 CMakeFiles/my_project.dir/home/akshat/Pico_Programming/pico-sdk/lib/tinyusb/src/portable/raspberrypi/rp2040/dcd_rp2040.c.o
                0x00000000100026bc                dcd_edpt_close_all
 .text.dcd_edpt_xfer
                0x00000000100026c4       0x24 CMakeFiles/my_project.dir/home/akshat/Pico_Programming/pico-sdk/lib/tinyusb/src/portable/raspberrypi/rp2040/dcd_rp2040.c.o
                0x00000000100026c4                dcd_edpt_xfer
 .text.dcd_edpt_stall
                0x00000000100026e8       0x38 CMakeFiles/my_project.dir/home/akshat/Pico_Programming/pico-sdk/lib/tinyusb/src/portable/raspberrypi/rp2040/dcd_rp2040.c.o
                0x00000000100026e8                dcd_edpt_stall
 .text.dcd_edpt_clear_stall
                0x0000000010002720       0x30 CMakeFiles/my_project.dir/home/akshat/Pico_Programming/pico-sdk/lib/tinyusb/src/portable/raspberrypi/rp2040/dcd_rp2040.c.o
                0x0000000010002720                dcd_edpt_clear_stall
 .text.rp2040_usb_init
                0x0000000010002750       0x40 CMakeFiles/my_project.dir/home/akshat/Pico_Programming/pico-sdk/lib/tinyusb/src/portable/raspberrypi/rp2040/rp2040_usb.c.o
                0x0000000010002750                rp2040_usb_init
 .text.hw_endpoint_xfer_start
                0x0000000010002790       0x50 CMakeFiles/my_project.dir/home/akshat/Pico_Programming/pico-sdk/lib/tinyusb/src/portable/raspberrypi/rp2040/rp2040_usb.c.o
                0x0000000010002790                hw_endpoint_xfer_start
 .text.tud_event_hook_cb
                0x00000000100027e0        0x4 CMakeFiles/my_project.dir/home/akshat/Pico_Programming/pico-sdk/lib/tinyusb/src/device/usbd.c.o
                0x00000000100027e0                tud_event_hook_cb
 .text.tud_sof_cb
                0x00000000100027e4        0x4 CMakeFiles/my_project.dir/home/akshat/Pico_Programming/pico-sdk/lib/tinyusb/src/device/usbd.c.o
                0x00000000100027e4                tud_sof_cb
 .text.tud_descriptor_device_qualifier_cb
                0x00000000100027e8        0x4 CMakeFiles/my_project.dir/home/akshat/Pico_Programming/pico-sdk/lib/tinyusb/src/device/usbd.c.o
                0x00000000100027e8                tud_descriptor_device_qualifier_cb
 .text.tud_descriptor_other_speed_configuration_cb
                0x00000000100027ec        0x4 CMakeFiles/my_project.dir/home/akshat/Pico_Programming/pico-sdk/lib/tinyusb/src/device/usbd.c.o
                0x00000000100027ec                tud_descriptor_other_speed_configuration_cb
 .text.tud_mount_cb
                0x00000000100027f0        0x4 CMakeFiles/my_project.dir/home/akshat/Pico_Programming/pico-sdk/lib/tinyusb/src/device/usbd.c.o
                0x00000000100027f0                tud_mount_cb
 .text.tud_umount_cb
                0x00000000100027f4        0x4 CMakeFiles/my_project.dir/home/akshat/Pico_Programming/pico-sdk/lib/tinyusb/src/device/usbd.c.o
                0x00000000100027f4                tud_umount_cb
 .text.tud_suspend_cb
                0x00000000100027f8        0x4 CMakeFiles/my_project.dir/home/akshat/Pico_Programming/pico-sdk/lib/tinyusb/src/device/usbd.c.o
                0x00000000100027f8                tud_suspend_cb
 .text.tud_resume_cb
                0x00000000100027fc        0x4 CMakeFiles/my_project.dir/home/akshat/Pico_Programming/pico-sdk/lib/tinyusb/src/device/usbd.c.o
                0x00000000100027fc                tud_resume_cb
 .text.tud_mounted
                0x0000000010002800       0x10 CMakeFiles/my_project.dir/home/akshat/Pico_Programming/pico-sdk/lib/tinyusb/src/device/usbd.c.o
                0x0000000010002800                tud_mounted
 .text.tud_suspended
                0x0000000010002810       0x10 CMakeFiles/my_project.dir/home/akshat/Pico_Programming/pico-sdk/lib/tinyusb/src/device/usbd.c.o
                0x0000000010002810                tud_suspended
 .text.tud_rhport_init
                0x0000000010002820       0xf4 CMakeFiles/my_project.dir/home/akshat/Pico_Programming/pico-sdk/lib/tinyusb/src/device/usbd.c.o
                0x0000000010002820                tud_rhport_init
 .text.tud_task_ext
                0x0000000010002914      0x800 CMakeFiles/my_project.dir/home/akshat/Pico_Programming/pico-sdk/lib/tinyusb/src/device/usbd.c.o
                0x0000000010002914                tud_task_ext
 .text.usbd_open_edpt_pair
                0x0000000010003114       0x9c CMakeFiles/my_project.dir/home/akshat/Pico_Programming/pico-sdk/lib/tinyusb/src/device/usbd.c.o
                0x0000000010003114                usbd_open_edpt_pair
 .text.usbd_edpt_open
                0x00000000100031b0       0x34 CMakeFiles/my_project.dir/home/akshat/Pico_Programming/pico-sdk/lib/tinyusb/src/device/usbd.c.o
                0x00000000100031b0                usbd_edpt_open
 .text.usbd_edpt_claim
                0x00000000100031e4       0x28 CMakeFiles/my_project.dir/home/akshat/Pico_Programming/pico-sdk/lib/tinyusb/src/device/usbd.c.o
                0x00000000100031e4                usbd_edpt_claim
 .text.usbd_edpt_release
                0x000000001000320c       0x28 CMakeFiles/my_project.dir/home/akshat/Pico_Programming/pico-sdk/lib/tinyusb/src/device/usbd.c.o
                0x000000001000320c                usbd_edpt_release
 .text.usbd_edpt_xfer
                0x0000000010003234       0x4c CMakeFiles/my_project.dir/home/akshat/Pico_Programming/pico-sdk/lib/tinyusb/src/device/usbd.c.o
                0x0000000010003234                usbd_edpt_xfer
 .text.tud_control_status
                0x0000000010003280       0x30 CMakeFiles/my_project.dir/home/akshat/Pico_Programming/pico-sdk/lib/tinyusb/src/device/usbd_control.c.o
                0x0000000010003280                tud_control_status
 .text.tud_control_xfer
                0x00000000100032b0       0xbc CMakeFiles/my_project.dir/home/akshat/Pico_Programming/pico-sdk/lib/tinyusb/src/device/usbd_control.c.o
                0x00000000100032b0                tud_control_xfer
 .text.usbd_control_reset
                0x000000001000336c       0x14 CMakeFiles/my_project.dir/home/akshat/Pico_Programming/pico-sdk/lib/tinyusb/src/device/usbd_control.c.o
                0x000000001000336c                usbd_control_reset
 .text.usbd_control_set_complete_callback
                0x0000000010003380        0xc CMakeFiles/my_project.dir/home/akshat/Pico_Programming/pico-sdk/lib/tinyusb/src/device/usbd_control.c.o
                0x0000000010003380                usbd_control_set_complete_callback
 .text.usbd_control_set_request
                0x000000001000338c       0x1c CMakeFiles/my_project.dir/home/akshat/Pico_Programming/pico-sdk/lib/tinyusb/src/device/usbd_control.c.o
                0x000000001000338c                usbd_control_set_request
 .text.usbd_control_xfer_cb
                0x00000000100033a8       0xf0 CMakeFiles/my_project.dir/home/akshat/Pico_Programming/pico-sdk/lib/tinyusb/src/device/usbd_control.c.o
                0x00000000100033a8                usbd_control_xfer_cb
 .text._prep_out_transaction.isra.0
                0x0000000010003498       0x6c CMakeFiles/my_project.dir/home/akshat/Pico_Programming/pico-sdk/lib/tinyusb/src/class/cdc/cdc_device.c.o
 .text.tud_cdc_n_connected
                0x0000000010003504       0x2c CMakeFiles/my_project.dir/home/akshat/Pico_Programming/pico-sdk/lib/tinyusb/src/class/cdc/cdc_device.c.o
                0x0000000010003504                tud_cdc_n_connected
 .text.tud_cdc_n_available
                0x0000000010003530       0x18 CMakeFiles/my_project.dir/home/akshat/Pico_Programming/pico-sdk/lib/tinyusb/src/class/cdc/cdc_device.c.o
                0x0000000010003530                tud_cdc_n_available
 .text.tud_cdc_n_read
                0x0000000010003548       0x94 CMakeFiles/my_project.dir/home/akshat/Pico_Programming/pico-sdk/lib/tinyusb/src/class/cdc/cdc_device.c.o
                0x0000000010003548                tud_cdc_n_read
 .text.tud_cdc_n_write_flush
                0x00000000100035dc       0x78 CMakeFiles/my_project.dir/home/akshat/Pico_Programming/pico-sdk/lib/tinyusb/src/class/cdc/cdc_device.c.o
                0x00000000100035dc                tud_cdc_n_write_flush
 .text.tud_cdc_n_write
                0x0000000010003654       0x44 CMakeFiles/my_project.dir/home/akshat/Pico_Programming/pico-sdk/lib/tinyusb/src/class/cdc/cdc_device.c.o
                0x0000000010003654                tud_cdc_n_write
 .text.tud_cdc_n_write_available
                0x0000000010003698       0x18 CMakeFiles/my_project.dir/home/akshat/Pico_Programming/pico-sdk/lib/tinyusb/src/class/cdc/cdc_device.c.o
                0x0000000010003698                tud_cdc_n_write_available
 .text.cdcd_init
                0x00000000100036b0       0x70 CMakeFiles/my_project.dir/home/akshat/Pico_Programming/pico-sdk/lib/tinyusb/src/class/cdc/cdc_device.c.o
                0x00000000100036b0                cdcd_init
 .text.cdcd_deinit
                0x0000000010003720       0x24 CMakeFiles/my_project.dir/home/akshat/Pico_Programming/pico-sdk/lib/tinyusb/src/class/cdc/cdc_device.c.o
                0x0000000010003720                cdcd_deinit
 .text.cdcd_reset
                0x0000000010003744       0x4c CMakeFiles/my_project.dir/home/akshat/Pico_Programming/pico-sdk/lib/tinyusb/src/class/cdc/cdc_device.c.o
                0x0000000010003744                cdcd_reset
 .text.cdcd_open
                0x0000000010003790       0xa8 CMakeFiles/my_project.dir/home/akshat/Pico_Programming/pico-sdk/lib/tinyusb/src/class/cdc/cdc_device.c.o
                0x0000000010003790                cdcd_open
 .text.cdcd_control_xfer_cb
                0x0000000010003838       0xe8 CMakeFiles/my_project.dir/home/akshat/Pico_Programming/pico-sdk/lib/tinyusb/src/class/cdc/cdc_device.c.o
                0x0000000010003838                cdcd_control_xfer_cb
 .text.cdcd_xfer_cb
                0x0000000010003920       0xfc CMakeFiles/my_project.dir/home/akshat/Pico_Programming/pico-sdk/lib/tinyusb/src/class/cdc/cdc_device.c.o
                0x0000000010003920                cdcd_xfer_cb
 .text.vendord_init
                0x0000000010003a1c       0x5c CMakeFiles/my_project.dir/home/akshat/Pico_Programming/pico-sdk/lib/tinyusb/src/class/vendor/vendor_device.c.o
                0x0000000010003a1c                vendord_init
 .text.vendord_deinit
                0x0000000010003a78       0x1c CMakeFiles/my_project.dir/home/akshat/Pico_Programming/pico-sdk/lib/tinyusb/src/class/vendor/vendor_device.c.o
                0x0000000010003a78                vendord_deinit
 .text.vendord_reset
                0x0000000010003a94       0x28 CMakeFiles/my_project.dir/home/akshat/Pico_Programming/pico-sdk/lib/tinyusb/src/class/vendor/vendor_device.c.o
                0x0000000010003a94                vendord_reset
 .text.vendord_open
                0x0000000010003abc      0x128 CMakeFiles/my_project.dir/home/akshat/Pico_Programming/pico-sdk/lib/tinyusb/src/class/vendor/vendor_device.c.o
                0x0000000010003abc                vendord_open
 .text.vendord_xfer_cb
                0x0000000010003be4       0x9c CMakeFiles/my_project.dir/home/akshat/Pico_Programming/pico-sdk/lib/tinyusb/src/class/vendor/vendor_device.c.o
                0x0000000010003be4                vendord_xfer_cb
 .text.tusb_rhport_init
                0x0000000010003c80       0x48 CMakeFiles/my_project.dir/home/akshat/Pico_Programming/pico-sdk/lib/tinyusb/src/tusb.c.o
                0x0000000010003c80                tusb_rhport_init
 .text.tu_edpt_claim
                0x0000000010003cc8       0x50 CMakeFiles/my_project.dir/home/akshat/Pico_Programming/pico-sdk/lib/tinyusb/src/tusb.c.o
                0x0000000010003cc8                tu_edpt_claim
 .text.tu_edpt_release
                0x0000000010003d18       0x38 CMakeFiles/my_project.dir/home/akshat/Pico_Programming/pico-sdk/lib/tinyusb/src/tusb.c.o
                0x0000000010003d18                tu_edpt_release
 .text.tu_edpt_validate
                0x0000000010003d50       0x78 CMakeFiles/my_project.dir/home/akshat/Pico_Programming/pico-sdk/lib/tinyusb/src/tusb.c.o
                0x0000000010003d50                tu_edpt_validate
 .text.tu_edpt_bind_driver
                0x0000000010003dc8       0x34 CMakeFiles/my_project.dir/home/akshat/Pico_Programming/pico-sdk/lib/tinyusb/src/tusb.c.o
                0x0000000010003dc8                tu_edpt_bind_driver
 .text.tu_edpt_stream_init
                0x0000000010003dfc       0x6c CMakeFiles/my_project.dir/home/akshat/Pico_Programming/pico-sdk/lib/tinyusb/src/tusb.c.o
                0x0000000010003dfc                tu_edpt_stream_init
 .text.tu_edpt_stream_deinit
                0x0000000010003e68        0x4 CMakeFiles/my_project.dir/home/akshat/Pico_Programming/pico-sdk/lib/tinyusb/src/tusb.c.o
                0x0000000010003e68                tu_edpt_stream_deinit
 .text.tu_edpt_stream_write_zlp_if_needed
                0x0000000010003e6c       0x58 CMakeFiles/my_project.dir/home/akshat/Pico_Programming/pico-sdk/lib/tinyusb/src/tusb.c.o
                0x0000000010003e6c                tu_edpt_stream_write_zlp_if_needed
 .text.tu_edpt_stream_write_xfer
                0x0000000010003ec4       0x64 CMakeFiles/my_project.dir/home/akshat/Pico_Programming/pico-sdk/lib/tinyusb/src/tusb.c.o
                0x0000000010003ec4                tu_edpt_stream_write_xfer
 .text.tu_edpt_stream_read_xfer
                0x0000000010003f28       0xdc CMakeFiles/my_project.dir/home/akshat/Pico_Programming/pico-sdk/lib/tinyusb/src/tusb.c.o
                0x0000000010003f28                tu_edpt_stream_read_xfer
 .text.tu_fifo_config
                0x0000000010004004       0x70 CMakeFiles/my_project.dir/home/akshat/Pico_Programming/pico-sdk/lib/tinyusb/src/common/tusb_fifo.c.o
                0x0000000010004004                tu_fifo_config
 .text.tu_fifo_count
                0x0000000010004074       0x2c CMakeFiles/my_project.dir/home/akshat/Pico_Programming/pico-sdk/lib/tinyusb/src/common/tusb_fifo.c.o
                0x0000000010004074                tu_fifo_count
 .text.tu_fifo_empty
                0x00000000100040a0       0x10 CMakeFiles/my_project.dir/home/akshat/Pico_Programming/pico-sdk/lib/tinyusb/src/common/tusb_fifo.c.o
                0x00000000100040a0                tu_fifo_empty
 .text.tu_fifo_remaining
                0x00000000100040b0       0x2c CMakeFiles/my_project.dir/home/akshat/Pico_Programming/pico-sdk/lib/tinyusb/src/common/tusb_fifo.c.o
                0x00000000100040b0                tu_fifo_remaining
 .text.tu_fifo_read
                0x00000000100040dc       0xa0 CMakeFiles/my_project.dir/home/akshat/Pico_Programming/pico-sdk/lib/tinyusb/src/common/tusb_fifo.c.o
                0x00000000100040dc                tu_fifo_read
 .text.tu_fifo_read_n
                0x000000001000417c       0xec CMakeFiles/my_project.dir/home/akshat/Pico_Programming/pico-sdk/lib/tinyusb/src/common/tusb_fifo.c.o
                0x000000001000417c                tu_fifo_read_n
 .text.tu_fifo_write
                0x0000000010004268       0x88 CMakeFiles/my_project.dir/home/akshat/Pico_Programming/pico-sdk/lib/tinyusb/src/common/tusb_fifo.c.o
                0x0000000010004268                tu_fifo_write
 .text.tu_fifo_write_n
                0x00000000100042f0      0x168 CMakeFiles/my_project.dir/home/akshat/Pico_Programming/pico-sdk/lib/tinyusb/src/common/tusb_fifo.c.o
                0x00000000100042f0                tu_fifo_write_n
 .text.tu_fifo_clear
                0x0000000010004458       0x40 CMakeFiles/my_project.dir/home/akshat/Pico_Programming/pico-sdk/lib/tinyusb/src/common/tusb_fifo.c.o
                0x0000000010004458                tu_fifo_clear
 .text.tu_fifo_set_overwritable
                0x0000000010004498       0x48 CMakeFiles/my_project.dir/home/akshat/Pico_Programming/pico-sdk/lib/tinyusb/src/common/tusb_fifo.c.o
                0x0000000010004498                tu_fifo_set_overwritable
 .text          0x00000000100044e0       0x5c /usr/lib/gcc/arm-none-eabi/10.3.1/../../../arm-none-eabi/lib/thumb/v6-m/nofp/libg.a(lib_a-strlen-stub.o)
                0x00000000100044e0                strlen
 *(.fini)
 .fini          0x000000001000453c        0x4 /usr/lib/gcc/arm-none-eabi/10.3.1/thumb/v6-m/nofp/crti.o
                0x000000001000453c                _fini
 .fini.__stub   0x0000000010004540       0xc0 linker stubs
 *crtbegin.o(.ctors)
 *crtbegin?.o(.ctors)
 *(EXCLUDE_FILE(*crtend.o *crtend?.o) .ctors)
 *(SORT_BY_NAME(.ctors.*))
 *(.ctors)
 *crtbegin.o(.dtors)
 *crtbegin?.o(.dtors)
 *(EXCLUDE_FILE(*crtend.o *crtend?.o) .dtors)
 *(SORT_BY_NAME(.dtors.*))
 *(.dtors)
                0x0000000010004600                . = ALIGN (0x4)
                0x0000000010004600                PROVIDE (__preinit_array_start = .)
 *(SORT_BY_NAME(.preinit_array.*))
 .preinit_array.00100
                0x0000000010004600        0x4 CMakeFiles/my_project.dir/home/akshat/Pico_Programming/pico-sdk/src/rp2_common/pico_runtime_init/runtime_init.c.o
                0x0000000010004600                __pre_init_runtime_init_early_resets
 .preinit_array.00101
                0x0000000010004604        0x4 CMakeFiles/my_project.dir/home/akshat/Pico_Programming/pico-sdk/src/rp2_common/pico_runtime_init/runtime_init.c.o
                0x0000000010004604                __pre_init_runtime_init_usb_power_down
 .preinit_array.00275
                0x0000000010004608        0x4 CMakeFiles/my_project.dir/home/akshat/Pico_Programming/pico-sdk/src/rp2_common/pico_bit_ops/bit_ops_aeabi.S.o
 .preinit_array.00300
                0x000000001000460c        0x4 CMakeFiles/my_project.dir/home/akshat/Pico_Programming/pico-sdk/src/rp2_common/pico_mem_ops/mem_ops_aeabi.S.o
 .preinit_array.00350
                0x0000000010004610        0x4 CMakeFiles/my_project.dir/home/akshat/Pico_Programming/pico-sdk/src/rp2_common/pico_double/double_aeabi_rp2040.S.o
 .preinit_array.00350
                0x0000000010004614        0x4 CMakeFiles/my_project.dir/home/akshat/Pico_Programming/pico-sdk/src/rp2_common/pico_float/float_aeabi_rp2040.S.o
 .preinit_array.00500
                0x0000000010004618        0x4 CMakeFiles/my_project.dir/home/akshat/Pico_Programming/pico-sdk/src/rp2_common/pico_runtime_init/runtime_init.c.o
                0x0000000010004618                __pre_init_runtime_init_clocks
 .preinit_array.00600
                0x000000001000461c        0x4 CMakeFiles/my_project.dir/home/akshat/Pico_Programming/pico-sdk/src/rp2_common/pico_runtime_init/runtime_init.c.o
                0x000000001000461c                __pre_init_runtime_init_post_clock_resets
 .preinit_array.00700
                0x0000000010004620        0x4 CMakeFiles/my_project.dir/home/akshat/Pico_Programming/pico-sdk/src/rp2_common/pico_runtime_init/runtime_init.c.o
                0x0000000010004620                __pre_init_runtime_init_rp2040_gpio_ie_disable
 .preinit_array.01000
                0x0000000010004624        0x4 CMakeFiles/my_project.dir/home/akshat/Pico_Programming/pico-sdk/src/rp2_common/pico_runtime_init/runtime_init.c.o
                0x0000000010004624                __pre_init_runtime_init_spin_locks_reset
 .preinit_array.01100
                0x0000000010004628        0x4 CMakeFiles/my_project.dir/home/akshat/Pico_Programming/pico-sdk/src/common/pico_sync/mutex.c.o
                0x0000000010004628                __pre_init_runtime_init_mutex
 .preinit_array.10080
                0x000000001000462c        0x4 CMakeFiles/my_project.dir/home/akshat/Pico_Programming/pico-sdk/src/rp2_common/pico_runtime_init/runtime_init.c.o
                0x000000001000462c                __pre_init_runtime_init_install_ram_vector_table
 .preinit_array.11000
                0x0000000010004630        0x4 CMakeFiles/my_project.dir/home/akshat/Pico_Programming/pico-sdk/src/common/pico_time/time.c.o
                0x0000000010004630                __pre_init_runtime_init_default_alarm_pool
 .preinit_array.YYYYY
                0x0000000010004634        0x4 CMakeFiles/my_project.dir/home/akshat/Pico_Programming/pico-sdk/src/rp2_common/pico_runtime/runtime.c.o
                0x0000000010004634                __pre_init_first_per_core_initializer
 .preinit_array.ZZZZZ.01200
                0x0000000010004638        0x4 CMakeFiles/my_project.dir/home/akshat/Pico_Programming/pico-sdk/src/rp2_common/hardware_irq/irq.c.o
                0x0000000010004638                __pre_init_runtime_init_per_core_irq_priorities
 *(.preinit_array)
                0x000000001000463c                PROVIDE (__preinit_array_end = .)
                0x000000001000463c                . = ALIGN (0x4)
                0x000000001000463c                PROVIDE (__init_array_start = .)
 *(SORT_BY_NAME(.init_array.*))
 .init_array.01000
                0x000000001000463c        0x4 CMakeFiles/my_project.dir/home/akshat/Pico_Programming/pico-sdk/src/rp2_common/pico_unique_id/unique_id.c.o
 *(.init_array)
 .init_array    0x0000000010004640        0x4 /usr/lib/gcc/arm-none-eabi/10.3.1/thumb/v6-m/nofp/crtbegin.o
                0x0000000010004644                PROVIDE (__init_array_end = .)
                0x0000000010004644                . = ALIGN (0x4)
                0x0000000010004644                PROVIDE (__fini_array_start = .)
 *(SORT_BY_NAME(.fini_array.*))
 *(.fini_array)
                0x0000000010004644                PROVIDE (__fini_array_end = .)
 *(.eh_frame*)
 .eh_frame      0x0000000010004644        0x0 /usr/lib/gcc/arm-none-eabi/10.3.1/thumb/v6-m/nofp/crtbegin.o
                0x0000000010004644                . = ALIGN (0x4)

.glue_7         0x0000000010004644        0x0
 .glue_7        0x0000000010004644        0x0 linker stubs

.glue_7t        0x0000000010004644        0x0
 .glue_7t       0x0000000010004644        0x0 linker stubs

.vfp11_veneer   0x0000000010004644        0x0
 .vfp11_veneer  0x0000000010004644        0x0 linker stubs

.v4_bx          0x0000000010004644        0x0
 .v4_bx         0x0000000010004644        0x0 linker stubs

.iplt           0x0000000010004644        0x0
 .iplt          0x0000000010004644        0x0 /usr/lib/gcc/arm-none-eabi/10.3.1/thumb/v6-m/nofp/crtbegin.o

.rodata         0x0000000010004644      0x420
 *(EXCLUDE_FILE(*libm.a: *libc.a:*lib_a-mem*.o *libgcc.a:) .rodata*)
 .rodata.main.str1.4
                0x0000000010004644        0xd CMakeFiles/my_project.dir/main.c.o
 *fill*         0x0000000010004651        0x3 
 .rodata.panic.str1.4
                0x0000000010004654       0x12 CMakeFiles/my_project.dir/home/akshat/Pico_Programming/pico-sdk/src/rp2_common/pico_platform_panic/panic.c.o
 *fill*         0x0000000010004666        0x2 
 .rodata.spin_lock_claim_unused.str1.4
                0x0000000010004668       0x1b CMakeFiles/my_project.dir/home/akshat/Pico_Programming/pico-sdk/src/rp2_common/hardware_sync/sync.c.o
 *fill*         0x0000000010004683        0x1 
 .rodata.user_irq_claim_unused.str1.4
                0x0000000010004684       0x1b CMakeFiles/my_project.dir/home/akshat/Pico_Programming/pico-sdk/src/rp2_common/hardware_irq/irq.c.o
 *fill*         0x000000001000469f        0x1 
 .rodata.timer_hardware_alarm_claim.str1.4
                0x00000000100046a0       0x22 CMakeFiles/my_project.dir/home/akshat/Pico_Programming/pico-sdk/src/rp2_common/hardware_timer/timer.c.o
 *fill*         0x00000000100046c2        0x2 
 .rodata.hard_assertion_failure.str1.4
                0x00000000100046c4        0xc CMakeFiles/my_project.dir/home/akshat/Pico_Programming/pico-sdk/src/rp2_common/pico_runtime/runtime.c.o
 .rodata.str1.4
                0x00000000100046d0       0x40 CMakeFiles/my_project.dir/home/akshat/Pico_Programming/pico-sdk/src/rp2_common/pico_standard_binary_info/standard_binary_info.c.o
 .rodata.__bi_26
                0x0000000010004710        0xc CMakeFiles/my_project.dir/home/akshat/Pico_Programming/pico-sdk/src/rp2_common/pico_standard_binary_info/standard_binary_info.c.o
 .rodata.__bi_34
                0x000000001000471c        0xc CMakeFiles/my_project.dir/home/akshat/Pico_Programming/pico-sdk/src/rp2_common/pico_standard_binary_info/standard_binary_info.c.o
 .rodata.__bi_42
                0x0000000010004728        0xc CMakeFiles/my_project.dir/home/akshat/Pico_Programming/pico-sdk/src/rp2_common/pico_standard_binary_info/standard_binary_info.c.o
 .rodata.__bi_48
                0x0000000010004734        0xc CMakeFiles/my_project.dir/home/akshat/Pico_Programming/pico-sdk/src/rp2_common/pico_standard_binary_info/standard_binary_info.c.o
 .rodata.__bi_54
                0x0000000010004740        0xc CMakeFiles/my_project.dir/home/akshat/Pico_Programming/pico-sdk/src/rp2_common/pico_standard_binary_info/standard_binary_info.c.o
 .rodata.__bi_78
                0x000000001000474c        0xc CMakeFiles/my_project.dir/home/akshat/Pico_Programming/pico-sdk/src/rp2_common/pico_standard_binary_info/standard_binary_info.c.o
 .rodata.__bi_84
                0x0000000010004758        0xc CMakeFiles/my_project.dir/home/akshat/Pico_Programming/pico-sdk/src/rp2_common/pico_standard_binary_info/standard_binary_info.c.o
 .rodata.crlf_str.0
                0x0000000010004764        0x2 CMakeFiles/my_project.dir/home/akshat/Pico_Programming/pico-sdk/src/rp2_common/pico_stdio/stdio.c.o
 *fill*         0x0000000010004766        0x2 
 .rodata._resetd_driver
                0x0000000010004768       0x20 CMakeFiles/my_project.dir/home/akshat/Pico_Programming/pico-sdk/src/rp2_common/pico_stdio_usb/reset_interface.c.o
 .rodata.desc_bos
                0x0000000010004788       0x21 CMakeFiles/my_project.dir/home/akshat/Pico_Programming/pico-sdk/src/rp2_common/pico_stdio_usb/reset_interface.c.o
                0x0000000010004788                desc_bos
 *fill*         0x00000000100047a9        0x3 
 .rodata.desc_ms_os_20
                0x00000000100047ac       0xa6 CMakeFiles/my_project.dir/home/akshat/Pico_Programming/pico-sdk/src/rp2_common/pico_stdio_usb/reset_interface.c.o
 *fill*         0x0000000010004852        0x2 
 .rodata.str1.4
                0x0000000010004854       0x13 CMakeFiles/my_project.dir/home/akshat/Pico_Programming/pico-sdk/src/rp2_common/pico_stdio_usb/stdio_usb.c.o
 *fill*         0x0000000010004867        0x1 
 .rodata.__bi_202.0
                0x0000000010004868        0xc CMakeFiles/my_project.dir/home/akshat/Pico_Programming/pico-sdk/src/rp2_common/pico_stdio_usb/stdio_usb.c.o
 .rodata.str1.4
                0x0000000010004874       0x2a CMakeFiles/my_project.dir/home/akshat/Pico_Programming/pico-sdk/src/rp2_common/pico_stdio_usb/stdio_usb_descriptors.c.o
 *fill*         0x000000001000489e        0x2 
 .rodata.usbd_desc_cfg
                0x00000000100048a0       0x54 CMakeFiles/my_project.dir/home/akshat/Pico_Programming/pico-sdk/src/rp2_common/pico_stdio_usb/stdio_usb_descriptors.c.o
 .rodata.usbd_desc_device
                0x00000000100048f4       0x12 CMakeFiles/my_project.dir/home/akshat/Pico_Programming/pico-sdk/src/rp2_common/pico_stdio_usb/stdio_usb_descriptors.c.o
 *fill*         0x0000000010004906        0x2 
 .rodata.usbd_desc_str
                0x0000000010004908       0x18 CMakeFiles/my_project.dir/home/akshat/Pico_Programming/pico-sdk/src/rp2_common/pico_stdio_usb/stdio_usb_descriptors.c.o
 .rodata.str1.4
                0x0000000010004920       0x14 CMakeFiles/my_project.dir/home/akshat/Pico_Programming/pico-sdk/lib/tinyusb/src/portable/raspberrypi/rp2040/dcd_rp2040.c.o
 .rodata.str1.4
                0x0000000010004934       0x48 CMakeFiles/my_project.dir/home/akshat/Pico_Programming/pico-sdk/lib/tinyusb/src/portable/raspberrypi/rp2040/rp2040_usb.c.o
 .rodata.tud_task_ext
                0x000000001000497c       0x8c CMakeFiles/my_project.dir/home/akshat/Pico_Programming/pico-sdk/lib/tinyusb/src/device/usbd.c.o
 .rodata        0x0000000010004a08       0x1c CMakeFiles/my_project.dir/home/akshat/Pico_Programming/pico-sdk/lib/tinyusb/src/device/usbd.c.o
 .rodata._usbd_driver
                0x0000000010004a24       0x40 CMakeFiles/my_project.dir/home/akshat/Pico_Programming/pico-sdk/lib/tinyusb/src/device/usbd.c.o
                0x0000000010004a64                . = ALIGN (0x4)
 *(SORT_BY_ALIGNMENT(SORT_BY_NAME(.flashdata*)))
                0x0000000010004a64                . = ALIGN (0x4)

.ARM.extab
 *(.ARM.extab* .gnu.linkonce.armextab.*)
                0x0000000010004a64                __exidx_start = .

.ARM.exidx
 *(.ARM.exidx* .gnu.linkonce.armexidx.*)
                0x0000000010004a64                __exidx_end = .
                0x0000000010004a64                . = ALIGN (0x4)
                0x0000000010004a64                __binary_info_start = .

.binary_info    0x0000000010004a64       0x20
 *(.binary_info.keep.*)
 .binary_info.keep.__bi_ptr26
                0x0000000010004a64        0x4 CMakeFiles/my_project.dir/home/akshat/Pico_Programming/pico-sdk/src/rp2_common/pico_standard_binary_info/standard_binary_info.c.o
 .binary_info.keep.__bi_ptr34
                0x0000000010004a68        0x4 CMakeFiles/my_project.dir/home/akshat/Pico_Programming/pico-sdk/src/rp2_common/pico_standard_binary_info/standard_binary_info.c.o
 .binary_info.keep.__bi_ptr42
                0x0000000010004a6c        0x4 CMakeFiles/my_project.dir/home/akshat/Pico_Programming/pico-sdk/src/rp2_common/pico_standard_binary_info/standard_binary_info.c.o
 .binary_info.keep.__bi_ptr48
                0x0000000010004a70        0x4 CMakeFiles/my_project.dir/home/akshat/Pico_Programming/pico-sdk/src/rp2_common/pico_standard_binary_info/standard_binary_info.c.o
 .binary_info.keep.__bi_ptr54
                0x0000000010004a74        0x4 CMakeFiles/my_project.dir/home/akshat/Pico_Programming/pico-sdk/src/rp2_common/pico_standard_binary_info/standard_binary_info.c.o
 .binary_info.keep.__bi_ptr78
                0x0000000010004a78        0x4 CMakeFiles/my_project.dir/home/akshat/Pico_Programming/pico-sdk/src/rp2_common/pico_standard_binary_info/standard_binary_info.c.o
 .binary_info.keep.__bi_ptr84
                0x0000000010004a7c        0x4 CMakeFiles/my_project.dir/home/akshat/Pico_Programming/pico-sdk/src/rp2_common/pico_standard_binary_info/standard_binary_info.c.o
 *(.binary_info.*)
 .binary_info.__bi_ptr202
                0x0000000010004a80        0x4 CMakeFiles/my_project.dir/home/akshat/Pico_Programming/pico-sdk/src/rp2_common/pico_stdio_usb/stdio_usb.c.o
                0x0000000010004a84                __binary_info_end = .
                0x0000000010004a84                . = ALIGN (0x4)

.ram_vector_table
                0x0000000020000000       0xc0
 *(.ram_vector_table)
 .ram_vector_table
                0x0000000020000000       0xc0 CMakeFiles/my_project.dir/home/akshat/Pico_Programming/pico-sdk/src/rp2_common/pico_runtime_init/runtime_init.c.o
                0x0000000020000000                ram_vector_table

.uninitialized_data
                0x00000000200000c0        0x0
                0x00000000200000c0                . = ALIGN (0x4)
 *(.uninitialized_data*)

.data           0x00000000200000c0     0x1030 load address 0x0000000010004a84
                0x00000000200000c0                __data_start__ = .
 *(vtable)
 *(.time_critical*)
 .time_critical.mutex_try_enter
                0x00000000200000c0       0x44 CMakeFiles/my_project.dir/home/akshat/Pico_Programming/pico-sdk/src/common/pico_sync/mutex.c.o
                0x00000000200000c0                mutex_try_enter
 .time_critical.mutex_try_enter_block_until
                0x0000000020000104       0x9c CMakeFiles/my_project.dir/home/akshat/Pico_Programming/pico-sdk/src/common/pico_sync/mutex.c.o
                0x0000000020000104                mutex_try_enter_block_until
 .time_critical.mutex_enter_timeout_ms
                0x00000000200001a0       0x90 CMakeFiles/my_project.dir/home/akshat/Pico_Programming/pico-sdk/src/common/pico_sync/mutex.c.o
                0x00000000200001a0                mutex_enter_timeout_ms
 .time_critical.mutex_exit
                0x0000000020000230       0x28 CMakeFiles/my_project.dir/home/akshat/Pico_Programming/pico-sdk/src/common/pico_sync/mutex.c.o
                0x0000000020000230                mutex_exit
 .time_critical.flash_init_boot2_copyout
                0x0000000020000258       0x30 CMakeFiles/my_project.dir/home/akshat/Pico_Programming/pico-sdk/src/rp2_common/hardware_flash/flash.c.o
 .time_critical.flash_enable_xip_via_boot2
                0x0000000020000288       0x10 CMakeFiles/my_project.dir/home/akshat/Pico_Programming/pico-sdk/src/rp2_common/hardware_flash/flash.c.o
 .time_critical.flash_save_hardware_state
                0x0000000020000298       0x28 CMakeFiles/my_project.dir/home/akshat/Pico_Programming/pico-sdk/src/rp2_common/hardware_flash/flash.c.o
 .time_critical.flash_restore_hardware_state
                0x00000000200002c0       0x28 CMakeFiles/my_project.dir/home/akshat/Pico_Programming/pico-sdk/src/rp2_common/hardware_flash/flash.c.o
 .time_critical.flash_cs_force
                0x00000000200002e8       0x38 CMakeFiles/my_project.dir/home/akshat/Pico_Programming/pico-sdk/src/rp2_common/hardware_flash/flash.c.o
 .time_critical.flash_do_cmd
                0x0000000020000320       0xd4 CMakeFiles/my_project.dir/home/akshat/Pico_Programming/pico-sdk/src/rp2_common/hardware_flash/flash.c.o
                0x0000000020000320                flash_do_cmd
 .time_critical.reset_non_control_endpoints
                0x00000000200003f4       0xbc CMakeFiles/my_project.dir/home/akshat/Pico_Programming/pico-sdk/lib/tinyusb/src/portable/raspberrypi/rp2040/dcd_rp2040.c.o
 .time_critical.hw_handle_buff_status
                0x00000000200004b0       0x98 CMakeFiles/my_project.dir/home/akshat/Pico_Programming/pico-sdk/lib/tinyusb/src/portable/raspberrypi/rp2040/dcd_rp2040.c.o
 .time_critical.dcd_rp2040_irq
                0x0000000020000548      0x530 CMakeFiles/my_project.dir/home/akshat/Pico_Programming/pico-sdk/lib/tinyusb/src/portable/raspberrypi/rp2040/dcd_rp2040.c.o
 .time_critical.prepare_ep_buffer
                0x0000000020000a78       0xf4 CMakeFiles/my_project.dir/home/akshat/Pico_Programming/pico-sdk/lib/tinyusb/src/portable/raspberrypi/rp2040/rp2040_usb.c.o
 .time_critical.sync_ep_buffer
                0x0000000020000b6c       0xb4 CMakeFiles/my_project.dir/home/akshat/Pico_Programming/pico-sdk/lib/tinyusb/src/portable/raspberrypi/rp2040/rp2040_usb.c.o
 .time_critical._hw_endpoint_xfer_sync
                0x0000000020000c20       0x28 CMakeFiles/my_project.dir/home/akshat/Pico_Programming/pico-sdk/lib/tinyusb/src/portable/raspberrypi/rp2040/rp2040_usb.c.o
 .time_critical.e15_is_bulkin_ep
                0x0000000020000c48       0x28 CMakeFiles/my_project.dir/home/akshat/Pico_Programming/pico-sdk/lib/tinyusb/src/portable/raspberrypi/rp2040/rp2040_usb.c.o
 .time_critical.e15_is_critical_frame_period
                0x0000000020000c70       0x34 CMakeFiles/my_project.dir/home/akshat/Pico_Programming/pico-sdk/lib/tinyusb/src/portable/raspberrypi/rp2040/rp2040_usb.c.o
 .time_critical.hw_endpoint_reset_transfer
                0x0000000020000ca4        0xc CMakeFiles/my_project.dir/home/akshat/Pico_Programming/pico-sdk/lib/tinyusb/src/portable/raspberrypi/rp2040/rp2040_usb.c.o
                0x0000000020000ca4                hw_endpoint_reset_transfer
 .time_critical._hw_endpoint_buffer_control_update32
                0x0000000020000cb0       0x50 CMakeFiles/my_project.dir/home/akshat/Pico_Programming/pico-sdk/lib/tinyusb/src/portable/raspberrypi/rp2040/rp2040_usb.c.o
                0x0000000020000cb0                _hw_endpoint_buffer_control_update32
 .time_critical.hw_endpoint_start_next_buffer
                0x0000000020000d00       0x6c CMakeFiles/my_project.dir/home/akshat/Pico_Programming/pico-sdk/lib/tinyusb/src/portable/raspberrypi/rp2040/rp2040_usb.c.o
                0x0000000020000d00                hw_endpoint_start_next_buffer
 .time_critical.hw_endpoint_xfer_continue
                0x0000000020000d6c       0x40 CMakeFiles/my_project.dir/home/akshat/Pico_Programming/pico-sdk/lib/tinyusb/src/portable/raspberrypi/rp2040/rp2040_usb.c.o
                0x0000000020000d6c                hw_endpoint_xfer_continue
 .time_critical.tinyusb
                0x0000000020000dac      0x1f0 CMakeFiles/my_project.dir/home/akshat/Pico_Programming/pico-sdk/lib/tinyusb/src/device/usbd.c.o
                0x0000000020000dac                dcd_event_handler
 *(.text*)
 .text          0x0000000020000f9c        0x4 /usr/lib/gcc/arm-none-eabi/10.3.1/thumb/v6-m/nofp/libgcc.a(_dvmd_tls.o)
                0x0000000020000f9c                __aeabi_ldiv0
                0x0000000020000f9c                __aeabi_idiv0
 .text.__stub   0x0000000020000fa0       0x80 linker stubs
                0x0000000020001020                . = ALIGN (0x4)
 *(.rodata*)
                0x0000000020001020                . = ALIGN (0x4)
 *(.data*)
 .data.striped_spin_lock_num
                0x0000000020001020        0x1 CMakeFiles/my_project.dir/home/akshat/Pico_Programming/pico-sdk/src/rp2_common/hardware_sync/sync.c.o
 *fill*         0x0000000020001021        0x3 
 .data          0x0000000020001024       0x48 CMakeFiles/my_project.dir/home/akshat/Pico_Programming/pico-sdk/src/rp2_common/hardware_irq/irq_handler_chain.S.o
                0x0000000020001024                irq_handler_chain_slots
                0x0000000020001054                irq_handler_chain_first_slot
                0x000000002000105e                irq_handler_chain_remove_tail
 .data.default_alarm_pool
                0x000000002000106c       0x18 CMakeFiles/my_project.dir/home/akshat/Pico_Programming/pico-sdk/src/common/pico_time/time.c.o
 *fill*         0x0000000020001084        0xc 
 .data.aeabi_bits_funcs
                0x0000000020001090       0x10 CMakeFiles/my_project.dir/home/akshat/Pico_Programming/pico-sdk/src/rp2_common/pico_bit_ops/bit_ops_aeabi.S.o
                0x0000000020001090                aeabi_bits_funcs
                0x00000000200010a0                aeabi_bits_funcs_end
 .data.aeabi_mem_funcs
                0x00000000200010a0       0x10 CMakeFiles/my_project.dir/home/akshat/Pico_Programming/pico-sdk/src/rp2_common/pico_mem_ops/mem_ops_aeabi.S.o
                0x00000000200010a0                aeabi_mem_funcs
                0x00000000200010b0                aeabi_mem_funcs_end
 .data.stdio_usb
                0x00000000200010b0       0x18 CMakeFiles/my_project.dir/home/akshat/Pico_Programming/pico-sdk/src/rp2_common/pico_stdio_usb/stdio_usb.c.o
                0x00000000200010b0                stdio_usb
 .data._usbd_qdef
                0x00000000200010c8       0x1c CMakeFiles/my_project.dir/home/akshat/Pico_Programming/pico-sdk/lib/tinyusb/src/device/usbd.c.o
                0x00000000200010c8                _usbd_qdef
 .data._usbd_rhport
                0x00000000200010e4        0x1 CMakeFiles/my_project.dir/home/akshat/Pico_Programming/pico-sdk/lib/tinyusb/src/device/usbd.c.o
                0x00000000200010e8                . = ALIGN (0x4)
 *fill*         0x00000000200010e5        0x3 
 *(.after_data.*)
                0x00000000200010e8                . = ALIGN (0x4)
                0x00000000200010e8                PROVIDE (__mutex_array_start = .)
 *(SORT_BY_NAME(.mutex_array.*))
 *(.mutex_array)
 .mutex_array   0x00000000200010e8        0x8 CMakeFiles/my_project.dir/home/akshat/Pico_Programming/pico-sdk/src/rp2_common/pico_stdio/stdio.c.o
                0x00000000200010f0                PROVIDE (__mutex_array_end = .)
                0x00000000200010f0                . = ALIGN (0x4)
 *(.jcr)
                0x00000000200010f0                . = ALIGN (0x4)

.tm_clone_table
                0x00000000200010f0        0x0 load address 0x0000000010005ab4
 .tm_clone_table
                0x00000000200010f0        0x0 /usr/lib/gcc/arm-none-eabi/10.3.1/thumb/v6-m/nofp/crtbegin.o
 .tm_clone_table
                0x00000000200010f0        0x0 /usr/lib/gcc/arm-none-eabi/10.3.1/thumb/v6-m/nofp/crtend.o

.igot.plt       0x00000000200010f0        0x0 load address 0x0000000010005ab4
 .igot.plt      0x00000000200010f0        0x0 /usr/lib/gcc/arm-none-eabi/10.3.1/thumb/v6-m/nofp/crtbegin.o

.tdata          0x00000000200010f0        0x0 load address 0x0000000010005ab4
                0x00000000200010f0                . = ALIGN (0x4)
 *(.tdata .tdata.* .gnu.linkonce.td.*)
                0x00000000200010f0                __tdata_end = .
                0x00000000200010f0                PROVIDE (__data_end__ = .)
                0x0000000010004a84                __etext = LOADADDR (.data)

.tbss           0x00000000200010f0        0x0 load address 0x0000000010005ab4
                0x00000000200010f0                . = ALIGN (0x4)
                0x00000000200010f0                __bss_start__ = .
                0x00000000200010f0                __tls_base = .
 *(.tbss .tbss.* .gnu.linkonce.tb.*)
 *(.tcommon)
                0x00000000200010f0                __tls_end = .

.bss            0x00000000200010f0      0xf00 load address 0x0000000010005ab4
                0x00000000200010f0                . = ALIGN (0x4)
                0x00000000200010f0                __tbss_end = .
 *(SORT_BY_ALIGNMENT(SORT_BY_NAME(.bss*)))
 .bss.default_alarm_pool_entries
                0x00000000200010f0      0x180 CMakeFiles/my_project.dir/home/akshat/Pico_Programming/pico-sdk/src/common/pico_time/time.c.o
 .bss.last_avail_time.1
                0x0000000020001270        0x8 CMakeFiles/my_project.dir/home/akshat/Pico_Programming/pico-sdk/src/rp2_common/pico_stdio_usb/stdio_usb.c.o
 .bss.sd_table  0x0000000020001278      0x100 CMakeFiles/my_project.dir/home/akshat/Pico_Programming/pico-sdk/src/rp2_common/pico_double/double_init_rom_rp2040.c.o
                0x0000000020001278                sd_table
 .bss.sf_table  0x0000000020001378      0x100 CMakeFiles/my_project.dir/home/akshat/Pico_Programming/pico-sdk/src/rp2_common/pico_float/float_init_rom_rp2040.c.o
                0x0000000020001378                sf_table
 .bss           0x0000000020001478       0x1c /usr/lib/gcc/arm-none-eabi/10.3.1/thumb/v6-m/nofp/crtbegin.o
 .bss._app_driver
                0x0000000020001494        0x4 CMakeFiles/my_project.dir/home/akshat/Pico_Programming/pico-sdk/lib/tinyusb/src/device/usbd.c.o
 .bss._cdcd_epbuf
                0x0000000020001498       0x80 CMakeFiles/my_project.dir/home/akshat/Pico_Programming/pico-sdk/lib/tinyusb/src/class/cdc/cdc_device.c.o
 .bss._cdcd_fifo_cfg
                0x0000000020001518        0x1 CMakeFiles/my_project.dir/home/akshat/Pico_Programming/pico-sdk/lib/tinyusb/src/class/cdc/cdc_device.c.o
 *fill*         0x0000000020001519        0x3 
 .bss._cdcd_itf
                0x000000002000151c       0xc8 CMakeFiles/my_project.dir/home/akshat/Pico_Programming/pico-sdk/lib/tinyusb/src/class/cdc/cdc_device.c.o
 .bss._ctrl_epbuf
                0x00000000200015e4       0x40 CMakeFiles/my_project.dir/home/akshat/Pico_Programming/pico-sdk/lib/tinyusb/src/device/usbd_control.c.o
 .bss._ctrl_xfer
                0x0000000020001624       0x14 CMakeFiles/my_project.dir/home/akshat/Pico_Programming/pico-sdk/lib/tinyusb/src/device/usbd_control.c.o
 .bss._tusb_rhport_role
                0x0000000020001638        0x2 CMakeFiles/my_project.dir/home/akshat/Pico_Programming/pico-sdk/lib/tinyusb/src/tusb.c.o
                0x0000000020001638                _tusb_rhport_role
 *fill*         0x000000002000163a        0x2 
 .bss._ubsd_mutexdef
                0x000000002000163c        0x8 CMakeFiles/my_project.dir/home/akshat/Pico_Programming/pico-sdk/lib/tinyusb/src/device/usbd.c.o
 .bss._usbd_dev
                0x0000000020001644       0x54 CMakeFiles/my_project.dir/home/akshat/Pico_Programming/pico-sdk/lib/tinyusb/src/device/usbd.c.o
 .bss._usbd_mutex
                0x0000000020001698        0x4 CMakeFiles/my_project.dir/home/akshat/Pico_Programming/pico-sdk/lib/tinyusb/src/device/usbd.c.o
 .bss._usbd_q   0x000000002000169c        0x4 CMakeFiles/my_project.dir/home/akshat/Pico_Programming/pico-sdk/lib/tinyusb/src/device/usbd.c.o
 .bss._usbd_qdef_buf
                0x00000000200016a0       0xc0 CMakeFiles/my_project.dir/home/akshat/Pico_Programming/pico-sdk/lib/tinyusb/src/device/usbd.c.o
                0x00000000200016a0                _usbd_qdef_buf
 .bss._vendord_epbuf
                0x0000000020001760       0x80 CMakeFiles/my_project.dir/home/akshat/Pico_Programming/pico-sdk/lib/tinyusb/src/class/vendor/vendor_device.c.o
 .bss._vendord_itf
                0x00000000200017e0      0x24c CMakeFiles/my_project.dir/home/akshat/Pico_Programming/pico-sdk/lib/tinyusb/src/class/vendor/vendor_device.c.o
 .bss.boot2_copyout
                0x0000000020001a2c      0x100 CMakeFiles/my_project.dir/home/akshat/Pico_Programming/pico-sdk/src/rp2_common/hardware_flash/flash.c.o
 .bss.chars_available_callback
                0x0000000020001b2c        0x4 CMakeFiles/my_project.dir/home/akshat/Pico_Programming/pico-sdk/src/rp2_common/pico_stdio_usb/stdio_usb.c.o
 .bss.chars_available_param
                0x0000000020001b30        0x4 CMakeFiles/my_project.dir/home/akshat/Pico_Programming/pico-sdk/src/rp2_common/pico_stdio_usb/stdio_usb.c.o
 .bss.claimed   0x0000000020001b34        0x4 CMakeFiles/my_project.dir/home/akshat/Pico_Programming/pico-sdk/src/rp2_common/hardware_sync/sync.c.o
 .bss.claimed   0x0000000020001b38        0x1 CMakeFiles/my_project.dir/home/akshat/Pico_Programming/pico-sdk/src/rp2_common/hardware_timer/timer.c.o
 *fill*         0x0000000020001b39        0x3 
 .bss.configured_freq
                0x0000000020001b3c       0x28 CMakeFiles/my_project.dir/home/akshat/Pico_Programming/pico-sdk/src/rp2_common/hardware_clocks/clocks.c.o
 .bss.desc_str.0
                0x0000000020001b64       0x28 CMakeFiles/my_project.dir/home/akshat/Pico_Programming/pico-sdk/src/rp2_common/pico_stdio_usb/stdio_usb_descriptors.c.o
 .bss.drivers   0x0000000020001b8c        0x4 CMakeFiles/my_project.dir/home/akshat/Pico_Programming/pico-sdk/src/rp2_common/pico_stdio/stdio.c.o
 .bss.e15_last_sof
                0x0000000020001b90        0x4 CMakeFiles/my_project.dir/home/akshat/Pico_Programming/pico-sdk/lib/tinyusb/src/portable/raspberrypi/rp2040/rp2040_usb.c.o
                0x0000000020001b90                e15_last_sof
 .bss.filter    0x0000000020001b94        0x4 CMakeFiles/my_project.dir/home/akshat/Pico_Programming/pico-sdk/src/rp2_common/pico_stdio/stdio.c.o
 .bss.hw_endpoints
                0x0000000020001b98      0x400 CMakeFiles/my_project.dir/home/akshat/Pico_Programming/pico-sdk/lib/tinyusb/src/portable/raspberrypi/rp2040/dcd_rp2040.c.o
 .bss.lazy_vsnprintf
                0x0000000020001f98        0x4 CMakeFiles/my_project.dir/home/akshat/Pico_Programming/pico-sdk/src/rp2_common/pico_printf/printf.c.o
 .bss.load_value
                0x0000000020001f9c        0x4 CMakeFiles/my_project.dir/home/akshat/Pico_Programming/pico-sdk/src/rp2_common/hardware_watchdog/watchdog.c.o
 .bss.next_buffer_ptr
                0x0000000020001fa0        0x4 CMakeFiles/my_project.dir/home/akshat/Pico_Programming/pico-sdk/lib/tinyusb/src/portable/raspberrypi/rp2040/dcd_rp2040.c.o
 .bss.one_shot_timer_crit_sec
                0x0000000020001fa4        0x8 CMakeFiles/my_project.dir/home/akshat/Pico_Programming/pico-sdk/src/rp2_common/pico_stdio_usb/stdio_usb.c.o
 .bss.pools     0x0000000020001fac       0x10 CMakeFiles/my_project.dir/home/akshat/Pico_Programming/pico-sdk/src/common/pico_time/time.c.o
 .bss.retrieved_id
                0x0000000020001fbc        0x8 CMakeFiles/my_project.dir/home/akshat/Pico_Programming/pico-sdk/src/rp2_common/pico_unique_id/unique_id.c.o
 .bss.sf_clz_func
                0x0000000020001fc4        0x4 CMakeFiles/my_project.dir/home/akshat/Pico_Programming/pico-sdk/src/rp2_common/pico_double/double_init_rom_rp2040.c.o
                0x0000000020001fc4                sf_clz_func
 .bss.sleep_notifier
                0x0000000020001fc8        0x4 CMakeFiles/my_project.dir/home/akshat/Pico_Programming/pico-sdk/src/common/pico_time/time.c.o
 .bss.stdio_usb_mutex
                0x0000000020001fcc        0x8 CMakeFiles/my_project.dir/home/akshat/Pico_Programming/pico-sdk/src/rp2_common/pico_stdio_usb/stdio_usb.c.o
 .bss.usbd_serial_str
                0x0000000020001fd4       0x11 CMakeFiles/my_project.dir/home/akshat/Pico_Programming/pico-sdk/src/rp2_common/pico_stdio_usb/stdio_usb_descriptors.c.o
 .bss._app_driver_count
                0x0000000020001fe5        0x1 CMakeFiles/my_project.dir/home/akshat/Pico_Programming/pico-sdk/lib/tinyusb/src/device/usbd.c.o
 .bss._sof_enable
                0x0000000020001fe6        0x1 CMakeFiles/my_project.dir/home/akshat/Pico_Programming/pico-sdk/lib/tinyusb/src/portable/raspberrypi/rp2040/dcd_rp2040.c.o
 .bss._usbd_queued_setup
                0x0000000020001fe7        0x1 CMakeFiles/my_project.dir/home/akshat/Pico_Programming/pico-sdk/lib/tinyusb/src/device/usbd.c.o
 .bss.boot2_copyout_valid
                0x0000000020001fe8        0x1 CMakeFiles/my_project.dir/home/akshat/Pico_Programming/pico-sdk/src/rp2_common/hardware_flash/flash.c.o
 .bss.irq_handler_chain_free_slot_head
                0x0000000020001fe9        0x1 CMakeFiles/my_project.dir/home/akshat/Pico_Programming/pico-sdk/src/rp2_common/hardware_irq/irq.c.o
 .bss.itf_num   0x0000000020001fea        0x1 CMakeFiles/my_project.dir/home/akshat/Pico_Programming/pico-sdk/src/rp2_common/pico_stdio_usb/reset_interface.c.o
 .bss.low_priority_irq_num
                0x0000000020001feb        0x1 CMakeFiles/my_project.dir/home/akshat/Pico_Programming/pico-sdk/src/rp2_common/pico_stdio_usb/stdio_usb.c.o
 .bss.one_shot_timer_pending
                0x0000000020001fec        0x1 CMakeFiles/my_project.dir/home/akshat/Pico_Programming/pico-sdk/src/rp2_common/pico_stdio_usb/stdio_usb.c.o
 .bss.user_irq_claimed
                0x0000000020001fed        0x1 CMakeFiles/my_project.dir/home/akshat/Pico_Programming/pico-sdk/src/rp2_common/hardware_irq/irq.c.o
 *(COMMON)
                0x0000000020001ff0                . = ALIGN (0x4)
 *fill*         0x0000000020001fee        0x2 
                0x0000000020001ff0                __bss_end__ = .

.heap           0x0000000020001ff0      0x800 load address 0x0000000010005ab4
                0x0000000020001ff0                __end__ = .
                0x0000000020001ff0                end = __end__
 *(.heap*)
 .heap          0x0000000020001ff0      0x800 CMakeFiles/my_project.dir/home/akshat/Pico_Programming/pico-sdk/src/rp2_common/pico_crt0/crt0.S.o
                0x0000000020040000                __HeapLimit = (ORIGIN (RAM) + LENGTH (RAM))

.scratch_x      0x0000000020040000        0x0 load address 0x0000000010005ab4
                0x0000000020040000                __scratch_x_start__ = .
 *(.scratch_x.*)
                0x0000000020040000                . = ALIGN (0x4)
                0x0000000020040000                __scratch_x_end__ = .
                0x0000000010005ab4                __scratch_x_source__ = LOADADDR (.scratch_x)

.scratch_y      0x0000000020041000        0x0 load address 0x0000000010005ab4
                0x0000000020041000                __scratch_y_start__ = .
 *(.scratch_y.*)
                0x0000000020041000                . = ALIGN (0x4)
                0x0000000020041000                __scratch_y_end__ = .
                0x0000000010005ab4                __scratch_y_source__ = LOADADDR (.scratch_y)

.stack1_dummy   0x0000000020040000        0x0
 *(.stack1*)

.stack_dummy    0x0000000020041000      0x800
 *(.stack*)
 .stack         0x0000000020041000      0x800 CMakeFiles/my_project.dir/home/akshat/Pico_Programming/pico-sdk/src/rp2_common/pico_crt0/crt0.S.o

.rel.dyn        0x0000000020041800        0x0
 .rel.iplt      0x0000000020041800        0x0 /usr/lib/gcc/arm-none-eabi/10.3.1/thumb/v6-m/nofp/crtbegin.o

.flash_end      0x0000000010005ab4        0x0
 *(.embedded_end_block*)
                0x0000000010005ab4                PROVIDE (__flash_binary_end = .)
                0x0000000020040000                __StackLimit = (ORIGIN (RAM) + LENGTH (RAM))
                0x0000000020041000                __StackOneTop = (ORIGIN (SCRATCH_X) + LENGTH (SCRATCH_X))
                0x0000000020042000                __StackTop = (ORIGIN (SCRATCH_Y) + LENGTH (SCRATCH_Y))
                0x0000000020041000                __StackOneBottom = (__StackOneTop - SIZEOF (.stack1_dummy))
                0x0000000020041800                __StackBottom = (__StackTop - SIZEOF (.stack_dummy))
                0x0000000020042000                PROVIDE (__stack = __StackTop)
                [!provide]                        PROVIDE (__heap_start = __end__)
                [!provide]                        PROVIDE (__heap_end = __HeapLimit)
                [!provide]                        PROVIDE (__tls_align = MAX (ALIGNOF (.tdata), ALIGNOF (.tbss)))
                [!provide]                        PROVIDE (__tls_size_align = (((__tls_size + __tls_align) - 0x1) & ~ ((__tls_align - 0x1))))
                [!provide]                        PROVIDE (__arm32_tls_tcb_offset = MAX (0x8, __tls_align))
                [!provide]                        PROVIDE (_end = __end__)
                [!provide]                        PROVIDE (__llvm_libc_heap_limit = __HeapLimit)
                0x0000000000000001                ASSERT ((__StackLimit >= __HeapLimit), region RAM overflowed)
                0x0000000000000001                ASSERT (((__binary_info_header_end - __logical_binary_start) <= 0x100), Binary info must be in first 256 bytes of the binary)
LOAD CMakeFiles/my_project.dir/main.c.o
LOAD CMakeFiles/my_project.dir/home/akshat/Pico_Programming/pico-sdk/src/rp2_common/pico_stdlib/stdlib.c.o
LOAD CMakeFiles/my_project.dir/home/akshat/Pico_Programming/pico-sdk/src/rp2_common/hardware_gpio/gpio.c.o
LOAD CMakeFiles/my_project.dir/home/akshat/Pico_Programming/pico-sdk/src/rp2040/pico_platform/platform.c.o
LOAD CMakeFiles/my_project.dir/home/akshat/Pico_Programming/pico-sdk/src/rp2_common/pico_platform_common/common.c.o
LOAD CMakeFiles/my_project.dir/home/akshat/Pico_Programming/pico-sdk/src/rp2_common/pico_platform_panic/panic.c.o
LOAD CMakeFiles/my_project.dir/home/akshat/Pico_Programming/pico-sdk/src/common/hardware_claim/claim.c.o
LOAD CMakeFiles/my_project.dir/home/akshat/Pico_Programming/pico-sdk/src/rp2_common/hardware_sync/sync.c.o
LOAD CMakeFiles/my_project.dir/home/akshat/Pico_Programming/pico-sdk/src/rp2_common/hardware_sync_spin_lock/sync_spin_lock.c.o
LOAD CMakeFiles/my_project.dir/home/akshat/Pico_Programming/pico-sdk/src/rp2_common/hardware_irq/irq.c.o
LOAD CMakeFiles/my_project.dir/home/akshat/Pico_Programming/pico-sdk/src/rp2_common/hardware_irq/irq_handler_chain.S.o
LOAD CMakeFiles/my_project.dir/home/akshat/Pico_Programming/pico-sdk/src/common/pico_sync/sem.c.o
LOAD CMakeFiles/my_project.dir/home/akshat/Pico_Programming/pico-sdk/src/common/pico_sync/lock_core.c.o
LOAD CMakeFiles/my_project.dir/home/akshat/Pico_Programming/pico-sdk/src/common/pico_sync/mutex.c.o
LOAD CMakeFiles/my_project.dir/home/akshat/Pico_Programming/pico-sdk/src/common/pico_sync/critical_section.c.o
LOAD CMakeFiles/my_project.dir/home/akshat/Pico_Programming/pico-sdk/src/common/pico_time/time.c.o
LOAD CMakeFiles/my_project.dir/home/akshat/Pico_Programming/pico-sdk/src/common/pico_time/timeout_helper.c.o
LOAD CMakeFiles/my_project.dir/home/akshat/Pico_Programming/pico-sdk/src/rp2_common/hardware_timer/timer.c.o
LOAD CMakeFiles/my_project.dir/home/akshat/Pico_Programming/pico-sdk/src/common/pico_util/datetime.c.o
LOAD CMakeFiles/my_project.dir/home/akshat/Pico_Programming/pico-sdk/src/common/pico_util/pheap.c.o
LOAD CMakeFiles/my_project.dir/home/akshat/Pico_Programming/pico-sdk/src/common/pico_util/queue.c.o
LOAD CMakeFiles/my_project.dir/home/akshat/Pico_Programming/pico-sdk/src/rp2_common/hardware_uart/uart.c.o
LOAD CMakeFiles/my_project.dir/home/akshat/Pico_Programming/pico-sdk/src/rp2_common/hardware_clocks/clocks.c.o
LOAD CMakeFiles/my_project.dir/home/akshat/Pico_Programming/pico-sdk/src/rp2_common/hardware_pll/pll.c.o
LOAD CMakeFiles/my_project.dir/home/akshat/Pico_Programming/pico-sdk/src/rp2_common/hardware_vreg/vreg.c.o
LOAD CMakeFiles/my_project.dir/home/akshat/Pico_Programming/pico-sdk/src/rp2_common/hardware_watchdog/watchdog.c.o
LOAD CMakeFiles/my_project.dir/home/akshat/Pico_Programming/pico-sdk/src/rp2_common/hardware_ticks/ticks.c.o
LOAD CMakeFiles/my_project.dir/home/akshat/Pico_Programming/pico-sdk/src/rp2_common/pico_bootrom/bootrom.c.o
LOAD CMakeFiles/my_project.dir/home/akshat/Pico_Programming/pico-sdk/src/rp2_common/pico_bootrom/bootrom_lock.c.o
LOAD CMakeFiles/my_project.dir/home/akshat/Pico_Programming/pico-sdk/src/rp2_common/hardware_boot_lock/boot_lock.c.o
LOAD CMakeFiles/my_project.dir/home/akshat/Pico_Programming/pico-sdk/src/rp2_common/pico_flash/flash.c.o
LOAD CMakeFiles/my_project.dir/home/akshat/Pico_Programming/pico-sdk/src/rp2_common/hardware_xosc/xosc.c.o
LOAD CMakeFiles/my_project.dir/home/akshat/Pico_Programming/pico-sdk/src/rp2_common/hardware_divider/divider.S.o
LOAD CMakeFiles/my_project.dir/home/akshat/Pico_Programming/pico-sdk/src/rp2_common/pico_runtime/runtime.c.o
LOAD CMakeFiles/my_project.dir/home/akshat/Pico_Programming/pico-sdk/src/rp2_common/pico_runtime_init/runtime_init.c.o
LOAD CMakeFiles/my_project.dir/home/akshat/Pico_Programming/pico-sdk/src/rp2_common/pico_runtime_init/runtime_init_clocks.c.o
LOAD CMakeFiles/my_project.dir/home/akshat/Pico_Programming/pico-sdk/src/rp2_common/pico_runtime_init/runtime_init_stack_guard.c.o
LOAD CMakeFiles/my_project.dir/home/akshat/Pico_Programming/pico-sdk/src/rp2_common/pico_bit_ops/bit_ops_aeabi.S.o
LOAD CMakeFiles/my_project.dir/home/akshat/Pico_Programming/pico-sdk/src/rp2_common/pico_divider/divider_hardware.S.o
LOAD CMakeFiles/my_project.dir/home/akshat/Pico_Programming/pico-sdk/src/rp2_common/pico_double/double_aeabi_rp2040.S.o
LOAD CMakeFiles/my_project.dir/home/akshat/Pico_Programming/pico-sdk/src/rp2_common/pico_double/double_init_rom_rp2040.c.o
LOAD CMakeFiles/my_project.dir/home/akshat/Pico_Programming/pico-sdk/src/rp2_common/pico_double/double_math.c.o
LOAD CMakeFiles/my_project.dir/home/akshat/Pico_Programming/pico-sdk/src/rp2_common/pico_double/double_v1_rom_shim_rp2040.S.o
LOAD CMakeFiles/my_project.dir/home/akshat/Pico_Programming/pico-sdk/src/rp2_common/pico_int64_ops/pico_int64_ops_aeabi.S.o
LOAD CMakeFiles/my_project.dir/home/akshat/Pico_Programming/pico-sdk/src/rp2_common/pico_float/float_aeabi_rp2040.S.o
LOAD CMakeFiles/my_project.dir/home/akshat/Pico_Programming/pico-sdk/src/rp2_common/pico_float/float_init_rom_rp2040.c.o
LOAD CMakeFiles/my_project.dir/home/akshat/Pico_Programming/pico-sdk/src/rp2_common/pico_float/float_math.c.o
LOAD CMakeFiles/my_project.dir/home/akshat/Pico_Programming/pico-sdk/src/rp2_common/pico_float/float_v1_rom_shim_rp2040.S.o
LOAD CMakeFiles/my_project.dir/home/akshat/Pico_Programming/pico-sdk/src/rp2_common/pico_malloc/malloc.c.o
LOAD CMakeFiles/my_project.dir/home/akshat/Pico_Programming/pico-sdk/src/rp2_common/pico_mem_ops/mem_ops_aeabi.S.o
LOAD CMakeFiles/my_project.dir/home/akshat/Pico_Programming/pico-sdk/src/rp2_common/pico_atomic/atomic.c.o
LOAD CMakeFiles/my_project.dir/home/akshat/Pico_Programming/pico-sdk/src/rp2_common/pico_cxx_options/new_delete.cpp.o
LOAD CMakeFiles/my_project.dir/home/akshat/Pico_Programming/pico-sdk/src/rp2_common/pico_standard_binary_info/standard_binary_info.c.o
LOAD CMakeFiles/my_project.dir/home/akshat/Pico_Programming/pico-sdk/src/rp2_common/pico_printf/printf.c.o
LOAD CMakeFiles/my_project.dir/home/akshat/Pico_Programming/pico-sdk/src/rp2_common/pico_crt0/crt0.S.o
LOAD CMakeFiles/my_project.dir/home/akshat/Pico_Programming/pico-sdk/src/rp2_common/pico_clib_interface/newlib_interface.c.o
LOAD CMakeFiles/my_project.dir/home/akshat/Pico_Programming/pico-sdk/src/rp2_common/pico_stdio/stdio.c.o
LOAD CMakeFiles/my_project.dir/home/akshat/Pico_Programming/pico-sdk/src/rp2_common/pico_stdio_usb/reset_interface.c.o
LOAD CMakeFiles/my_project.dir/home/akshat/Pico_Programming/pico-sdk/src/rp2_common/pico_stdio_usb/stdio_usb.c.o
LOAD CMakeFiles/my_project.dir/home/akshat/Pico_Programming/pico-sdk/src/rp2_common/pico_stdio_usb/stdio_usb_descriptors.c.o
LOAD CMakeFiles/my_project.dir/home/akshat/Pico_Programming/pico-sdk/src/rp2_common/pico_unique_id/unique_id.c.o
LOAD CMakeFiles/my_project.dir/home/akshat/Pico_Programming/pico-sdk/src/rp2_common/hardware_flash/flash.c.o
LOAD CMakeFiles/my_project.dir/home/akshat/Pico_Programming/pico-sdk/src/rp2_common/hardware_xip_cache/xip_cache.c.o
LOAD CMakeFiles/my_project.dir/home/akshat/Pico_Programming/pico-sdk/lib/tinyusb/src/portable/raspberrypi/rp2040/dcd_rp2040.c.o
LOAD CMakeFiles/my_project.dir/home/akshat/Pico_Programming/pico-sdk/lib/tinyusb/src/portable/raspberrypi/rp2040/rp2040_usb.c.o
LOAD CMakeFiles/my_project.dir/home/akshat/Pico_Programming/pico-sdk/lib/tinyusb/src/device/usbd.c.o
LOAD CMakeFiles/my_project.dir/home/akshat/Pico_Programming/pico-sdk/lib/tinyusb/src/device/usbd_control.c.o
LOAD CMakeFiles/my_project.dir/home/akshat/Pico_Programming/pico-sdk/lib/tinyusb/src/class/audio/audio_device.c.o
LOAD CMakeFiles/my_project.dir/home/akshat/Pico_Programming/pico-sdk/lib/tinyusb/src/class/cdc/cdc_device.c.o
LOAD CMakeFiles/my_project.dir/home/akshat/Pico_Programming/pico-sdk/lib/tinyusb/src/class/dfu/dfu_device.c.o
LOAD CMakeFiles/my_project.dir/home/akshat/Pico_Programming/pico-sdk/lib/tinyusb/src/class/dfu/dfu_rt_device.c.o
LOAD CMakeFiles/my_project.dir/home/akshat/Pico_Programming/pico-sdk/lib/tinyusb/src/class/hid/hid_device.c.o
LOAD CMakeFiles/my_project.dir/home/akshat/Pico_Programming/pico-sdk/lib/tinyusb/src/class/midi/midi_device.c.o
LOAD CMakeFiles/my_project.dir/home/akshat/Pico_Programming/pico-sdk/lib/tinyusb/src/class/msc/msc_device.c.o
LOAD CMakeFiles/my_project.dir/home/akshat/Pico_Programming/pico-sdk/lib/tinyusb/src/class/net/ecm_rndis_device.c.o
LOAD CMakeFiles/my_project.dir/home/akshat/Pico_Programming/pico-sdk/lib/tinyusb/src/class/net/ncm_device.c.o
LOAD CMakeFiles/my_project.dir/home/akshat/Pico_Programming/pico-sdk/lib/tinyusb/src/class/usbtmc/usbtmc_device.c.o
LOAD CMakeFiles/my_project.dir/home/akshat/Pico_Programming/pico-sdk/lib/tinyusb/src/class/vendor/vendor_device.c.o
LOAD CMakeFiles/my_project.dir/home/akshat/Pico_Programming/pico-sdk/lib/tinyusb/src/class/video/video_device.c.o
LOAD CMakeFiles/my_project.dir/home/akshat/Pico_Programming/pico-sdk/lib/tinyusb/src/tusb.c.o
LOAD CMakeFiles/my_project.dir/home/akshat/Pico_Programming/pico-sdk/lib/tinyusb/src/common/tusb_fifo.c.o
LOAD CMakeFiles/my_project.dir/home/akshat/Pico_Programming/pico-sdk/src/rp2_common/pico_fix/rp2040_usb_device_enumeration/rp2040_usb_device_enumeration.c.o
LOAD pico-sdk/src/rp2040/boot_stage2/CMakeFiles/bs2_default_library.dir/bs2_default_padded_checksummed.S.o
LOAD /usr/lib/gcc/arm-none-eabi/10.3.1/../../../arm-none-eabi/lib/thumb/v6-m/nofp/libstdc++.a
LOAD /usr/lib/gcc/arm-none-eabi/10.3.1/../../../arm-none-eabi/lib/thumb/v6-m/nofp/libm.a
START GROUP