Archive member included to satisfy reference by file (symbol)

/usr/lib/gcc/arm-none-eabi/10.3.1/thumb/v6-m/nofp/libgcc.a(_dvmd_tls.o)
                              CMakeFiles/gpio_interfacing.dir/home/akshat/Pico_Programming/pico-sdk/src/rp2_common/pico_divider/divider_hardware.S.o (__aeabi_idiv0)
/usr/lib/gcc/arm-none-eabi/10.3.1/../../../arm-none-eabi/lib/thumb/v6-m/nofp/libg.a(lib_a-atexit.o)
                              /usr/lib/gcc/arm-none-eabi/10.3.1/../../../arm-none-eabi/lib/thumb/v6-m/nofp/crt0.o (atexit)
/usr/lib/gcc/arm-none-eabi/10.3.1/../../../arm-none-eabi/lib/thumb/v6-m/nofp/libg.a(lib_a-calloc.o)
                              CMakeFiles/gpio_interfacing.dir/home/akshat/Pico_Programming/pico-sdk/src/rp2_common/pico_malloc/malloc.c.o (calloc)
/usr/lib/gcc/arm-none-eabi/10.3.1/../../../arm-none-eabi/lib/thumb/v6-m/nofp/libg.a(lib_a-callocr.o)
                              /usr/lib/gcc/arm-none-eabi/10.3.1/../../../arm-none-eabi/lib/thumb/v6-m/nofp/libg.a(lib_a-calloc.o) (_calloc_r)
/usr/lib/gcc/arm-none-eabi/10.3.1/../../../arm-none-eabi/lib/thumb/v6-m/nofp/libg.a(lib_a-fini.o)
                              /usr/lib/gcc/arm-none-eabi/10.3.1/../../../arm-none-eabi/lib/thumb/v6-m/nofp/crt0.o (__libc_fini_array)
/usr/lib/gcc/arm-none-eabi/10.3.1/../../../arm-none-eabi/lib/thumb/v6-m/nofp/libg.a(lib_a-impure.o)
                              /usr/lib/gcc/arm-none-eabi/10.3.1/../../../arm-none-eabi/lib/thumb/v6-m/nofp/libg.a(lib_a-calloc.o) (_impure_ptr)
/usr/lib/gcc/arm-none-eabi/10.3.1/../../../arm-none-eabi/lib/thumb/v6-m/nofp/libg.a(lib_a-init.o)
                              /usr/lib/gcc/arm-none-eabi/10.3.1/../../../arm-none-eabi/lib/thumb/v6-m/nofp/crt0.o (__libc_init_array)
/usr/lib/gcc/arm-none-eabi/10.3.1/../../../arm-none-eabi/lib/thumb/v6-m/nofp/libg.a(lib_a-lcltime_r.o)
                              CMakeFiles/gpio_interfacing.dir/home/akshat/Pico_Programming/pico-sdk/src/common/pico_util/datetime.c.o (localtime_r)
/usr/lib/gcc/arm-none-eabi/10.3.1/../../../arm-none-eabi/lib/thumb/v6-m/nofp/libg.a(lib_a-malloc.o)
                              CMakeFiles/gpio_interfacing.dir/home/akshat/Pico_Programming/pico-sdk/src/rp2_common/pico_malloc/malloc.c.o (malloc)
/usr/lib/gcc/arm-none-eabi/10.3.1/../../../arm-none-eabi/lib/thumb/v6-m/nofp/libg.a(lib_a-mallocr.o)
                              /usr/lib/gcc/arm-none-eabi/10.3.1/../../../arm-none-eabi/lib/thumb/v6-m/nofp/libg.a(lib_a-callocr.o) (_malloc_r)
/usr/lib/gcc/arm-none-eabi/10.3.1/../../../arm-none-eabi/lib/thumb/v6-m/nofp/libg.a(lib_a-memcmp.o)
                              CMakeFiles/gpio_interfacing.dir/home/akshat/Pico_Programming/pico-sdk/src/rp2_common/pico_atomic/atomic.c.o (memcmp)
/usr/lib/gcc/arm-none-eabi/10.3.1/../../../arm-none-eabi/lib/thumb/v6-m/nofp/libg.a(lib_a-mktime.o)
                              CMakeFiles/gpio_interfacing.dir/home/akshat/Pico_Programming/pico-sdk/src/common/pico_util/datetime.c.o (mktime)
/usr/lib/gcc/arm-none-eabi/10.3.1/../../../arm-none-eabi/lib/thumb/v6-m/nofp/libg.a(lib_a-mlock.o)
                              /usr/lib/gcc/arm-none-eabi/10.3.1/../../../arm-none-eabi/lib/thumb/v6-m/nofp/libg.a(lib_a-mallocr.o) (__malloc_lock)
/usr/lib/gcc/arm-none-eabi/10.3.1/../../../arm-none-eabi/lib/thumb/v6-m/nofp/libg.a(lib_a-month_lengths.o)
                              /usr/lib/gcc/arm-none-eabi/10.3.1/../../../arm-none-eabi/lib/thumb/v6-m/nofp/libg.a(lib_a-lcltime_r.o) (__month_lengths)
/usr/lib/gcc/arm-none-eabi/10.3.1/../../../arm-none-eabi/lib/thumb/v6-m/nofp/libg.a(lib_a-realloc.o)
                              CMakeFiles/gpio_interfacing.dir/home/akshat/Pico_Programming/pico-sdk/src/rp2_common/pico_malloc/malloc.c.o (realloc)
/usr/lib/gcc/arm-none-eabi/10.3.1/../../../arm-none-eabi/lib/thumb/v6-m/nofp/libg.a(lib_a-reallocr.o)
                              /usr/lib/gcc/arm-none-eabi/10.3.1/../../../arm-none-eabi/lib/thumb/v6-m/nofp/libg.a(lib_a-realloc.o) (_realloc_r)
/usr/lib/gcc/arm-none-eabi/10.3.1/../../../arm-none-eabi/lib/thumb/v6-m/nofp/libg.a(lib_a-sbrkr.o)
                              /usr/lib/gcc/arm-none-eabi/10.3.1/../../../arm-none-eabi/lib/thumb/v6-m/nofp/libg.a(lib_a-mallocr.o) (_sbrk_r)
/usr/lib/gcc/arm-none-eabi/10.3.1/../../../arm-none-eabi/lib/thumb/v6-m/nofp/libg.a(lib_a-strlen-stub.o)
                              CMakeFiles/gpio_interfacing.dir/home/akshat/Pico_Programming/pico-sdk/src/rp2_common/pico_stdio/stdio.c.o (strlen)
/usr/lib/gcc/arm-none-eabi/10.3.1/../../../arm-none-eabi/lib/thumb/v6-m/nofp/libg.a(lib_a-tzcalc_limits.o)
                              /usr/lib/gcc/arm-none-eabi/10.3.1/../../../arm-none-eabi/lib/thumb/v6-m/nofp/libg.a(lib_a-lcltime_r.o) (__tzcalc_limits)
/usr/lib/gcc/arm-none-eabi/10.3.1/../../../arm-none-eabi/lib/thumb/v6-m/nofp/libg.a(lib_a-tzlock.o)
                              /usr/lib/gcc/arm-none-eabi/10.3.1/../../../arm-none-eabi/lib/thumb/v6-m/nofp/libg.a(lib_a-lcltime_r.o) (__tz_lock)
[...]
Memory Configuration

Name             Origin             Length             Attributes
FLASH            0x0000000010000000 0x0000000000200000 xr
RAM              0x0000000020000000 0x0000000000040000 xrw
SCRATCH_X        0x0000000020040000 0x0000000000001000 xrw
SCRATCH_Y        0x0000000020041000 0x0000000000001000 xrw
*default*        0x0000000000000000 0xffffffffffffffff

Linker script and memory map

LOAD /usr/lib/gcc/arm-none-eabi/10.3.1/thumb/v6-m/nofp/crti.o
LOAD /usr/lib/gcc/arm-none-eabi/10.3.1/thumb/v6-m/nofp/crtbegin.o
LOAD /usr/lib/gcc/arm-none-eabi/10.3.1/../../../arm-none-eabi/lib/thumb/v6-m/nofp/crt0.o

.flash_begin    0x0000000010000000        0x0
                0x0000000010000000                __flash_binary_start = .

.boot2          0x0000000010000000      0x100
                0x0000000010000000                __boot2_start__ = .
 *(.boot2)
 .boot2         0x0000000010000000      0x100 pico-sdk/src/rp2040/boot_stage2/CMakeFiles/bs2_default_library.dir/bs2_default_padded_checksummed.S.o
                0x0000000010000100                __boot2_end__ = .
                0x0000000000000001                ASSERT (((__boot2_end__ - __boot2_start__) == 0x100), ERROR: Pico second stage bootloader must be 256 bytes in size)

.text           0x0000000010000100     0x457c
                0x0000000010000100                __logical_binary_start = .
 *(.vectors)
 .vectors       0x0000000010000100       0xd4 CMakeFiles/gpio_interfacing.dir/home/akshat/Pico_Programming/pico-sdk/src/rp2_common/pico_crt0/crt0.S.o
                0x0000000010000100                __vectors
                0x0000000010000100                __VECTOR_TABLE
                0x00000000100001c0                isr_irq30
                0x00000000100001c0                __unhandled_user_irq
                0x00000000100001c0                isr_irq13
                0x00000000100001c0                isr_irq27
                0x00000000100001c0                isr_irq31
                0x00000000100001c0                isr_irq5
                0x00000000100001c0                isr_irq11
                0x00000000100001c0                isr_irq23
                0x00000000100001c0                isr_irq18
                0x00000000100001c0                isr_irq28
                0x00000000100001c0                isr_irq19
                0x00000000100001c0                isr_irq0
                0x00000000100001c0                isr_irq6
                0x00000000100001c0                isr_irq22
                0x00000000100001c0                isr_irq17
                0x00000000100001c0                isr_irq14
                0x00000000100001c0                __vectors_end
                0x00000000100001c0                __default_isrs_start
                0x00000000100001c0                isr_irq2
                0x00000000100001c0                isr_irq10
                0x00000000100001c0                isr_irq8
                0x00000000100001c0                isr_irq24
                0x00000000100001c0                isr_irq1
                0x00000000100001c0                isr_irq7
                0x00000000100001c0                isr_irq21
                0x00000000100001c0                isr_irq20
                0x00000000100001c0                isr_irq15
                0x00000000100001c0                isr_irq25
                0x00000000100001c0                isr_irq4
                0x00000000100001c0                isr_irq16
                0x00000000100001c0                isr_irq29
                0x00000000100001c0                isr_irq26
                0x00000000100001c0                isr_irq3
                0x00000000100001c0                isr_irq12
                0x00000000100001c0                isr_irq9
                0x00000000100001c6                unhandled_user_irq_num_in_r0
                0x00000000100001c8                isr_invalid
                0x00000000100001ca                isr_nmi
                0x00000000100001cc                isr_hardfault
                0x00000000100001ce                isr_svcall
                0x00000000100001d0                isr_pendsv
                0x00000000100001d2                isr_systick
                0x00000000100001d4                __default_isrs_end
 *(.binary_info_header)
 .binary_info_header
                0x00000000100001d4       0x14 CMakeFiles/gpio_interfacing.dir/home/akshat/Pico_Programming/pico-sdk/src/rp2_common/pico_crt0/crt0.S.o
                0x00000000100001e8                __binary_info_header_end = .
 *(.embedded_block)
                0x00000000100001e8                __embedded_block_end = .
 *(.reset)
 .reset         0x00000000100001e8       0x9c CMakeFiles/gpio_interfacing.dir/home/akshat/Pico_Programming/pico-sdk/src/rp2_common/pico_crt0/crt0.S.o
                0x00000000100001e8                _entry_point
 *(.init)
 .init          0x0000000010000284        0x4 /usr/lib/gcc/arm-none-eabi/10.3.1/thumb/v6-m/nofp/crti.o
                0x0000000010000284                _init
 *(EXCLUDE_FILE(*libm.a: *libc.a:*lib_a-mem*.o *libgcc.a:) .text*)
 .text          0x0000000010000288       0x98 /usr/lib/gcc/arm-none-eabi/10.3.1/thumb/v6-m/nofp/crtbegin.o
 .text.startup.main
                0x0000000010000320       0x2c CMakeFiles/gpio_interfacing.dir/main.c.o
                0x0000000010000320                main
 .text.gpio_init
                0x000000001000034c       0x40 CMakeFiles/gpio_interfacing.dir/home/akshat/Pico_Programming/pico-sdk/src/rp2_common/hardware_gpio/gpio.c.o
                0x000000001000034c                gpio_init
 .text.rp2040_chip_version
                0x000000001000038c        0xc CMakeFiles/gpio_interfacing.dir/home/akshat/Pico_Programming/pico-sdk/src/rp2040/pico_platform/platform.c.o
                0x000000001000038c                rp2040_chip_version
 .text.panic    0x0000000010000398       0x30 CMakeFiles/gpio_interfacing.dir/home/akshat/Pico_Programming/pico-sdk/src/rp2_common/pico_platform_panic/panic.c.o
                0x0000000010000398                panic
 .text.hw_claim_or_assert
                0x00000000100003c8       0x44 CMakeFiles/gpio_interfacing.dir/home/akshat/Pico_Programming/pico-sdk/src/common/hardware_claim/claim.c.o
                0x00000000100003c8                hw_claim_or_assert
 .text.hw_claim_unused_from_range
                0x000000001000040c       0x9c CMakeFiles/gpio_interfacing.dir/home/akshat/Pico_Programming/pico-sdk/src/common/hardware_claim/claim.c.o
                0x000000001000040c                hw_claim_unused_from_range
 .text.next_striped_spin_lock_num
                0x00000000100004a8       0x18 CMakeFiles/gpio_interfacing.dir/home/akshat/Pico_Programming/pico-sdk/src/rp2_common/hardware_sync/sync.c.o
                0x00000000100004a8                next_striped_spin_lock_num
 .text.spin_lock_claim_unused
                0x00000000100004c0       0x20 CMakeFiles/gpio_interfacing.dir/home/akshat/Pico_Programming/pico-sdk/src/rp2_common/hardware_sync/sync.c.o
                0x00000000100004c0                spin_lock_claim_unused
 .text.spin_locks_reset
                0x00000000100004e0       0x1c CMakeFiles/gpio_interfacing.dir/home/akshat/Pico_Programming/pico-sdk/src/rp2_common/hardware_sync_spin_lock/sync_spin_lock.c.o
                0x00000000100004e0                spin_locks_reset
 .text.runtime_init_per_core_irq_priorities
                0x00000000100004fc       0x24 CMakeFiles/gpio_interfacing.dir/home/akshat/Pico_Programming/pico-sdk/src/rp2_common/hardware_irq/irq.c.o
                0x00000000100004fc                runtime_init_per_core_irq_priorities
 .text.irq_set_enabled
                0x0000000010000520       0x24 CMakeFiles/gpio_interfacing.dir/home/akshat/Pico_Programming/pico-sdk/src/rp2_common/hardware_irq/irq.c.o
                0x0000000010000520                irq_set_enabled
 .text.irq_is_enabled
                0x0000000010000544       0x18 CMakeFiles/gpio_interfacing.dir/home/akshat/Pico_Programming/pico-sdk/src/rp2_common/hardware_irq/irq.c.o
                0x0000000010000544                irq_is_enabled
 .text.irq_set_pending
                0x000000001000055c       0x10 CMakeFiles/gpio_interfacing.dir/home/akshat/Pico_Programming/pico-sdk/src/rp2_common/hardware_irq/irq.c.o
                0x000000001000055c                irq_set_pending
 .text.irq_has_shared_handler
                0x000000001000056c       0x24 CMakeFiles/gpio_interfacing.dir/home/akshat/Pico_Programming/pico-sdk/src/rp2_common/hardware_irq/irq.c.o
                0x000000001000056c                irq_has_shared_handler
 .text.irq_set_exclusive_handler
                0x0000000010000590       0x54 CMakeFiles/gpio_interfacing.dir/home/akshat/Pico_Programming/pico-sdk/src/rp2_common/hardware_irq/irq.c.o
                0x0000000010000590                irq_set_exclusive_handler
 .text.irq_add_shared_handler
                0x00000000100005e4      0x1e8 CMakeFiles/gpio_interfacing.dir/home/akshat/Pico_Programming/pico-sdk/src/rp2_common/hardware_irq/irq.c.o
                0x00000000100005e4                irq_add_shared_handler
 .text.irq_add_tail_to_free_list
                0x00000000100007cc       0xb4 CMakeFiles/gpio_interfacing.dir/home/akshat/Pico_Programming/pico-sdk/src/rp2_common/hardware_irq/irq.c.o
                0x00000000100007cc                irq_add_tail_to_free_list
 .text.user_irq_claim_unused
                0x0000000010000880       0x28 CMakeFiles/gpio_interfacing.dir/home/akshat/Pico_Programming/pico-sdk/src/rp2_common/hardware_irq/irq.c.o
                0x0000000010000880                user_irq_claim_unused
 .text.lock_init
                0x00000000100008a8       0x10 CMakeFiles/gpio_interfacing.dir/home/akshat/Pico_Programming/pico-sdk/src/common/pico_sync/lock_core.c.o
                0x00000000100008a8                lock_init
 .text.runtime_init_mutex
                0x00000000100008b8       0x58 CMakeFiles/gpio_interfacing.dir/home/akshat/Pico_Programming/pico-sdk/src/common/pico_sync/mutex.c.o
                0x00000000100008b8                runtime_init_mutex
 .text.mutex_init
                0x0000000010000910       0x1c CMakeFiles/gpio_interfacing.dir/home/akshat/Pico_Programming/pico-sdk/src/common/pico_sync/mutex.c.o
                0x0000000010000910                mutex_init
 .text.critical_section_init
                0x000000001000092c       0x20 CMakeFiles/gpio_interfacing.dir/home/akshat/Pico_Programming/pico-sdk/src/common/pico_sync/critical_section.c.o
                0x000000001000092c                critical_section_init
 .text.critical_section_init_with_lock_num
                0x000000001000094c       0x14 CMakeFiles/gpio_interfacing.dir/home/akshat/Pico_Programming/pico-sdk/src/common/pico_sync/critical_section.c.o
                0x000000001000094c                critical_section_init_with_lock_num
 .text.sleep_until_callback
                0x0000000010000960       0x30 CMakeFiles/gpio_interfacing.dir/home/akshat/Pico_Programming/pico-sdk/src/common/pico_time/time.c.o
 .text.alarm_pool_irq_handler
                0x0000000010000990      0x308 CMakeFiles/gpio_interfacing.dir/home/akshat/Pico_Programming/pico-sdk/src/common/pico_time/time.c.o
 .text.runtime_init_default_alarm_pool
                0x0000000010000c98       0xdc CMakeFiles/gpio_interfacing.dir/home/akshat/Pico_Programming/pico-sdk/src/common/pico_time/time.c.o
                0x0000000010000c98                runtime_init_default_alarm_pool
 .text.alarm_pool_get_default
                0x0000000010000d74        0x8 CMakeFiles/gpio_interfacing.dir/home/akshat/Pico_Programming/pico-sdk/src/common/pico_time/time.c.o
                0x0000000010000d74                alarm_pool_get_default
 .text.alarm_pool_add_alarm_at
                0x0000000010000d7c       0xc8 CMakeFiles/gpio_interfacing.dir/home/akshat/Pico_Programming/pico-sdk/src/common/pico_time/time.c.o
                0x0000000010000d7c                alarm_pool_add_alarm_at
 .text.alarm_pool_add_alarm_at_force_in_context
                0x0000000010000e44       0xb0 CMakeFiles/gpio_interfacing.dir/home/akshat/Pico_Programming/pico-sdk/src/common/pico_time/time.c.o
                0x0000000010000e44                alarm_pool_add_alarm_at_force_in_context
 .text.alarm_pool_cancel_alarm
                0x0000000010000ef4       0x7c CMakeFiles/gpio_interfacing.dir/home/akshat/Pico_Programming/pico-sdk/src/common/pico_time/time.c.o
                0x0000000010000ef4                alarm_pool_cancel_alarm
 .text.alarm_pool_core_num
                0x0000000010000f70        0x4 CMakeFiles/gpio_interfacing.dir/home/akshat/Pico_Programming/pico-sdk/src/common/pico_time/time.c.o
                0x0000000010000f70                alarm_pool_core_num
 .text.sleep_until
                0x0000000010000f74       0xd0 CMakeFiles/gpio_interfacing.dir/home/akshat/Pico_Programming/pico-sdk/src/common/pico_time/time.c.o
                0x0000000010000f74                sleep_until
 .text.sleep_ms
                0x0000000010001044       0x34 CMakeFiles/gpio_interfacing.dir/home/akshat/Pico_Programming/pico-sdk/src/common/pico_time/time.c.o
                0x0000000010001044                sleep_ms
 .text.best_effort_wfe_or_timeout
                0x0000000010001078       0xfc CMakeFiles/gpio_interfacing.dir/home/akshat/Pico_Programming/pico-sdk/src/common/pico_time/time.c.o
                0x0000000010001078                best_effort_wfe_or_timeout
 .text.timer_hardware_alarm_claim
                0x0000000010001174       0x14 CMakeFiles/gpio_interfacing.dir/home/akshat/Pico_Programming/pico-sdk/src/rp2_common/hardware_timer/timer.c.o
                0x0000000010001174                timer_hardware_alarm_claim
 .text.timer_time_us_64
                0x0000000010001188       0x10 CMakeFiles/gpio_interfacing.dir/home/akshat/Pico_Programming/pico-sdk/src/rp2_common/hardware_timer/timer.c.o
                0x0000000010001188                timer_time_us_64
 .text.time_us_64
                0x0000000010001198       0x14 CMakeFiles/gpio_interfacing.dir/home/akshat/Pico_Programming/pico-sdk/src/rp2_common/hardware_timer/timer.c.o
                0x0000000010001198                time_us_64
 .text.busy_wait_until
                0x00000000100011ac       0x20 CMakeFiles/gpio_interfacing.dir/home/akshat/Pico_Programming/pico-sdk/src/rp2_common/hardware_timer/timer.c.o
                0x00000000100011ac                busy_wait_until
 .text.clock_configure_int_divider
                0x00000000100011cc       0xf4 CMakeFiles/gpio_interfacing.dir/home/akshat/Pico_Programming/pico-sdk/src/rp2_common/hardware_clocks/clocks.c.o
                0x00000000100011cc                clock_configure_int_divider
 .text.clock_configure_undivided
                0x00000000100012c0       0xe8 CMakeFiles/gpio_interfacing.dir/home/akshat/Pico_Programming/pico-sdk/src/rp2_common/hardware_clocks/clocks.c.o
                0x00000000100012c0                clock_configure_undivided
 .text.clock_get_hz
                0x00000000100013a8        0xc CMakeFiles/gpio_interfacing.dir/home/akshat/Pico_Programming/pico-sdk/src/rp2_common/hardware_clocks/clocks.c.o
                0x00000000100013a8                clock_get_hz
 .text.pll_init
                0x00000000100013b4       0xa0 CMakeFiles/gpio_interfacing.dir/home/akshat/Pico_Programming/pico-sdk/src/rp2_common/hardware_pll/pll.c.o
                0x00000000100013b4                pll_init
 .text.watchdog_reboot
                0x0000000010001454       0x98 CMakeFiles/gpio_interfacing.dir/home/akshat/Pico_Programming/pico-sdk/src/rp2_common/hardware_watchdog/watchdog.c.o
                0x0000000010001454                watchdog_reboot
 .text.tick_start
                0x00000000100014ec       0x10 CMakeFiles/gpio_interfacing.dir/home/akshat/Pico_Programming/pico-sdk/src/rp2_common/hardware_ticks/ticks.c.o
                0x00000000100014ec                tick_start
 .text.rom_func_lookup
                0x00000000100014fc       0x10 CMakeFiles/gpio_interfacing.dir/home/akshat/Pico_Programming/pico-sdk/src/rp2_common/pico_bootrom/bootrom.c.o
                0x00000000100014fc                rom_func_lookup
 .text.rom_data_lookup
                0x000000001000150c       0x10 CMakeFiles/gpio_interfacing.dir/home/akshat/Pico_Programming/pico-sdk/src/rp2_common/pico_bootrom/bootrom.c.o
                0x000000001000150c                rom_data_lookup
 .text.rom_funcs_lookup
                0x000000001000151c       0x44 CMakeFiles/gpio_interfacing.dir/home/akshat/Pico_Programming/pico-sdk/src/rp2_common/pico_bootrom/bootrom.c.o
                0x000000001000151c                rom_funcs_lookup
 .text.rom_reset_usb_boot_extra
                0x0000000010001560       0x28 CMakeFiles/gpio_interfacing.dir/home/akshat/Pico_Programming/pico-sdk/src/rp2_common/pico_bootrom/bootrom.c.o
                0x0000000010001560                rom_reset_usb_boot_extra
 .text.xosc_init
                0x0000000010001588       0x28 CMakeFiles/gpio_interfacing.dir/home/akshat/Pico_Programming/pico-sdk/src/rp2_common/hardware_xosc/xosc.c.o
                0x0000000010001588                xosc_init
 .text.first_per_core_initializer
                0x00000000100015b0        0x4 CMakeFiles/gpio_interfacing.dir/home/akshat/Pico_Programming/pico-sdk/src/rp2_common/pico_runtime/runtime.c.o
 .text.hard_assertion_failure
                0x00000000100015b4        0xc CMakeFiles/gpio_interfacing.dir/home/akshat/Pico_Programming/pico-sdk/src/rp2_common/pico_runtime/runtime.c.o
                0x00000000100015b4                hard_assertion_failure
 .text.runtime_run_initializers
                0x00000000100015c0       0x28 CMakeFiles/gpio_interfacing.dir/home/akshat/Pico_Programming/pico-sdk/src/rp2_common/pico_runtime/runtime.c.o
                0x00000000100015c0                runtime_run_initializers
 .text.runtime_init_early_resets
                0x00000000100015e8       0x2c CMakeFiles/gpio_interfacing.dir/home/akshat/Pico_Programming/pico-sdk/src/rp2_common/pico_runtime_init/runtime_init.c.o
                0x00000000100015e8                runtime_init_early_resets
 .text.runtime_init_usb_power_down
                0x0000000010001614       0x1c CMakeFiles/gpio_interfacing.dir/home/akshat/Pico_Programming/pico-sdk/src/rp2_common/pico_runtime_init/runtime_init.c.o
                0x0000000010001614                runtime_init_usb_power_down
 .text.runtime_init_post_clock_resets
                0x0000000010001630       0x20 CMakeFiles/gpio_interfacing.dir/home/akshat/Pico_Programming/pico-sdk/src/rp2_common/pico_runtime_init/runtime_init.c.o
                0x0000000010001630                runtime_init_post_clock_resets
 .text.runtime_init_rp2040_gpio_ie_disable
                0x0000000010001650       0x14 CMakeFiles/gpio_interfacing.dir/home/akshat/Pico_Programming/pico-sdk/src/rp2_common/pico_runtime_init/runtime_init.c.o
                0x0000000010001650                runtime_init_rp2040_gpio_ie_disable
 .text.runtime_init_spin_locks_reset
                0x0000000010001664        0x8 CMakeFiles/gpio_interfacing.dir/home/akshat/Pico_Programming/pico-sdk/src/rp2_common/pico_runtime_init/runtime_init.c.o
                0x0000000010001664                runtime_init_spin_locks_reset
 .text.runtime_init_install_ram_vector_table
                0x000000001000166c       0xcc CMakeFiles/gpio_interfacing.dir/home/akshat/Pico_Programming/pico-sdk/src/rp2_common/pico_runtime_init/runtime_init.c.o
                0x000000001000166c                runtime_init_install_ram_vector_table
 .text.runtime_init_clocks
                0x0000000010001738       0xd8 CMakeFiles/gpio_interfacing.dir/home/akshat/Pico_Programming/pico-sdk/src/rp2_common/pico_runtime_init/runtime_init_clocks.c.o
                0x0000000010001738                runtime_init_clocks
 .text          0x0000000010001810       0x10 CMakeFiles/gpio_interfacing.dir/home/akshat/Pico_Programming/pico-sdk/src/rp2_common/pico_bit_ops/bit_ops_aeabi.S.o
 .text.__wrap___aeabi_uidiv
                0x0000000010001820       0x4c CMakeFiles/gpio_interfacing.dir/home/akshat/Pico_Programming/pico-sdk/src/rp2_common/pico_divider/divider_hardware.S.o
                0x0000000010001820                __wrap___aeabi_uidiv
                0x0000000010001820                __wrap___aeabi_uidivmod
                0x0000000010001820                div_u32u32
                0x0000000010001820                divmod_u32u32
                0x0000000010001828                divmod_u32u32_unsafe
                0x0000000010001850                divmod_u32u32_savestate
 .text.missing_double_func_shim
                0x000000001000186c        0xc CMakeFiles/gpio_interfacing.dir/home/akshat/Pico_Programming/pico-sdk/src/rp2_common/pico_double/double_init_rom_rp2040.c.o
 .text.__aeabi_double_init
                0x0000000010001878       0xa4 CMakeFiles/gpio_interfacing.dir/home/akshat/Pico_Programming/pico-sdk/src/rp2_common/pico_double/double_init_rom_rp2040.c.o
                0x0000000010001878                __aeabi_double_init
 .text.double_table_shim_on_use_helper
                0x000000001000191c       0x2c CMakeFiles/gpio_interfacing.dir/home/akshat/Pico_Programming/pico-sdk/src/rp2_common/pico_double/double_v1_rom_shim_rp2040.S.o
                0x000000001000191c                double_table_shim_on_use_helper
 .text.__aeabi_lmul
                0x0000000010001948       0x32 CMakeFiles/gpio_interfacing.dir/home/akshat/Pico_Programming/pico-sdk/src/rp2_common/pico_int64_ops/pico_int64_ops_aeabi.S.o
                0x0000000010001948                __wrap___aeabi_lmul
 *fill*         0x000000001000197a        0x2 
 .text.missing_float_func_shim
                0x000000001000197c        0xc CMakeFiles/gpio_interfacing.dir/home/akshat/Pico_Programming/pico-sdk/src/rp2_common/pico_float/float_init_rom_rp2040.c.o
 .text.__aeabi_float_init
                0x0000000010001988       0x5c CMakeFiles/gpio_interfacing.dir/home/akshat/Pico_Programming/pico-sdk/src/rp2_common/pico_float/float_init_rom_rp2040.c.o
                0x0000000010001988                __aeabi_float_init
 .text          0x00000000100019e4       0x10 CMakeFiles/gpio_interfacing.dir/home/akshat/Pico_Programming/pico-sdk/src/rp2_common/pico_mem_ops/mem_ops_aeabi.S.o
                0x00000000100019e4                __aeabi_mem_init
 .text.memset   0x00000000100019f4        0xc CMakeFiles/gpio_interfacing.dir/home/akshat/Pico_Programming/pico-sdk/src/rp2_common/pico_mem_ops/mem_ops_aeabi.S.o
                0x00000000100019f4                __wrap_memset
 .text.memcpy   0x0000000010001a00        0xc CMakeFiles/gpio_interfacing.dir/home/akshat/Pico_Programming/pico-sdk/src/rp2_common/pico_mem_ops/mem_ops_aeabi.S.o
                0x0000000010001a00                __wrap___aeabi_memcpy
                0x0000000010001a00                __wrap_memcpy
 .text._out_char
                0x0000000010001a0c       0x10 CMakeFiles/gpio_interfacing.dir/home/akshat/Pico_Programming/pico-sdk/src/rp2_common/pico_printf/printf.c.o
 .text.weak_raw_vprintf
                0x0000000010001a1c       0x30 CMakeFiles/gpio_interfacing.dir/home/akshat/Pico_Programming/pico-sdk/src/rp2_common/pico_printf/printf.c.o
                0x0000000010001a1c                weak_raw_vprintf
 .text._exit    0x0000000010001a4c        0x4 CMakeFiles/gpio_interfacing.dir/home/akshat/Pico_Programming/pico-sdk/src/rp2_common/pico_clib_interface/newlib_interface.c.o
                0x0000000010001a4c                _exit
 .text.exit     0x0000000010001a50        0x8 CMakeFiles/gpio_interfacing.dir/home/akshat/Pico_Programming/pico-sdk/src/rp2_common/pico_clib_interface/newlib_interface.c.o
                0x0000000010001a50                exit
 .text.runtime_init
                0x0000000010001a58       0x2c CMakeFiles/gpio_interfacing.dir/home/akshat/Pico_Programming/pico-sdk/src/rp2_common/pico_clib_interface/newlib_interface.c.o
                0x0000000010001a58                runtime_init
 .text.stdio_out_chars_no_crlf
                0x0000000010001a84       0x10 CMakeFiles/gpio_interfacing.dir/home/akshat/Pico_Programming/pico-sdk/src/rp2_common/pico_stdio/stdio.c.o
 .text.stdio_out_chars_crlf
                0x0000000010001a94       0xb4 CMakeFiles/gpio_interfacing.dir/home/akshat/Pico_Programming/pico-sdk/src/rp2_common/pico_stdio/stdio.c.o
 .text.stdio_put_string
                0x0000000010001b48      0x100 CMakeFiles/gpio_interfacing.dir/home/akshat/Pico_Programming/pico-sdk/src/rp2_common/pico_stdio/stdio.c.o
                0x0000000010001b48                stdio_put_string
 .text.stdio_set_driver_enabled
                0x0000000010001c48       0x30 CMakeFiles/gpio_interfacing.dir/home/akshat/Pico_Programming/pico-sdk/src/rp2_common/pico_stdio/stdio.c.o
                0x0000000010001c48                stdio_set_driver_enabled
 .text.stdio_init_all
                0x0000000010001c78        0x8 CMakeFiles/gpio_interfacing.dir/home/akshat/Pico_Programming/pico-sdk/src/rp2_common/pico_stdio/stdio.c.o
                0x0000000010001c78                stdio_init_all
 .text.__wrap_putchar
                0x0000000010001c80       0x98 CMakeFiles/gpio_interfacing.dir/home/akshat/Pico_Programming/pico-sdk/src/rp2_common/pico_stdio/stdio.c.o
                0x0000000010001c80                stdio_putchar
                0x0000000010001c80                __wrap_putchar
 .text.__wrap_puts
                0x0000000010001d18       0x3c CMakeFiles/gpio_interfacing.dir/home/akshat/Pico_Programming/pico-sdk/src/rp2_common/pico_stdio/stdio.c.o
                0x0000000010001d18                __wrap_puts
                0x0000000010001d18                stdio_puts
 .text.resetd_init
                0x0000000010001d54        0x4 CMakeFiles/gpio_interfacing.dir/home/akshat/Pico_Programming/pico-sdk/src/rp2_common/pico_stdio_usb/reset_interface.c.o
 .text.resetd_reset
                0x0000000010001d58        0xc CMakeFiles/gpio_interfacing.dir/home/akshat/Pico_Programming/pico-sdk/src/rp2_common/pico_stdio_usb/reset_interface.c.o
 .text.resetd_open
                0x0000000010001d64       0x28 CMakeFiles/gpio_interfacing.dir/home/akshat/Pico_Programming/pico-sdk/src/rp2_common/pico_stdio_usb/reset_interface.c.o
 .text.resetd_xfer_cb
                0x0000000010001d8c        0x4 CMakeFiles/gpio_interfacing.dir/home/akshat/Pico_Programming/pico-sdk/src/rp2_common/pico_stdio_usb/reset_interface.c.o
 .text.resetd_control_xfer_cb
                0x0000000010001d90       0x60 CMakeFiles/gpio_interfacing.dir/home/akshat/Pico_Programming/pico-sdk/src/rp2_common/pico_stdio_usb/reset_interface.c.o
 .text.tud_descriptor_bos_cb
                0x0000000010001df0        0x8 CMakeFiles/gpio_interfacing.dir/home/akshat/Pico_Programming/pico-sdk/src/rp2_common/pico_stdio_usb/reset_interface.c.o
                0x0000000010001df0                tud_descriptor_bos_cb
 .text.tud_vendor_control_xfer_cb
                0x0000000010001df8       0x34 CMakeFiles/gpio_interfacing.dir/home/akshat/Pico_Programming/pico-sdk/src/rp2_common/pico_stdio_usb/reset_interface.c.o
                0x0000000010001df8                tud_vendor_control_xfer_cb
 .text.usbd_app_driver_get_cb
                0x0000000010001e2c        0xc CMakeFiles/gpio_interfacing.dir/home/akshat/Pico_Programming/pico-sdk/src/rp2_common/pico_stdio_usb/reset_interface.c.o
                0x0000000010001e2c                usbd_app_driver_get_cb
 .text.tud_cdc_line_coding_cb
                0x0000000010001e38       0x2c CMakeFiles/gpio_interfacing.dir/home/akshat/Pico_Programming/pico-sdk/src/rp2_common/pico_stdio_usb/reset_interface.c.o
                0x0000000010001e38                tud_cdc_line_coding_cb
 .text.stdio_usb_set_chars_available_callback
                0x0000000010001e64       0x14 CMakeFiles/gpio_interfacing.dir/home/akshat/Pico_Programming/pico-sdk/src/rp2_common/pico_stdio_usb/stdio_usb.c.o
                0x0000000010001e64                stdio_usb_set_chars_available_callback
 .text.usb_irq  0x0000000010001e78       0x10 CMakeFiles/gpio_interfacing.dir/home/akshat/Pico_Programming/pico-sdk/src/rp2_common/pico_stdio_usb/stdio_usb.c.o
 .text.timer_task
                0x0000000010001e88       0x64 CMakeFiles/gpio_interfacing.dir/home/akshat/Pico_Programming/pico-sdk/src/rp2_common/pico_stdio_usb/stdio_usb.c.o
 .text.stdio_usb_in_chars
                0x0000000010001eec       0x90 CMakeFiles/gpio_interfacing.dir/home/akshat/Pico_Programming/pico-sdk/src/rp2_common/pico_stdio_usb/stdio_usb.c.o
                0x0000000010001eec                stdio_usb_in_chars
 .text.stdio_usb_out_flush
                0x0000000010001f7c       0x50 CMakeFiles/gpio_interfacing.dir/home/akshat/Pico_Programming/pico-sdk/src/rp2_common/pico_stdio_usb/stdio_usb.c.o
 .text.stdio_usb_out_chars
                0x0000000010001fcc      0x100 CMakeFiles/gpio_interfacing.dir/home/akshat/Pico_Programming/pico-sdk/src/rp2_common/pico_stdio_usb/stdio_usb.c.o
 .text.low_priority_worker_irq
                0x00000000100020cc       0xc8 CMakeFiles/gpio_interfacing.dir/home/akshat/Pico_Programming/pico-sdk/src/rp2_common/pico_stdio_usb/stdio_usb.c.o
 .text.stdio_usb_init
                0x0000000010002194       0xe8 CMakeFiles/gpio_interfacing.dir/home/akshat/Pico_Programming/pico-sdk/src/rp2_common/pico_stdio_usb/stdio_usb.c.o
                0x0000000010002194                stdio_usb_init
 .text.tud_descriptor_device_cb
                0x000000001000227c        0x8 CMakeFiles/gpio_interfacing.dir/home/akshat/Pico_Programming/pico-sdk/src/rp2_common/pico_stdio_usb/stdio_usb_descriptors.c.o
                0x000000001000227c                tud_descriptor_device_cb
 .text.tud_descriptor_configuration_cb
                0x0000000010002284        0x8 CMakeFiles/gpio_interfacing.dir/home/akshat/Pico_Programming/pico-sdk/src/rp2_common/pico_stdio_usb/stdio_usb_descriptors.c.o
                0x0000000010002284                tud_descriptor_configuration_cb
 .text.tud_descriptor_string_cb
                0x000000001000228c       0x74 CMakeFiles/gpio_interfacing.dir/home/akshat/Pico_Programming/pico-sdk/src/rp2_common/pico_stdio_usb/stdio_usb_descriptors.c.o
                0x000000001000228c                tud_descriptor_string_cb
 .text.startup._retrieve_unique_id_on_boot
                0x0000000010002300       0x10 CMakeFiles/gpio_interfacing.dir/home/akshat/Pico_Programming/pico-sdk/src/rp2_common/pico_unique_id/unique_id.c.o
 .text.pico_get_unique_board_id_string
                0x0000000010002310      0x1a8 CMakeFiles/gpio_interfacing.dir/home/akshat/Pico_Programming/pico-sdk/src/rp2_common/pico_unique_id/unique_id.c.o
                0x0000000010002310                pico_get_unique_board_id_string
 .text.flash_get_unique_id
                0x00000000100024b8       0x40 CMakeFiles/gpio_interfacing.dir/home/akshat/Pico_Programming/pico-sdk/src/rp2_common/hardware_flash/flash.c.o
                0x00000000100024b8                flash_get_unique_id
 .text.dcd_init
                0x00000000100024f8       0x90 CMakeFiles/gpio_interfacing.dir/home/akshat/Pico_Programming/pico-sdk/lib/tinyusb/src/portable/raspberrypi/rp2040/dcd_rp2040.c.o
                0x00000000100024f8                dcd_init
 .text.dcd_int_enable
                0x0000000010002588        0xc CMakeFiles/gpio_interfacing.dir/home/akshat/Pico_Programming/pico-sdk/lib/tinyusb/src/portable/raspberrypi/rp2040/dcd_rp2040.c.o
                0x0000000010002588                dcd_int_enable
 .text.dcd_set_address
                0x0000000010002594       0x14 CMakeFiles/gpio_interfacing.dir/home/akshat/Pico_Programming/pico-sdk/lib/tinyusb/src/portable/raspberrypi/rp2040/dcd_rp2040.c.o
                0x0000000010002594                dcd_set_address
 .text.dcd_sof_enable
                0x00000000100025a8       0x1c CMakeFiles/gpio_interfacing.dir/home/akshat/Pico_Programming/pico-sdk/lib/tinyusb/src/portable/raspberrypi/rp2040/dcd_rp2040.c.o
                0x00000000100025a8                dcd_sof_enable
 .text.dcd_edpt0_status_complete
                0x00000000100025c4       0x1c CMakeFiles/gpio_interfacing.dir/home/akshat/Pico_Programming/pico-sdk/lib/tinyusb/src/portable/raspberrypi/rp2040/dcd_rp2040.c.o
                0x00000000100025c4                dcd_edpt0_status_complete
 .text.dcd_edpt_open
                0x00000000100025e0      0x114 CMakeFiles/gpio_interfacing.dir/home/akshat/Pico_Programming/pico-sdk/lib/tinyusb/src/portable/raspberrypi/rp2040/dcd_rp2040.c.o
                0x00000000100025e0                dcd_edpt_open
 .text.dcd_edpt_close_all
                0x00000000100026f4        0x8 CMakeFiles/gpio_interfacing.dir/home/akshat/Pico_Programming/pico-sdk/lib/tinyusb/src/portable/raspberrypi/rp2040/dcd_rp2040.c.o
                0x00000000100026f4                dcd_edpt_close_all
 .text.dcd_edpt_xfer
                0x00000000100026fc       0x24 CMakeFiles/gpio_interfacing.dir/home/akshat/Pico_Programming/pico-sdk/lib/tinyusb/src/portable/raspberrypi/rp2040/dcd_rp2040.c.o
                0x00000000100026fc                dcd_edpt_xfer
 .text.dcd_edpt_stall
                0x0000000010002720       0x38 CMakeFiles/gpio_interfacing.dir/home/akshat/Pico_Programming/pico-sdk/lib/tinyusb/src/portable/raspberrypi/rp2040/dcd_rp2040.c.o
                0x0000000010002720                dcd_edpt_stall
 .text.dcd_edpt_clear_stall
                0x0000000010002758       0x30 CMakeFiles/gpio_interfacing.dir/home/akshat/Pico_Programming/pico-sdk/lib/tinyusb/src/portable/raspberrypi/rp2040/dcd_rp2040.c.o
                0x0000000010002758                dcd_edpt_clear_stall
 .text.rp2040_usb_init
                0x0000000010002788       0x40 CMakeFiles/gpio_interfacing.dir/home/akshat/Pico_Programming/pico-sdk/lib/tinyusb/src/portable/raspberrypi/rp2040/rp2040_usb.c.o
                0x0000000010002788                rp2040_usb_init
 .text.hw_endpoint_xfer_start
                0x00000000100027c8       0x50 CMakeFiles/gpio_interfacing.dir/home/akshat/Pico_Programming/pico-sdk/lib/tinyusb/src/portable/raspberrypi/rp2040/rp2040_usb.c.o
                0x00000000100027c8                hw_endpoint_xfer_start
 .text.tud_event_hook_cb
                0x0000000010002818        0x4 CMakeFiles/gpio_interfacing.dir/home/akshat/Pico_Programming/pico-sdk/lib/tinyusb/src/device/usbd.c.o
                0x0000000010002818                tud_event_hook_cb
 .text.tud_sof_cb
                0x000000001000281c        0x4 CMakeFiles/gpio_interfacing.dir/home/akshat/Pico_Programming/pico-sdk/lib/tinyusb/src/device/usbd.c.o
                0x000000001000281c                tud_sof_cb
 .text.tud_descriptor_device_qualifier_cb
                0x0000000010002820        0x4 CMakeFiles/gpio_interfacing.dir/home/akshat/Pico_Programming/pico-sdk/lib/tinyusb/src/device/usbd.c.o
                0x0000000010002820                tud_descriptor_device_qualifier_cb
 .text.tud_descriptor_other_speed_configuration_cb
                0x0000000010002824        0x4 CMakeFiles/gpio_interfacing.dir/home/akshat/Pico_Programming/pico-sdk/lib/tinyusb/src/device/usbd.c.o
                0x0000000010002824                tud_descriptor_other_speed_configuration_cb
 .text.tud_mount_cb
                0x0000000010002828        0x4 CMakeFiles/gpio_interfacing.dir/home/akshat/Pico_Programming/pico-sdk/lib/tinyusb/src/device/usbd.c.o
                0x0000000010002828                tud_mount_cb
 .text.tud_umount_cb
                0x000000001000282c        0x4 CMakeFiles/gpio_interfacing.dir/home/akshat/Pico_Programming/pico-sdk/lib/tinyusb/src/device/usbd.c.o
                0x000000001000282c                tud_umount_cb
 .text.tud_suspend_cb
                0x0000000010002830        0x4 CMakeFiles/gpio_interfacing.dir/home/akshat/Pico_Programming/pico-sdk/lib/tinyusb/src/device/usbd.c.o
                0x0000000010002830                tud_suspend_cb
 .text.tud_resume_cb
                0x0000000010002834        0x4 CMakeFiles/gpio_interfacing.dir/home/akshat/Pico_Programming/pico-sdk/lib/tinyusb/src/device/usbd.c.o
                0x0000000010002834                tud_resume_cb
 .text.tud_mounted
                0x0000000010002838       0x10 CMakeFiles/gpio_interfacing.dir/home/akshat/Pico_Programming/pico-sdk/lib/tinyusb/src/device/usbd.c.o
                0x0000000010002838                tud_mounted
 .text.tud_suspended
                0x0000000010002848       0x10 CMakeFiles/gpio_interfacing.dir/home/akshat/Pico_Programming/pico-sdk/lib/tinyusb/src/device/usbd.c.o
                0x0000000010002848                tud_suspended
 .text.tud_rhport_init
                0x0000000010002858       0xf4 CMakeFiles/gpio_interfacing.dir/home/akshat/Pico_Programming/pico-sdk/lib/tinyusb/src/device/usbd.c.o
                0x0000000010002858                tud_rhport_init
 .text.tud_task_ext
                0x000000001000294c      0x800 CMakeFiles/gpio_interfacing.dir/home/akshat/Pico_Programming/pico-sdk/lib/tinyusb/src/device/usbd.c.o
                0x000000001000294c                tud_task_ext
 .text.usbd_open_edpt_pair
                0x000000001000314c       0x9c CMakeFiles/gpio_interfacing.dir/home/akshat/Pico_Programming/pico-sdk/lib/tinyusb/src/device/usbd.c.o
                0x000000001000314c                usbd_open_edpt_pair
 .text.usbd_edpt_open
                0x00000000100031e8       0x34 CMakeFiles/gpio_interfacing.dir/home/akshat/Pico_Programming/pico-sdk/lib/tinyusb/src/device/usbd.c.o
                0x00000000100031e8                usbd_edpt_open
 .text.usbd_edpt_claim
                0x000000001000321c       0x28 CMakeFiles/gpio_interfacing.dir/home/akshat/Pico_Programming/pico-sdk/lib/tinyusb/src/device/usbd.c.o
                0x000000001000321c                usbd_edpt_claim
 .text.usbd_edpt_release
                0x0000000010003244       0x28 CMakeFiles/gpio_interfacing.dir/home/akshat/Pico_Programming/pico-sdk/lib/tinyusb/src/device/usbd.c.o
                0x0000000010003244                usbd_edpt_release
 .text.usbd_edpt_xfer
                0x000000001000326c       0x4c CMakeFiles/gpio_interfacing.dir/home/akshat/Pico_Programming/pico-sdk/lib/tinyusb/src/device/usbd.c.o
                0x000000001000326c                usbd_edpt_xfer
 .text.tud_control_status
                0x00000000100032b8       0x30 CMakeFiles/gpio_interfacing.dir/home/akshat/Pico_Programming/pico-sdk/lib/tinyusb/src/device/usbd_control.c.o
                0x00000000100032b8                tud_control_status
 .text.tud_control_xfer
                0x00000000100032e8       0xbc CMakeFiles/gpio_interfacing.dir/home/akshat/Pico_Programming/pico-sdk/lib/tinyusb/src/device/usbd_control.c.o
                0x00000000100032e8                tud_control_xfer
 .text.usbd_control_reset
                0x00000000100033a4       0x14 CMakeFiles/gpio_interfacing.dir/home/akshat/Pico_Programming/pico-sdk/lib/tinyusb/src/device/usbd_control.c.o
                0x00000000100033a4                usbd_control_reset
 .text.usbd_control_set_complete_callback
                0x00000000100033b8        0xc CMakeFiles/gpio_interfacing.dir/home/akshat/Pico_Programming/pico-sdk/lib/tinyusb/src/device/usbd_control.c.o
                0x00000000100033b8                usbd_control_set_complete_callback
 .text.usbd_control_set_request
                0x00000000100033c4       0x1c CMakeFiles/gpio_interfacing.dir/home/akshat/Pico_Programming/pico-sdk/lib/tinyusb/src/device/usbd_control.c.o
                0x00000000100033c4                usbd_control_set_request
 .text.usbd_control_xfer_cb
                0x00000000100033e0       0xf0 CMakeFiles/gpio_interfacing.dir/home/akshat/Pico_Programming/pico-sdk/lib/tinyusb/src/device/usbd_control.c.o
                0x00000000100033e0                usbd_control_xfer_cb
 .text._prep_out_transaction.isra.0
                0x00000000100034d0       0x6c CMakeFiles/gpio_interfacing.dir/home/akshat/Pico_Programming/pico-sdk/lib/tinyusb/src/class/cdc/cdc_device.c.o
 .text.tud_cdc_n_connected
                0x000000001000353c       0x2c CMakeFiles/gpio_interfacing.dir/home/akshat/Pico_Programming/pico-sdk/lib/tinyusb/src/class/cdc/cdc_device.c.o
                0x000000001000353c                tud_cdc_n_connected
 .text.tud_cdc_n_available
                0x0000000010003568       0x18 CMakeFiles/gpio_interfacing.dir/home/akshat/Pico_Programming/pico-sdk/lib/tinyusb/src/class/cdc/cdc_device.c.o
                0x0000000010003568                tud_cdc_n_available
 .text.tud_cdc_n_read
                0x0000000010003580       0x94 CMakeFiles/gpio_interfacing.dir/home/akshat/Pico_Programming/pico-sdk/lib/tinyusb/src/class/cdc/cdc_device.c.o
                0x0000000010003580                tud_cdc_n_read
 .text.tud_cdc_n_write_flush
                0x0000000010003614       0x78 CMakeFiles/gpio_interfacing.dir/home/akshat/Pico_Programming/pico-sdk/lib/tinyusb/src/class/cdc/cdc_device.c.o
                0x0000000010003614                tud_cdc_n_write_flush
 .text.tud_cdc_n_write
                0x000000001000368c       0x44 CMakeFiles/gpio_interfacing.dir/home/akshat/Pico_Programming/pico-sdk/lib/tinyusb/src/class/cdc/cdc_device.c.o
                0x000000001000368c                tud_cdc_n_write
 .text.tud_cdc_n_write_available
                0x00000000100036d0       0x18 CMakeFiles/gpio_interfacing.dir/home/akshat/Pico_Programming/pico-sdk/lib/tinyusb/src/class/cdc/cdc_device.c.o
                0x00000000100036d0                tud_cdc_n_write_available
 .text.cdcd_init
                0x00000000100036e8       0x70 CMakeFiles/gpio_interfacing.dir/home/akshat/Pico_Programming/pico-sdk/lib/tinyusb/src/class/cdc/cdc_device.c.o
                0x00000000100036e8                cdcd_init
 .text.cdcd_deinit
                0x0000000010003758       0x24 CMakeFiles/gpio_interfacing.dir/home/akshat/Pico_Programming/pico-sdk/lib/tinyusb/src/class/cdc/cdc_device.c.o
                0x0000000010003758                cdcd_deinit
 .text.cdcd_reset
                0x000000001000377c       0x4c CMakeFiles/gpio_interfacing.dir/home/akshat/Pico_Programming/pico-sdk/lib/tinyusb/src/class/cdc/cdc_device.c.o
                0x000000001000377c                cdcd_reset
 .text.cdcd_open
                0x00000000100037c8       0xa8 CMakeFiles/gpio_interfacing.dir/home/akshat/Pico_Programming/pico-sdk/lib/tinyusb/src/class/cdc/cdc_device.c.o
                0x00000000100037c8                cdcd_open
 .text.cdcd_control_xfer_cb
                0x0000000010003870       0xe8 CMakeFiles/gpio_interfacing.dir/home/akshat/Pico_Programming/pico-sdk/lib/tinyusb/src/class/cdc/cdc_device.c.o
                0x0000000010003870                cdcd_control_xfer_cb
 .text.cdcd_xfer_cb
                0x0000000010003958       0xfc CMakeFiles/gpio_interfacing.dir/home/akshat/Pico_Programming/pico-sdk/lib/tinyusb/src/class/cdc/cdc_device.c.o
                0x0000000010003958                cdcd_xfer_cb
 .text.vendord_init
                0x0000000010003a54       0x5c CMakeFiles/gpio_interfacing.dir/home/akshat/Pico_Programming/pico-sdk/lib/tinyusb/src/class/vendor/vendor_device.c.o
                0x0000000010003a54                vendord_init
 .text.vendord_deinit
                0x0000000010003ab0       0x1c CMakeFiles/gpio_interfacing.dir/home/akshat/Pico_Programming/pico-sdk/lib/tinyusb/src/class/vendor/vendor_device.c.o
                0x0000000010003ab0                vendord_deinit
 .text.vendord_reset
                0x0000000010003acc       0x28 CMakeFiles/gpio_interfacing.dir/home/akshat/Pico_Programming/pico-sdk/lib/tinyusb/src/class/vendor/vendor_device.c.o
                0x0000000010003acc                vendord_reset
 .text.vendord_open
                0x0000000010003af4      0x128 CMakeFiles/gpio_interfacing.dir/home/akshat/Pico_Programming/pico-sdk/lib/tinyusb/src/class/vendor/vendor_device.c.o
                0x0000000010003af4                vendord_open
 .text.vendord_xfer_cb
                0x0000000010003c1c       0x9c CMakeFiles/gpio_interfacing.dir/home/akshat/Pico_Programming/pico-sdk/lib/tinyusb/src/class/vendor/vendor_device.c.o
                0x0000000010003c1c                vendord_xfer_cb
 .text.tusb_rhport_init
                0x0000000010003cb8       0x48 CMakeFiles/gpio_interfacing.dir/home/akshat/Pico_Programming/pico-sdk/lib/tinyusb/src/tusb.c.o
                0x0000000010003cb8                tusb_rhport_init
 .text.tu_edpt_claim
                0x0000000010003d00       0x50 CMakeFiles/gpio_interfacing.dir/home/akshat/Pico_Programming/pico-sdk/lib/tinyusb/src/tusb.c.o
                0x0000000010003d00                tu_edpt_claim
 .text.tu_edpt_release
                0x0000000010003d50       0x38 CMakeFiles/gpio_interfacing.dir/home/akshat/Pico_Programming/pico-sdk/lib/tinyusb/src/tusb.c.o
                0x0000000010003d50                tu_edpt_release
 .text.tu_edpt_validate
                0x0000000010003d88       0x78 CMakeFiles/gpio_interfacing.dir/home/akshat/Pico_Programming/pico-sdk/lib/tinyusb/src/tusb.c.o
                0x0000000010003d88                tu_edpt_validate
 .text.tu_edpt_bind_driver
                0x0000000010003e00       0x34 CMakeFiles/gpio_interfacing.dir/home/akshat/Pico_Programming/pico-sdk/lib/tinyusb/src/tusb.c.o
                0x0000000010003e00                tu_edpt_bind_driver
 .text.tu_edpt_stream_init
                0x0000000010003e34       0x6c CMakeFiles/gpio_interfacing.dir/home/akshat/Pico_Programming/pico-sdk/lib/tinyusb/src/tusb.c.o
                0x0000000010003e34                tu_edpt_stream_init
 .text.tu_edpt_stream_deinit
                0x0000000010003ea0        0x4 CMakeFiles/gpio_interfacing.dir/home/akshat/Pico_Programming/pico-sdk/lib/tinyusb/src/tusb.c.o
                0x0000000010003ea0                tu_edpt_stream_deinit
 .text.tu_edpt_stream_write_zlp_if_needed
                0x0000000010003ea4       0x58 CMakeFiles/gpio_interfacing.dir/home/akshat/Pico_Programming/pico-sdk/lib/tinyusb/src/tusb.c.o
                0x0000000010003ea4                tu_edpt_stream_write_zlp_if_needed
 .text.tu_edpt_stream_write_xfer
                0x0000000010003efc       0x64 CMakeFiles/gpio_interfacing.dir/home/akshat/Pico_Programming/pico-sdk/lib/tinyusb/src/tusb.c.o
                0x0000000010003efc                tu_edpt_stream_write_xfer
 .text.tu_edpt_stream_read_xfer
                0x0000000010003f60       0xdc CMakeFiles/gpio_interfacing.dir/home/akshat/Pico_Programming/pico-sdk/lib/tinyusb/src/tusb.c.o
                0x0000000010003f60                tu_edpt_stream_read_xfer
 .text.tu_fifo_config
                0x000000001000403c       0x70 CMakeFiles/gpio_interfacing.dir/home/akshat/Pico_Programming/pico-sdk/lib/tinyusb/src/common/tusb_fifo.c.o
                0x000000001000403c                tu_fifo_config
 .text.tu_fifo_count
                0x00000000100040ac       0x2c CMakeFiles/gpio_interfacing.dir/home/akshat/Pico_Programming/pico-sdk/lib/tinyusb/src/common/tusb_fifo.c.o
                0x00000000100040ac                tu_fifo_count
 .text.tu_fifo_empty
                0x00000000100040d8       0x10 CMakeFiles/gpio_interfacing.dir/home/akshat/Pico_Programming/pico-sdk/lib/tinyusb/src/common/tusb_fifo.c.o
                0x00000000100040d8                tu_fifo_empty
 .text.tu_fifo_remaining
                0x00000000100040e8       0x2c CMakeFiles/gpio_interfacing.dir/home/akshat/Pico_Programming/pico-sdk/lib/tinyusb/src/common/tusb_fifo.c.o
                0x00000000100040e8                tu_fifo_remaining
 .text.tu_fifo_read
                0x0000000010004114       0xa0 CMakeFiles/gpio_interfacing.dir/home/akshat/Pico_Programming/pico-sdk/lib/tinyusb/src/common/tusb_fifo.c.o
                0x0000000010004114                tu_fifo_read
 .text.tu_fifo_read_n
                0x00000000100041b4       0xec CMakeFiles/gpio_interfacing.dir/home/akshat/Pico_Programming/pico-sdk/lib/tinyusb/src/common/tusb_fifo.c.o
                0x00000000100041b4                tu_fifo_read_n
 .text.tu_fifo_write
                0x00000000100042a0       0x88 CMakeFiles/gpio_interfacing.dir/home/akshat/Pico_Programming/pico-sdk/lib/tinyusb/src/common/tusb_fifo.c.o
                0x00000000100042a0                tu_fifo_write
 .text.tu_fifo_write_n
                0x0000000010004328      0x168 CMakeFiles/gpio_interfacing.dir/home/akshat/Pico_Programming/pico-sdk/lib/tinyusb/src/common/tusb_fifo.c.o
                0x0000000010004328                tu_fifo_write_n
 .text.tu_fifo_clear
                0x0000000010004490       0x40 CMakeFiles/gpio_interfacing.dir/home/akshat/Pico_Programming/pico-sdk/lib/tinyusb/src/common/tusb_fifo.c.o
                0x0000000010004490                tu_fifo_clear
 .text.tu_fifo_set_overwritable
                0x00000000100044d0       0x48 CMakeFiles/gpio_interfacing.dir/home/akshat/Pico_Programming/pico-sdk/lib/tinyusb/src/common/tusb_fifo.c.o
                0x00000000100044d0                tu_fifo_set_overwritable
 .text          0x0000000010004518       0x5c /usr/lib/gcc/arm-none-eabi/10.3.1/../../../arm-none-eabi/lib/thumb/v6-m/nofp/libg.a(lib_a-strlen-stub.o)
                0x0000000010004518                strlen
 *(.fini)
 .fini          0x0000000010004574        0x4 /usr/lib/gcc/arm-none-eabi/10.3.1/thumb/v6-m/nofp/crti.o
                0x0000000010004574                _fini
 .fini.__stub   0x0000000010004578       0xc0 linker stubs
 *crtbegin.o(.ctors)
 *crtbegin?.o(.ctors)
 *(EXCLUDE_FILE(*crtend.o *crtend?.o) .ctors)
 *(SORT_BY_NAME(.ctors.*))
 *(.ctors)
 *crtbegin.o(.dtors)
 *crtbegin?.o(.dtors)
 *(EXCLUDE_FILE(*crtend.o *crtend?.o) .dtors)
 *(SORT_BY_NAME(.dtors.*))
 *(.dtors)
                0x0000000010004638                . = ALIGN (0x4)
                0x0000000010004638                PROVIDE (__preinit_array_start = .)
 *(SORT_BY_NAME(.preinit_array.*))
 .preinit_array.00100
                0x0000000010004638        0x4 CMakeFiles/gpio_interfacing.dir/home/akshat/Pico_Programming/pico-sdk/src/rp2_common/pico_runtime_init/runtime_init.c.o
                0x0000000010004638                __pre_init_runtime_init_early_resets
 .preinit_array.00101
                0x000000001000463c        0x4 CMakeFiles/gpio_interfacing.dir/home/akshat/Pico_Programming/pico-sdk/src/rp2_common/pico_runtime_init/runtime_init.c.o
                0x000000001000463c                __pre_init_runtime_init_usb_power_down
 .preinit_array.00275
                0x0000000010004640        0x4 CMakeFiles/gpio_interfacing.dir/home/akshat/Pico_Programming/pico-sdk/src/rp2_common/pico_bit_ops/bit_ops_aeabi.S.o
 .preinit_array.00300
                0x0000000010004644        0x4 CMakeFiles/gpio_interfacing.dir/home/akshat/Pico_Programming/pico-sdk/src/rp2_common/pico_mem_ops/mem_ops_aeabi.S.o
 .preinit_array.00350
                0x0000000010004648        0x4 CMakeFiles/gpio_interfacing.dir/home/akshat/Pico_Programming/pico-sdk/src/rp2_common/pico_double/double_aeabi_rp2040.S.o
 .preinit_array.00350
                0x000000001000464c        0x4 CMakeFiles/gpio_interfacing.dir/home/akshat/Pico_Programming/pico-sdk/src/rp2_common/pico_float/float_aeabi_rp2040.S.o
 .preinit_array.00500
                0x0000000010004650        0x4 CMakeFiles/gpio_interfacing.dir/home/akshat/Pico_Programming/pico-sdk/src/rp2_common/pico_runtime_init/runtime_init.c.o
                0x0000000010004650                __pre_init_runtime_init_clocks
 .preinit_array.00600
                0x0000000010004654        0x4 CMakeFiles/gpio_interfacing.dir/home/akshat/Pico_Programming/pico-sdk/src/rp2_common/pico_runtime_init/runtime_init.c.o
                0x0000000010004654                __pre_init_runtime_init_post_clock_resets
 .preinit_array.00700
                0x0000000010004658        0x4 CMakeFiles/gpio_interfacing.dir/home/akshat/Pico_Programming/pico-sdk/src/rp2_common/pico_runtime_init/runtime_init.c.o
                0x0000000010004658                __pre_init_runtime_init_rp2040_gpio_ie_disable
 .preinit_array.01000
                0x000000001000465c        0x4 CMakeFiles/gpio_interfacing.dir/home/akshat/Pico_Programming/pico-sdk/src/rp2_common/pico_runtime_init/runtime_init.c.o
                0x000000001000465c                __pre_init_runtime_init_spin_locks_reset
 .preinit_array.01100
                0x0000000010004660        0x4 CMakeFiles/gpio_interfacing.dir/home/akshat/Pico_Programming/pico-sdk/src/common/pico_sync/mutex.c.o
                0x0000000010004660                __pre_init_runtime_init_mutex
 .preinit_array.10080
                0x0000000010004664        0x4 CMakeFiles/gpio_interfacing.dir/home/akshat/Pico_Programming/pico-sdk/src/rp2_common/pico_runtime_init/runtime_init.c.o
                0x0000000010004664                __pre_init_runtime_init_install_ram_vector_table
 .preinit_array.11000
                0x0000000010004668        0x4 CMakeFiles/gpio_interfacing.dir/home/akshat/Pico_Programming/pico-sdk/src/common/pico_time/time.c.o
                0x0000000010004668                __pre_init_runtime_init_default_alarm_pool
 .preinit_array.YYYYY
                0x000000001000466c        0x4 CMakeFiles/gpio_interfacing.dir/home/akshat/Pico_Programming/pico-sdk/src/rp2_common/pico_runtime/runtime.c.o
                0x000000001000466c                __pre_init_first_per_core_initializer
 .preinit_array.ZZZZZ.01200
                0x0000000010004670        0x4 CMakeFiles/gpio_interfacing.dir/home/akshat/Pico_Programming/pico-sdk/src/rp2_common/hardware_irq/irq.c.o
                0x0000000010004670                __pre_init_runtime_init_per_core_irq_priorities
 *(.preinit_array)
                0x0000000010004674                PROVIDE (__preinit_array_end = .)
                0x0000000010004674                . = ALIGN (0x4)
                0x0000000010004674                PROVIDE (__init_array_start = .)
 *(SORT_BY_NAME(.init_array.*))
 .init_array.01000
                0x0000000010004674        0x4 CMakeFiles/gpio_interfacing.dir/home/akshat/Pico_Programming/pico-sdk/src/rp2_common/pico_unique_id/unique_id.c.o
 *(.init_array)
 .init_array    0x0000000010004678        0x4 /usr/lib/gcc/arm-none-eabi/10.3.1/thumb/v6-m/nofp/crtbegin.o
                0x000000001000467c                PROVIDE (__init_array_end = .)
                0x000000001000467c                . = ALIGN (0x4)
                0x000000001000467c                PROVIDE (__fini_array_start = .)
 *(SORT_BY_NAME(.fini_array.*))
 *(.fini_array)
                0x000000001000467c                PROVIDE (__fini_array_end = .)
 *(.eh_frame*)
 .eh_frame      0x000000001000467c        0x0 /usr/lib/gcc/arm-none-eabi/10.3.1/thumb/v6-m/nofp/crtbegin.o
                0x000000001000467c                . = ALIGN (0x4)

.glue_7         0x000000001000467c        0x0
 .glue_7        0x000000001000467c        0x0 linker stubs

.glue_7t        0x000000001000467c        0x0
 .glue_7t       0x000000001000467c        0x0 linker stubs

.vfp11_veneer   0x000000001000467c        0x0
 .vfp11_veneer  0x000000001000467c        0x0 linker stubs

.v4_bx          0x000000001000467c        0x0
 .v4_bx         0x000000001000467c        0x0 linker stubs

.iplt           0x000000001000467c        0x0
 .iplt          0x000000001000467c        0x0 /usr/lib/gcc/arm-none-eabi/10.3.1/thumb/v6-m/nofp/crtbegin.o

.rodata         0x000000001000467c      0x430
 *(EXCLUDE_FILE(*libm.a: *libc.a:*lib_a-mem*.o *libgcc.a:) .rodata*)
 .rodata.panic.str1.4
                0x000000001000467c       0x12 CMakeFiles/gpio_interfacing.dir/home/akshat/Pico_Programming/pico-sdk/src/rp2_common/pico_platform_panic/panic.c.o
 *fill*         0x000000001000468e        0x2 
 .rodata.spin_lock_claim_unused.str1.4
                0x0000000010004690       0x1b CMakeFiles/gpio_interfacing.dir/home/akshat/Pico_Programming/pico-sdk/src/rp2_common/hardware_sync/sync.c.o
 *fill*         0x00000000100046ab        0x1 
 .rodata.user_irq_claim_unused.str1.4
                0x00000000100046ac       0x1b CMakeFiles/gpio_interfacing.dir/home/akshat/Pico_Programming/pico-sdk/src/rp2_common/hardware_irq/irq.c.o
 *fill*         0x00000000100046c7        0x1 
 .rodata.timer_hardware_alarm_claim.str1.4
                0x00000000100046c8       0x22 CMakeFiles/gpio_interfacing.dir/home/akshat/Pico_Programming/pico-sdk/src/rp2_common/hardware_timer/timer.c.o
 *fill*         0x00000000100046ea        0x2 
 .rodata.hard_assertion_failure.str1.4
                0x00000000100046ec        0xc CMakeFiles/gpio_interfacing.dir/home/akshat/Pico_Programming/pico-sdk/src/rp2_common/pico_runtime/runtime.c.o
 .rodata.missing_double_func_shim.str1.4
                0x00000000100046f8       0x18 CMakeFiles/gpio_interfacing.dir/home/akshat/Pico_Programming/pico-sdk/src/rp2_common/pico_double/double_init_rom_rp2040.c.o
 .rodata.missing_float_func_shim.str1.4
                0x0000000010004710       0x18 CMakeFiles/gpio_interfacing.dir/home/akshat/Pico_Programming/pico-sdk/src/rp2_common/pico_float/float_init_rom_rp2040.c.o
                                          0x1 (size before relaxing)
 .rodata.str1.4
                0x0000000010004710       0x48 CMakeFiles/gpio_interfacing.dir/home/akshat/Pico_Programming/pico-sdk/src/rp2_common/pico_standard_binary_info/standard_binary_info.c.o
 .rodata.__bi_26
                0x0000000010004758        0xc CMakeFiles/gpio_interfacing.dir/home/akshat/Pico_Programming/pico-sdk/src/rp2_common/pico_standard_binary_info/standard_binary_info.c.o
 .rodata.__bi_34
                0x0000000010004764        0xc CMakeFiles/gpio_interfacing.dir/home/akshat/Pico_Programming/pico-sdk/src/rp2_common/pico_standard_binary_info/standard_binary_info.c.o
 .rodata.__bi_42
                0x0000000010004770        0xc CMakeFiles/gpio_interfacing.dir/home/akshat/Pico_Programming/pico-sdk/src/rp2_common/pico_standard_binary_info/standard_binary_info.c.o
 .rodata.__bi_48
                0x000000001000477c        0xc CMakeFiles/gpio_interfacing.dir/home/akshat/Pico_Programming/pico-sdk/src/rp2_common/pico_standard_binary_info/standard_binary_info.c.o
 .rodata.__bi_54
                0x0000000010004788        0xc CMakeFiles/gpio_interfacing.dir/home/akshat/Pico_Programming/pico-sdk/src/rp2_common/pico_standard_binary_info/standard_binary_info.c.o
 .rodata.__bi_78
                0x0000000010004794        0xc CMakeFiles/gpio_interfacing.dir/home/akshat/Pico_Programming/pico-sdk/src/rp2_common/pico_standard_binary_info/standard_binary_info.c.o
 .rodata.__bi_84
                0x00000000100047a0        0xc CMakeFiles/gpio_interfacing.dir/home/akshat/Pico_Programming/pico-sdk/src/rp2_common/pico_standard_binary_info/standard_binary_info.c.o
 .rodata.crlf_str.0
                0x00000000100047ac        0x2 CMakeFiles/gpio_interfacing.dir/home/akshat/Pico_Programming/pico-sdk/src/rp2_common/pico_stdio/stdio.c.o
 *fill*         0x00000000100047ae        0x2 
 .rodata._resetd_driver
                0x00000000100047b0       0x20 CMakeFiles/gpio_interfacing.dir/home/akshat/Pico_Programming/pico-sdk/src/rp2_common/pico_stdio_usb/reset_interface.c.o
 .rodata.desc_bos
                0x00000000100047d0       0x21 CMakeFiles/gpio_interfacing.dir/home/akshat/Pico_Programming/pico-sdk/src/rp2_common/pico_stdio_usb/reset_interface.c.o
                0x00000000100047d0                desc_bos
 *fill*         0x00000000100047f1        0x3 
 .rodata.desc_ms_os_20
                0x00000000100047f4       0xa6 CMakeFiles/gpio_interfacing.dir/home/akshat/Pico_Programming/pico-sdk/src/rp2_common/pico_stdio_usb/reset_interface.c.o
 *fill*         0x000000001000489a        0x2 
 .rodata.str1.4
                0x000000001000489c       0x13 CMakeFiles/gpio_interfacing.dir/home/akshat/Pico_Programming/pico-sdk/src/rp2_common/pico_stdio_usb/stdio_usb.c.o
 *fill*         0x00000000100048af        0x1 
 .rodata.__bi_202.0
                0x00000000100048b0        0xc CMakeFiles/gpio_interfacing.dir/home/akshat/Pico_Programming/pico-sdk/src/rp2_common/pico_stdio_usb/stdio_usb.c.o
 .rodata.str1.4
                0x00000000100048bc       0x2a CMakeFiles/gpio_interfacing.dir/home/akshat/Pico_Programming/pico-sdk/src/rp2_common/pico_stdio_usb/stdio_usb_descriptors.c.o
 *fill*         0x00000000100048e6        0x2 
 .rodata.usbd_desc_cfg
                0x00000000100048e8       0x54 CMakeFiles/gpio_interfacing.dir/home/akshat/Pico_Programming/pico-sdk/src/rp2_common/pico_stdio_usb/stdio_usb_descriptors.c.o
 .rodata.usbd_desc_device
                0x000000001000493c       0x12 CMakeFiles/gpio_interfacing.dir/home/akshat/Pico_Programming/pico-sdk/src/rp2_common/pico_stdio_usb/stdio_usb_descriptors.c.o
 *fill*         0x000000001000494e        0x2 
 .rodata.usbd_desc_str
                0x0000000010004950       0x18 CMakeFiles/gpio_interfacing.dir/home/akshat/Pico_Programming/pico-sdk/src/rp2_common/pico_stdio_usb/stdio_usb_descriptors.c.o
 .rodata.str1.4
                0x0000000010004968       0x14 CMakeFiles/gpio_interfacing.dir/home/akshat/Pico_Programming/pico-sdk/lib/tinyusb/src/portable/raspberrypi/rp2040/dcd_rp2040.c.o
 .rodata.str1.4
                0x000000001000497c       0x48 CMakeFiles/gpio_interfacing.dir/home/akshat/Pico_Programming/pico-sdk/lib/tinyusb/src/portable/raspberrypi/rp2040/rp2040_usb.c.o
 .rodata.tud_task_ext
                0x00000000100049c4       0x8c CMakeFiles/gpio_interfacing.dir/home/akshat/Pico_Programming/pico-sdk/lib/tinyusb/src/device/usbd.c.o
 .rodata        0x0000000010004a50       0x1c CMakeFiles/gpio_interfacing.dir/home/akshat/Pico_Programming/pico-sdk/lib/tinyusb/src/device/usbd.c.o
 .rodata._usbd_driver
                0x0000000010004a6c       0x40 CMakeFiles/gpio_interfacing.dir/home/akshat/Pico_Programming/pico-sdk/lib/tinyusb/src/device/usbd.c.o
                0x0000000010004aac                . = ALIGN (0x4)
 *(SORT_BY_ALIGNMENT(SORT_BY_NAME(.flashdata*)))
                0x0000000010004aac                . = ALIGN (0x4)

.ARM.extab
 *(.ARM.extab* .gnu.linkonce.armextab.*)
                0x0000000010004aac                __exidx_start = .

.ARM.exidx
 *(.ARM.exidx* .gnu.linkonce.armexidx.*)
                0x0000000010004aac                __exidx_end = .
                0x0000000010004aac                . = ALIGN (0x4)
                0x0000000010004aac                __binary_info_start = .

.binary_info    0x0000000010004aac       0x20
 *(.binary_info.keep.*)
 .binary_info.keep.__bi_ptr26
                0x0000000010004aac        0x4 CMakeFiles/gpio_interfacing.dir/home/akshat/Pico_Programming/pico-sdk/src/rp2_common/pico_standard_binary_info/standard_binary_info.c.o
 .binary_info.keep.__bi_ptr34
                0x0000000010004ab0        0x4 CMakeFiles/gpio_interfacing.dir/home/akshat/Pico_Programming/pico-sdk/src/rp2_common/pico_standard_binary_info/standard_binary_info.c.o
 .binary_info.keep.__bi_ptr42
                0x0000000010004ab4        0x4 CMakeFiles/gpio_interfacing.dir/home/akshat/Pico_Programming/pico-sdk/src/rp2_common/pico_standard_binary_info/standard_binary_info.c.o
 .binary_info.keep.__bi_ptr48
                0x0000000010004ab8        0x4 CMakeFiles/gpio_interfacing.dir/home/akshat/Pico_Programming/pico-sdk/src/rp2_common/pico_standard_binary_info/standard_binary_info.c.o
 .binary_info.keep.__bi_ptr54
                0x0000000010004abc        0x4 CMakeFiles/gpio_interfacing.dir/home/akshat/Pico_Programming/pico-sdk/src/rp2_common/pico_standard_binary_info/standard_binary_info.c.o
 .binary_info.keep.__bi_ptr78
                0x0000000010004ac0        0x4 CMakeFiles/gpio_interfacing.dir/home/akshat/Pico_Programming/pico-sdk/src/rp2_common/pico_standard_binary_info/standard_binary_info.c.o
 .binary_info.keep.__bi_ptr84
                0x0000000010004ac4        0x4 CMakeFiles/gpio_interfacing.dir/home/akshat/Pico_Programming/pico-sdk/src/rp2_common/pico_standard_binary_info/standard_binary_info.c.o
 *(.binary_info.*)
 .binary_info.__bi_ptr202
                0x0000000010004ac8        0x4 CMakeFiles/gpio_interfacing.dir/home/akshat/Pico_Programming/pico-sdk/src/rp2_common/pico_stdio_usb/stdio_usb.c.o
                0x0000000010004acc                __binary_info_end = .
                0x0000000010004acc                . = ALIGN (0x4)

.ram_vector_table
                0x0000000020000000       0xc0
 *(.ram_vector_table)
 .ram_vector_table
                0x0000000020000000       0xc0 CMakeFiles/gpio_interfacing.dir/home/akshat/Pico_Programming/pico-sdk/src/rp2_common/pico_runtime_init/runtime_init.c.o
                0x0000000020000000                ram_vector_table

.uninitialized_data
                0x00000000200000c0        0x0
                0x00000000200000c0                . = ALIGN (0x4)
 *(.uninitialized_data*)

.data           0x00000000200000c0     0x1030 load address 0x0000000010004acc
                0x00000000200000c0                __data_start__ = .
 *(vtable)
 *(.time_critical*)
 .time_critical.mutex_try_enter
                0x00000000200000c0       0x44 CMakeFiles/gpio_interfacing.dir/home/akshat/Pico_Programming/pico-sdk/src/common/pico_sync/mutex.c.o
                0x00000000200000c0                mutex_try_enter
 .time_critical.mutex_try_enter_block_until
                0x0000000020000104       0x9c CMakeFiles/gpio_interfacing.dir/home/akshat/Pico_Programming/pico-sdk/src/common/pico_sync/mutex.c.o
                0x0000000020000104                mutex_try_enter_block_until
 .time_critical.mutex_enter_timeout_ms
                0x00000000200001a0       0x90 CMakeFiles/gpio_interfacing.dir/home/akshat/Pico_Programming/pico-sdk/src/common/pico_sync/mutex.c.o
                0x00000000200001a0                mutex_enter_timeout_ms
 .time_critical.mutex_exit
                0x0000000020000230       0x28 CMakeFiles/gpio_interfacing.dir/home/akshat/Pico_Programming/pico-sdk/src/common/pico_sync/mutex.c.o
                0x0000000020000230                mutex_exit
 .time_critical.flash_init_boot2_copyout
                0x0000000020000258       0x30 CMakeFiles/gpio_interfacing.dir/home/akshat/Pico_Programming/pico-sdk/src/rp2_common/hardware_flash/flash.c.o
 .time_critical.flash_enable_xip_via_boot2
                0x0000000020000288       0x10 CMakeFiles/gpio_interfacing.dir/home/akshat/Pico_Programming/pico-sdk/src/rp2_common/hardware_flash/flash.c.o
 .time_critical.flash_save_hardware_state
                0x0000000020000298       0x28 CMakeFiles/gpio_interfacing.dir/home/akshat/Pico_Programming/pico-sdk/src/rp2_common/hardware_flash/flash.c.o
 .time_critical.flash_restore_hardware_state
                0x00000000200002c0       0x28 CMakeFiles/gpio_interfacing.dir/home/akshat/Pico_Programming/pico-sdk/src/rp2_common/hardware_flash/flash.c.o
 .time_critical.flash_cs_force
                0x00000000200002e8       0x38 CMakeFiles/gpio_interfacing.dir/home/akshat/Pico_Programming/pico-sdk/src/rp2_common/hardware_flash/flash.c.o
 .time_critical.flash_do_cmd
                0x0000000020000320       0xd4 CMakeFiles/gpio_interfacing.dir/home/akshat/Pico_Programming/pico-sdk/src/rp2_common/hardware_flash/flash.c.o
                0x0000000020000320                flash_do_cmd
 .time_critical.reset_non_control_endpoints
                0x00000000200003f4       0xbc CMakeFiles/gpio_interfacing.dir/home/akshat/Pico_Programming/pico-sdk/lib/tinyusb/src/portable/raspberrypi/rp2040/dcd_rp2040.c.o
 .time_critical.hw_handle_buff_status
                0x00000000200004b0       0x98 CMakeFiles/gpio_interfacing.dir/home/akshat/Pico_Programming/pico-sdk/lib/tinyusb/src/portable/raspberrypi/rp2040/dcd_rp2040.c.o
 .time_critical.dcd_rp2040_irq
                0x0000000020000548      0x530 CMakeFiles/gpio_interfacing.dir/home/akshat/Pico_Programming/pico-sdk/lib/tinyusb/src/portable/raspberrypi/rp2040/dcd_rp2040.c.o
 .time_critical.prepare_ep_buffer
                0x0000000020000a78       0xf4 CMakeFiles/gpio_interfacing.dir/home/akshat/Pico_Programming/pico-sdk/lib/tinyusb/src/portable/raspberrypi/rp2040/rp2040_usb.c.o
 .time_critical.sync_ep_buffer
                0x0000000020000b6c       0xb4 CMakeFiles/gpio_interfacing.dir/home/akshat/Pico_Programming/pico-sdk/lib/tinyusb/src/portable/raspberrypi/rp2040/rp2040_usb.c.o
 .time_critical._hw_endpoint_xfer_sync
                0x0000000020000c20       0x28 CMakeFiles/gpio_interfacing.dir/home/akshat/Pico_Programming/pico-sdk/lib/tinyusb/src/portable/raspberrypi/rp2040/rp2040_usb.c.o
 .time_critical.e15_is_bulkin_ep
                0x0000000020000c48       0x28 CMakeFiles/gpio_interfacing.dir/home/akshat/Pico_Programming/pico-sdk/lib/tinyusb/src/portable/raspberrypi/rp2040/rp2040_usb.c.o
 .time_critical.e15_is_critical_frame_period
                0x0000000020000c70       0x34 CMakeFiles/gpio_interfacing.dir/home/akshat/Pico_Programming/pico-sdk/lib/tinyusb/src/portable/raspberrypi/rp2040/rp2040_usb.c.o
 .time_critical.hw_endpoint_reset_transfer
                0x0000000020000ca4        0xc CMakeFiles/gpio_interfacing.dir/home/akshat/Pico_Programming/pico-sdk/lib/tinyusb/src/portable/raspberrypi/rp2040/rp2040_usb.c.o
                0x0000000020000ca4                hw_endpoint_reset_transfer
 .time_critical._hw_endpoint_buffer_control_update32
                0x0000000020000cb0       0x50 CMakeFiles/gpio_interfacing.dir/home/akshat/Pico_Programming/pico-sdk/lib/tinyusb/src/portable/raspberrypi/rp2040/rp2040_usb.c.o
                0x0000000020000cb0                _hw_endpoint_buffer_control_update32
 .time_critical.hw_endpoint_start_next_buffer
                0x0000000020000d00       0x6c CMakeFiles/gpio_interfacing.dir/home/akshat/Pico_Programming/pico-sdk/lib/tinyusb/src/portable/raspberrypi/rp2040/rp2040_usb.c.o
                0x0000000020000d00                hw_endpoint_start_next_buffer
 .time_critical.hw_endpoint_xfer_continue
                0x0000000020000d6c       0x40 CMakeFiles/gpio_interfacing.dir/home/akshat/Pico_Programming/pico-sdk/lib/tinyusb/src/portable/raspberrypi/rp2040/rp2040_usb.c.o
                0x0000000020000d6c                hw_endpoint_xfer_continue
 .time_critical.tinyusb
                0x0000000020000dac      0x1f0 CMakeFiles/gpio_interfacing.dir/home/akshat/Pico_Programming/pico-sdk/lib/tinyusb/src/device/usbd.c.o
                0x0000000020000dac                dcd_event_handler
 *(.text*)
 .text          0x0000000020000f9c        0x4 /usr/lib/gcc/arm-none-eabi/10.3.1/thumb/v6-m/nofp/libgcc.a(_dvmd_tls.o)
                0x0000000020000f9c                __aeabi_ldiv0
                0x0000000020000f9c                __aeabi_idiv0
 .text.__stub   0x0000000020000fa0       0x80 linker stubs
                0x0000000020001020                . = ALIGN (0x4)
 *(.rodata*)
                0x0000000020001020                . = ALIGN (0x4)
 *(.data*)
 .data.striped_spin_lock_num
                0x0000000020001020        0x1 CMakeFiles/gpio_interfacing.dir/home/akshat/Pico_Programming/pico-sdk/src/rp2_common/hardware_sync/sync.c.o
 *fill*         0x0000000020001021        0x3 
 .data          0x0000000020001024       0x48 CMakeFiles/gpio_interfacing.dir/home/akshat/Pico_Programming/pico-sdk/src/rp2_common/hardware_irq/irq_handler_chain.S.o
                0x0000000020001024                irq_handler_chain_slots
                0x0000000020001054                irq_handler_chain_first_slot
                0x000000002000105e                irq_handler_chain_remove_tail
 .data.default_alarm_pool
                0x000000002000106c       0x18 CMakeFiles/gpio_interfacing.dir/home/akshat/Pico_Programming/pico-sdk/src/common/pico_time/time.c.o
 *fill*         0x0000000020001084        0xc 
 .data.aeabi_bits_funcs
                0x0000000020001090       0x10 CMakeFiles/gpio_interfacing.dir/home/akshat/Pico_Programming/pico-sdk/src/rp2_common/pico_bit_ops/bit_ops_aeabi.S.o
                0x0000000020001090                aeabi_bits_funcs
                0x00000000200010a0                aeabi_bits_funcs_end
 .data.aeabi_mem_funcs
                0x00000000200010a0       0x10 CMakeFiles/gpio_interfacing.dir/home/akshat/Pico_Programming/pico-sdk/src/rp2_common/pico_mem_ops/mem_ops_aeabi.S.o
                0x00000000200010a0                aeabi_mem_funcs
                0x00000000200010b0                aeabi_mem_funcs_end
 .data.stdio_usb
                0x00000000200010b0       0x18 CMakeFiles/gpio_interfacing.dir/home/akshat/Pico_Programming/pico-sdk/src/rp2_common/pico_stdio_usb/stdio_usb.c.o
                0x00000000200010b0                stdio_usb
 .data._usbd_qdef
                0x00000000200010c8       0x1c CMakeFiles/gpio_interfacing.dir/home/akshat/Pico_Programming/pico-sdk/lib/tinyusb/src/device/usbd.c.o
                0x00000000200010c8                _usbd_qdef
 .data._usbd_rhport
                0x00000000200010e4        0x1 CMakeFiles/gpio_interfacing.dir/home/akshat/Pico_Programming/pico-sdk/lib/tinyusb/src/device/usbd.c.o
                0x00000000200010e8                . = ALIGN (0x4)
 *fill*         0x00000000200010e5        0x3 
 *(.after_data.*)
                0x00000000200010e8                . = ALIGN (0x4)
                0x00000000200010e8                PROVIDE (__mutex_array_start = .)
 *(SORT_BY_NAME(.mutex_array.*))
 *(.mutex_array)
 .mutex_array   0x00000000200010e8        0x8 CMakeFiles/gpio_interfacing.dir/home/akshat/Pico_Programming/pico-sdk/src/rp2_common/pico_stdio/stdio.c.o
                0x00000000200010f0                PROVIDE (__mutex_array_end = .)
                0x00000000200010f0                . = ALIGN (0x4)
 *(.jcr)
                0x00000000200010f0                . = ALIGN (0x4)

.tm_clone_table
                0x00000000200010f0        0x0 load address 0x0000000010005afc
 .tm_clone_table
                0x00000000200010f0        0x0 /usr/lib/gcc/arm-none-eabi/10.3.1/thumb/v6-m/nofp/crtbegin.o
 .tm_clone_table
                0x00000000200010f0        0x0 /usr/lib/gcc/arm-none-eabi/10.3.1/thumb/v6-m/nofp/crtend.o

.igot.plt       0x00000000200010f0        0x0 load address 0x0000000010005afc
 .igot.plt      0x00000000200010f0        0x0 /usr/lib/gcc/arm-none-eabi/10.3.1/thumb/v6-m/nofp/crtbegin.o

.tdata          0x00000000200010f0        0x0 load address 0x0000000010005afc
                0x00000000200010f0                . = ALIGN (0x4)
 *(.tdata .tdata.* .gnu.linkonce.td.*)
                0x00000000200010f0                __tdata_end = .
                0x00000000200010f0                PROVIDE (__data_end__ = .)
                0x0000000010004acc                __etext = LOADADDR (.data)

.tbss           0x00000000200010f0        0x0 load address 0x0000000010005afc
                0x00000000200010f0                . = ALIGN (0x4)
                0x00000000200010f0                __bss_start__ = .
                0x00000000200010f0                __tls_base = .
 *(.tbss .tbss.* .gnu.linkonce.tb.*)
 *(.tcommon)
                0x00000000200010f0                __tls_end = .

.bss            0x00000000200010f0      0xf00 load address 0x0000000010005afc
                0x00000000200010f0                . = ALIGN (0x4)
                0x00000000200010f0                __tbss_end = .
 *(SORT_BY_ALIGNMENT(SORT_BY_NAME(.bss*)))
 .bss.default_alarm_pool_entries
                0x00000000200010f0      0x180 CMakeFiles/gpio_interfacing.dir/home/akshat/Pico_Programming/pico-sdk/src/common/pico_time/time.c.o
 .bss.last_avail_time.1
                0x0000000020001270        0x8 CMakeFiles/gpio_interfacing.dir/home/akshat/Pico_Programming/pico-sdk/src/rp2_common/pico_stdio_usb/stdio_usb.c.o
 .bss.sd_table  0x0000000020001278      0x100 CMakeFiles/gpio_interfacing.dir/home/akshat/Pico_Programming/pico-sdk/src/rp2_common/pico_double/double_init_rom_rp2040.c.o
                0x0000000020001278                sd_table
 .bss           0x0000000020001378       0x1c /usr/lib/gcc/arm-none-eabi/10.3.1/thumb/v6-m/nofp/crtbegin.o
 .bss._app_driver
                0x0000000020001394        0x4 CMakeFiles/gpio_interfacing.dir/home/akshat/Pico_Programming/pico-sdk/lib/tinyusb/src/device/usbd.c.o
 .bss._cdcd_epbuf
                0x0000000020001398       0x80 CMakeFiles/gpio_interfacing.dir/home/akshat/Pico_Programming/pico-sdk/lib/tinyusb/src/class/cdc/cdc_device.c.o
 .bss._cdcd_fifo_cfg
                0x0000000020001418        0x1 CMakeFiles/gpio_interfacing.dir/home/akshat/Pico_Programming/pico-sdk/lib/tinyusb/src/class/cdc/cdc_device.c.o
 *fill*         0x0000000020001419        0x3 
 .bss._cdcd_itf
                0x000000002000141c       0xc8 CMakeFiles/gpio_interfacing.dir/home/akshat/Pico_Programming/pico-sdk/lib/tinyusb/src/class/cdc/cdc_device.c.o
 .bss._ctrl_epbuf
                0x00000000200014e4       0x40 CMakeFiles/gpio_interfacing.dir/home/akshat/Pico_Programming/pico-sdk/lib/tinyusb/src/device/usbd_control.c.o
 .bss._ctrl_xfer
                0x0000000020001524       0x14 CMakeFiles/gpio_interfacing.dir/home/akshat/Pico_Programming/pico-sdk/lib/tinyusb/src/device/usbd_control.c.o
 .bss._tusb_rhport_role
                0x0000000020001538        0x2 CMakeFiles/gpio_interfacing.dir/home/akshat/Pico_Programming/pico-sdk/lib/tinyusb/src/tusb.c.o
                0x0000000020001538                _tusb_rhport_role
 *fill*         0x000000002000153a        0x2 
 .bss._ubsd_mutexdef
                0x000000002000153c        0x8 CMakeFiles/gpio_interfacing.dir/home/akshat/Pico_Programming/pico-sdk/lib/tinyusb/src/device/usbd.c.o
 .bss._usbd_dev
                0x0000000020001544       0x54 CMakeFiles/gpio_interfacing.dir/home/akshat/Pico_Programming/pico-sdk/lib/tinyusb/src/device/usbd.c.o
 .bss._usbd_mutex
                0x0000000020001598        0x4 CMakeFiles/gpio_interfacing.dir/home/akshat/Pico_Programming/pico-sdk/lib/tinyusb/src/device/usbd.c.o
 .bss._usbd_q   0x000000002000159c        0x4 CMakeFiles/gpio_interfacing.dir/home/akshat/Pico_Programming/pico-sdk/lib/tinyusb/src/device/usbd.c.o
 .bss._usbd_qdef_buf
                0x00000000200015a0       0xc0 CMakeFiles/gpio_interfacing.dir/home/akshat/Pico_Programming/pico-sdk/lib/tinyusb/src/device/usbd.c.o
                0x00000000200015a0                _usbd_qdef_buf
 .bss._vendord_epbuf
                0x0000000020001660       0x80 CMakeFiles/gpio_interfacing.dir/home/akshat/Pico_Programming/pico-sdk/lib/tinyusb/src/class/vendor/vendor_device.c.o
 .bss._vendord_itf
                0x00000000200016e0      0x24c CMakeFiles/gpio_interfacing.dir/home/akshat/Pico_Programming/pico-sdk/lib/tinyusb/src/class/vendor/vendor_device.c.o
 .bss.boot2_copyout
                0x000000002000192c      0x100 CMakeFiles/gpio_interfacing.dir/home/akshat/Pico_Programming/pico-sdk/src/rp2_common/hardware_flash/flash.c.o
 .bss.chars_available_callback
                0x0000000020001a2c        0x4 CMakeFiles/gpio_interfacing.dir/home/akshat/Pico_Programming/pico-sdk/src/rp2_common/pico_stdio_usb/stdio_usb.c.o
 .bss.chars_available_param
                0x0000000020001a30        0x4 CMakeFiles/gpio_interfacing.dir/home/akshat/Pico_Programming/pico-sdk/src/rp2_common/pico_stdio_usb/stdio_usb.c.o
 .bss.claimed   0x0000000020001a34        0x4 CMakeFiles/gpio_interfacing.dir/home/akshat/Pico_Programming/pico-sdk/src/rp2_common/hardware_sync/sync.c.o
 .bss.claimed   0x0000000020001a38        0x1 CMakeFiles/gpio_interfacing.dir/home/akshat/Pico_Programming/pico-sdk/src/rp2_common/hardware_timer/timer.c.o
 *fill*         0x0000000020001a39        0x3 
 .bss.configured_freq
                0x0000000020001a3c       0x28 CMakeFiles/gpio_interfacing.dir/home/akshat/Pico_Programming/pico-sdk/src/rp2_common/hardware_clocks/clocks.c.o
 .bss.desc_str.0
                0x0000000020001a64       0x28 CMakeFiles/gpio_interfacing.dir/home/akshat/Pico_Programming/pico-sdk/src/rp2_common/pico_stdio_usb/stdio_usb_descriptors.c.o
 .bss.drivers   0x0000000020001a8c        0x4 CMakeFiles/gpio_interfacing.dir/home/akshat/Pico_Programming/pico-sdk/src/rp2_common/pico_stdio/stdio.c.o
 .bss.e15_last_sof
                0x0000000020001a90        0x4 CMakeFiles/gpio_interfacing.dir/home/akshat/Pico_Programming/pico-sdk/lib/tinyusb/src/portable/raspberrypi/rp2040/rp2040_usb.c.o
                0x0000000020001a90                e15_last_sof
 .bss.filter    0x0000000020001a94        0x4 CMakeFiles/gpio_interfacing.dir/home/akshat/Pico_Programming/pico-sdk/src/rp2_common/pico_stdio/stdio.c.o
 .bss.hw_endpoints
                0x0000000020001a98      0x400 CMakeFiles/gpio_interfacing.dir/home/akshat/Pico_Programming/pico-sdk/lib/tinyusb/src/portable/raspberrypi/rp2040/dcd_rp2040.c.o
 .bss.lazy_vsnprintf
                0x0000000020001e98        0x4 CMakeFiles/gpio_interfacing.dir/home/akshat/Pico_Programming/pico-sdk/src/rp2_common/pico_printf/printf.c.o
 .bss.load_value
                0x0000000020001e9c        0x4 CMakeFiles/gpio_interfacing.dir/home/akshat/Pico_Programming/pico-sdk/src/rp2_common/hardware_watchdog/watchdog.c.o
 .bss.next_buffer_ptr
                0x0000000020001ea0        0x4 CMakeFiles/gpio_interfacing.dir/home/akshat/Pico_Programming/pico-sdk/lib/tinyusb/src/portable/raspberrypi/rp2040/dcd_rp2040.c.o
 .bss.one_shot_timer_crit_sec
                0x0000000020001ea4        0x8 CMakeFiles/gpio_interfacing.dir/home/akshat/Pico_Programming/pico-sdk/src/rp2_common/pico_stdio_usb/stdio_usb.c.o
 .bss.pools     0x0000000020001eac       0x10 CMakeFiles/gpio_interfacing.dir/home/akshat/Pico_Programming/pico-sdk/src/common/pico_time/time.c.o
 .bss.retrieved_id
                0x0000000020001ebc        0x8 CMakeFiles/gpio_interfacing.dir/home/akshat/Pico_Programming/pico-sdk/src/rp2_common/pico_unique_id/unique_id.c.o
 .bss.sf_clz_func
                0x0000000020001ec4        0x4 CMakeFiles/gpio_interfacing.dir/home/akshat/Pico_Programming/pico-sdk/src/rp2_common/pico_double/double_init_rom_rp2040.c.o
                0x0000000020001ec4                sf_clz_func
 .bss.sf_table  0x0000000020001ec8      0x100 CMakeFiles/gpio_interfacing.dir/home/akshat/Pico_Programming/pico-sdk/src/rp2_common/pico_float/float_init_rom_rp2040.c.o
                0x0000000020001ec8                sf_table
 .bss.sleep_notifier
                0x0000000020001fc8        0x4 CMakeFiles/gpio_interfacing.dir/home/akshat/Pico_Programming/pico-sdk/src/common/pico_time/time.c.o
 .bss.stdio_usb_mutex
                0x0000000020001fcc        0x8 CMakeFiles/gpio_interfacing.dir/home/akshat/Pico_Programming/pico-sdk/src/rp2_common/pico_stdio_usb/stdio_usb.c.o
 .bss.usbd_serial_str
                0x0000000020001fd4       0x11 CMakeFiles/gpio_interfacing.dir/home/akshat/Pico_Programming/pico-sdk/src/rp2_common/pico_stdio_usb/stdio_usb_descriptors.c.o
 .bss._app_driver_count
                0x0000000020001fe5        0x1 CMakeFiles/gpio_interfacing.dir/home/akshat/Pico_Programming/pico-sdk/lib/tinyusb/src/device/usbd.c.o
 .bss._sof_enable
                0x0000000020001fe6        0x1 CMakeFiles/gpio_interfacing.dir/home/akshat/Pico_Programming/pico-sdk/lib/tinyusb/src/portable/raspberrypi/rp2040/dcd_rp2040.c.o
 .bss._usbd_queued_setup
                0x0000000020001fe7        0x1 CMakeFiles/gpio_interfacing.dir/home/akshat/Pico_Programming/pico-sdk/lib/tinyusb/src/device/usbd.c.o
 .bss.boot2_copyout_valid
                0x0000000020001fe8        0x1 CMakeFiles/gpio_interfacing.dir/home/akshat/Pico_Programming/pico-sdk/src/rp2_common/hardware_flash/flash.c.o
 .bss.irq_handler_chain_free_slot_head
                0x0000000020001fe9        0x1 CMakeFiles/gpio_interfacing.dir/home/akshat/Pico_Programming/pico-sdk/src/rp2_common/hardware_irq/irq.c.o
 .bss.itf_num   0x0000000020001fea        0x1 CMakeFiles/gpio_interfacing.dir/home/akshat/Pico_Programming/pico-sdk/src/rp2_common/pico_stdio_usb/reset_interface.c.o
 .bss.low_priority_irq_num
                0x0000000020001feb        0x1 CMakeFiles/gpio_interfacing.dir/home/akshat/Pico_Programming/pico-sdk/src/rp2_common/pico_stdio_usb/stdio_usb.c.o
 .bss.one_shot_timer_pending
                0x0000000020001fec        0x1 CMakeFiles/gpio_interfacing.dir/home/akshat/Pico_Programming/pico-sdk/src/rp2_common/pico_stdio_usb/stdio_usb.c.o
 .bss.user_irq_claimed
                0x0000000020001fed        0x1 CMakeFiles/gpio_interfacing.dir/home/akshat/Pico_Programming/pico-sdk/src/rp2_common/hardware_irq/irq.c.o
 *(COMMON)
                0x0000000020001ff0                . = ALIGN (0x4)
 *fill*         0x0000000020001fee        0x2 
                0x0000000020001ff0                __bss_end__ = .

.heap           0x0000000020001ff0      0x800 load address 0x0000000010005afc
                0x0000000020001ff0                __end__ = .
                0x0000000020001ff0                end = __end__
 *(.heap*)
 .heap          0x0000000020001ff0      0x800 CMakeFiles/gpio_interfacing.dir/home/akshat/Pico_Programming/pico-sdk/src/rp2_common/pico_crt0/crt0.S.o
                0x0000000020040000                __HeapLimit = (ORIGIN (RAM) + LENGTH (RAM))

.scratch_x      0x0000000020040000        0x0 load address 0x0000000010005afc
                0x0000000020040000                __scratch_x_start__ = .
 *(.scratch_x.*)
                0x0000000020040000                . = ALIGN (0x4)
                0x0000000020040000                __scratch_x_end__ = .
                0x0000000010005afc                __scratch_x_source__ = LOADADDR (.scratch_x)

.scratch_y      0x0000000020041000        0x0 load address 0x0000000010005afc
                0x0000000020041000                __scratch_y_start__ = .
 *(.scratch_y.*)
                0x0000000020041000                . = ALIGN (0x4)
                0x0000000020041000                __scratch_y_end__ = .
                0x0000000010005afc                __scratch_y_source__ = LOADADDR (.scratch_y)

.stack1_dummy   0x0000000020040000        0x0
 *(.stack1*)

.stack_dummy    0x0000000020041000      0x800
 *(.stack*)
 .stack         0x0000000020041000      0x800 CMakeFiles/gpio_interfacing.dir/home/akshat/Pico_Programming/pico-sdk/src/rp2_common/pico_crt0/crt0.S.o

.rel.dyn        0x0000000020041800        0x0
 .rel.iplt      0x0000000020041800        0x0 /usr/lib/gcc/arm-none-eabi/10.3.1/thumb/v6-m/nofp/crtbegin.o

.flash_end      0x0000000010005afc        0x0
 *(.embedded_end_block*)
                0x0000000010005afc                PROVIDE (__flash_binary_end = .)
                0x0000000020040000                __StackLimit = (ORIGIN (RAM) + LENGTH (RAM))
                0x0000000020041000                __StackOneTop = (ORIGIN (SCRATCH_X) + LENGTH (SCRATCH_X))
                0x0000000020042000                __StackTop = (ORIGIN (SCRATCH_Y) + LENGTH (SCRATCH_Y))
                0x0000000020041000                __StackOneBottom = (__StackOneTop - SIZEOF (.stack1_dummy))
                0x0000000020041800                __StackBottom = (__StackTop - SIZEOF (.stack_dummy))
                0x0000000020042000                PROVIDE (__stack = __StackTop)
                [!provide]                        PROVIDE (__heap_start = __end__)
                [!provide]                        PROVIDE (__heap_end = __HeapLimit)
                [!provide]                        PROVIDE (__tls_align = MAX (ALIGNOF (.tdata), ALIGNOF (.tbss)))
                [!provide]                        PROVIDE (__tls_size_align = (((__tls_size + __tls_align) - 0x1) & ~ ((__tls_align - 0x1))))
                [!provide]                        PROVIDE (__arm32_tls_tcb_offset = MAX (0x8, __tls_align))
                [!provide]                        PROVIDE (_end = __end__)
                [!provide]                        PROVIDE (__llvm_libc_heap_limit = __HeapLimit)
                0x0000000000000001                ASSERT ((__StackLimit >= __HeapLimit), region RAM overflowed)
                0x0000000000000001                ASSERT (((__binary_info_header_end - __logical_binary_start) <= 0x100), Binary info must be in first 256 bytes of the binary)
LOAD CMakeFiles/gpio_interfacing.dir/main.c.o
LOAD CMakeFiles/gpio_interfacing.dir/home/akshat/Pico_Programming/pico-sdk/src/rp2_common/pico_stdlib/stdlib.c.o
LOAD CMakeFiles/gpio_interfacing.dir/home/akshat/Pico_Programming/pico-sdk/src/rp2_common/hardware_gpio/gpio.c.o
LOAD CMakeFiles/gpio_interfacing.dir/home/akshat/Pico_Programming/pico-sdk/src/rp2040/pico_platform/platform.c.o
LOAD CMakeFiles/gpio_interfacing.dir/home/akshat/Pico_Programming/pico-sdk/src/rp2_common/pico_platform_common/common.c.o
LOAD CMakeFiles/gpio_interfacing.dir/home/akshat/Pico_Programming/pico-sdk/src/rp2_common/pico_platform_panic/panic.c.o
LOAD CMakeFiles/gpio_interfacing.dir/home/akshat/Pico_Programming/pico-sdk/src/common/hardware_claim/claim.c.o
LOAD CMakeFiles/gpio_interfacing.dir/home/akshat/Pico_Programming/pico-sdk/src/rp2_common/hardware_sync/sync.c.o
LOAD CMakeFiles/gpio_interfacing.dir/home/akshat/Pico_Programming/pico-sdk/src/rp2_common/hardware_sync_spin_lock/sync_spin_lock.c.o
LOAD CMakeFiles/gpio_interfacing.dir/home/akshat/Pico_Programming/pico-sdk/src/rp2_common/hardware_irq/irq.c.o
LOAD CMakeFiles/gpio_interfacing.dir/home/akshat/Pico_Programming/pico-sdk/src/rp2_common/hardware_irq/irq_handler_chain.S.o
LOAD CMakeFiles/gpio_interfacing.dir/home/akshat/Pico_Programming/pico-sdk/src/common/pico_sync/sem.c.o
LOAD CMakeFiles/gpio_interfacing.dir/home/akshat/Pico_Programming/pico-sdk/src/common/pico_sync/lock_core.c.o
LOAD CMakeFiles/gpio_interfacing.dir/home/akshat/Pico_Programming/pico-sdk/src/common/pico_sync/mutex.c.o
LOAD CMakeFiles/gpio_interfacing.dir/home/akshat/Pico_Programming/pico-sdk/src/common/pico_sync/critical_section.c.o
LOAD CMakeFiles/gpio_interfacing.dir/home/akshat/Pico_Programming/pico-sdk/src/common/pico_time/time.c.o
LOAD CMakeFiles/gpio_interfacing.dir/home/akshat/Pico_Programming/pico-sdk/src/common/pico_time/timeout_helper.c.o
LOAD CMakeFiles/gpio_interfacing.dir/home/akshat/Pico_Programming/pico-sdk/src/rp2_common/hardware_timer/timer.c.o
LOAD CMakeFiles/gpio_interfacing.dir/home/akshat/Pico_Programming/pico-sdk/src/common/pico_util/datetime.c.o
LOAD CMakeFiles/gpio_interfacing.dir/home/akshat/Pico_Programming/pico-sdk/src/common/pico_util/pheap.c.o
LOAD CMakeFiles/gpio_interfacing.dir/home/akshat/Pico_Programming/pico-sdk/src/common/pico_util/queue.c.o
LOAD CMakeFiles/gpio_interfacing.dir/home/akshat/Pico_Programming/pico-sdk/src/rp2_common/hardware_uart/uart.c.o
LOAD CMakeFiles/gpio_interfacing.dir/home/akshat/Pico_Programming/pico-sdk/src/rp2_common/hardware_clocks/clocks.c.o
LOAD CMakeFiles/gpio_interfacing.dir/home/akshat/Pico_Programming/pico-sdk/src/rp2_common/hardware_pll/pll.c.o
LOAD CMakeFiles/gpio_interfacing.dir/home/akshat/Pico_Programming/pico-sdk/src/rp2_common/hardware_vreg/vreg.c.o
LOAD CMakeFiles/gpio_interfacing.dir/home/akshat/Pico_Programming/pico-sdk/src/rp2_common/hardware_watchdog/watchdog.c.o
LOAD CMakeFiles/gpio_interfacing.dir/home/akshat/Pico_Programming/pico-sdk/src/rp2_common/hardware_ticks/ticks.c.o
LOAD CMakeFiles/gpio_interfacing.dir/home/akshat/Pico_Programming/pico-sdk/src/rp2_common/pico_bootrom/bootrom.c.o
LOAD CMakeFiles/gpio_interfacing.dir/home/akshat/Pico_Programming/pico-sdk/src/rp2_common/pico_bootrom/bootrom_lock.c.o
LOAD CMakeFiles/gpio_interfacing.dir/home/akshat/Pico_Programming/pico-sdk/src/rp2_common/hardware_boot_lock/boot_lock.c.o
LOAD CMakeFiles/gpio_interfacing.dir/home/akshat/Pico_Programming/pico-sdk/src/rp2_common/pico_flash/flash.c.o
LOAD CMakeFiles/gpio_interfacing.dir/home/akshat/Pico_Programming/pico-sdk/src/rp2_common/hardware_xosc/xosc.c.o
LOAD CMakeFiles/gpio_interfacing.dir/home/akshat/Pico_Programming/pico-sdk/src/rp2_common/hardware_divider/divider.S.o
LOAD CMakeFiles/gpio_interfacing.dir/home/akshat/Pico_Programming/pico-sdk/src/rp2_common/pico_runtime/runtime.c.o
LOAD CMakeFiles/gpio_interfacing.dir/home/akshat/Pico_Programming/pico-sdk/src/rp2_common/pico_runtime_init/runtime_init.c.o
LOAD CMakeFiles/gpio_interfacing.dir/home/akshat/Pico_Programming/pico-sdk/src/rp2_common/pico_runtime_init/runtime_init_clocks.c.o
LOAD CMakeFiles/gpio_interfacing.dir/home/akshat/Pico_Programming/pico-sdk/src/rp2_common/pico_runtime_init/runtime_init_stack_guard.c.o
LOAD CMakeFiles/gpio_interfacing.dir/home/akshat/Pico_Programming/pico-sdk/src/rp2_common/pico_bit_ops/bit_ops_aeabi.S.o
LOAD CMakeFiles/gpio_interfacing.dir/home/akshat/Pico_Programming/pico-sdk/src/rp2_common/pico_divider/divider_hardware.S.o
LOAD CMakeFiles/gpio_interfacing.dir/home/akshat/Pico_Programming/pico-sdk/src/rp2_common/pico_double/double_aeabi_rp2040.S.o
LOAD CMakeFiles/gpio_interfacing.dir/home/akshat/Pico_Programming/pico-sdk/src/rp2_common/pico_double/double_init_rom_rp2040.c.o
LOAD CMakeFiles/gpio_interfacing.dir/home/akshat/Pico_Programming/pico-sdk/src/rp2_common/pico_double/double_math.c.o
LOAD CMakeFiles/gpio_interfacing.dir/home/akshat/Pico_Programming/pico-sdk/src/rp2_common/pico_double/double_v1_rom_shim_rp2040.S.o
LOAD CMakeFiles/gpio_interfacing.dir/home/akshat/Pico_Programming/pico-sdk/src/rp2_common/pico_int64_ops/pico_int64_ops_aeabi.S.o
LOAD CMakeFiles/gpio_interfacing.dir/home/akshat/Pico_Programming/pico-sdk/src/rp2_common/pico_float/float_aeabi_rp2040.S.o
LOAD CMakeFiles/gpio_interfacing.dir/home/akshat/Pico_Programming/pico-sdk/src/rp2_common/pico_float/float_init_rom_rp2040.c.o
LOAD CMakeFiles/gpio_interfacing.dir/home/akshat/Pico_Programming/pico-sdk/src/rp2_common/pico_float/float_math.c.o
LOAD CMakeFiles/gpio_interfacing.dir/home/akshat/Pico_Programming/pico-sdk/src/rp2_common/pico_float/float_v1_rom_shim_rp2040.S.o
LOAD CMakeFiles/gpio_interfacing.dir/home/akshat/Pico_Programming/pico-sdk/src/rp2_common/pico_malloc/malloc.c.o
LOAD CMakeFiles/gpio_interfacing.dir/home/akshat/Pico_Programming/pico-sdk/src/rp2_common/pico_mem_ops/mem_ops_aeabi.S.o
LOAD CMakeFiles/gpio_interfacing.dir/home/akshat/Pico_Programming/pico-sdk/src/rp2_common/pico_atomic/atomic.c.o
LOAD CMakeFiles/gpio_interfacing.dir/home/akshat/Pico_Programming/pico-sdk/src/rp2_common/pico_cxx_options/new_delete.cpp.o
LOAD CMakeFiles/gpio_interfacing.dir/home/akshat/Pico_Programming/pico-sdk/src/rp2_common/pico_standard_binary_info/standard_binary_info.c.o
LOAD CMakeFiles/gpio_interfacing.dir/home/akshat/Pico_Programming/pico-sdk/src/rp2_common/pico_printf/printf.c.o
LOAD CMakeFiles/gpio_interfacing.dir/home/akshat/Pico_Programming/pico-sdk/src/rp2_common/pico_crt0/crt0.S.o
LOAD CMakeFiles/gpio_interfacing.dir/home/akshat/Pico_Programming/pico-sdk/src/rp2_common/pico_clib_interface/newlib_interface.c.o
LOAD CMakeFiles/gpio_interfacing.dir/home/akshat/Pico_Programming/pico-sdk/src/rp2_common/pico_stdio/stdio.c.o
LOAD CMakeFiles/gpio_interfacing.dir/home/akshat/Pico_Programming/pico-sdk/src/rp2_common/pico_stdio_usb/reset_interface.c.o
LOAD CMakeFiles/gpio_interfacing.dir/home/akshat/Pico_Programming/pico-sdk/src/rp2_common/pico_stdio_usb/stdio_usb.c.o